Archive member included to satisfy reference by file (symbol)

/usr/local/Cellar/avr-gcc/9.1.0/lib/avr-gcc/9/gcc/avr/9.1.0/../../../../../../avr/lib/avr35/libm.a(fixsfsi.o)
                              obj_adb_usb/common/mousekey.o (__fixsfsi)
/usr/local/Cellar/avr-gcc/9.1.0/lib/avr-gcc/9/gcc/avr/9.1.0/../../../../../../avr/lib/avr35/libm.a(fixunssfsi.o)
                              /usr/local/Cellar/avr-gcc/9.1.0/lib/avr-gcc/9/gcc/avr/9.1.0/../../../../../../avr/lib/avr35/libm.a(fixsfsi.o) (__fixunssfsi)
/usr/local/Cellar/avr-gcc/9.1.0/lib/avr-gcc/9/gcc/avr/9.1.0/../../../../../../avr/lib/avr35/libm.a(floatsisf.o)
                              obj_adb_usb/common/mousekey.o (__floatsisf)
/usr/local/Cellar/avr-gcc/9.1.0/lib/avr-gcc/9/gcc/avr/9.1.0/../../../../../../avr/lib/avr35/libm.a(fp_split3.o)
                              /usr/local/Cellar/avr-gcc/9.1.0/lib/avr-gcc/9/gcc/avr/9.1.0/../../../../../../avr/lib/avr35/libm.a(fixunssfsi.o) (__fp_splitA)
/usr/local/Cellar/avr-gcc/9.1.0/lib/avr-gcc/9/gcc/avr/9.1.0/../../../../../../avr/lib/avr35/libm.a(fp_zero.o)
                              /usr/local/Cellar/avr-gcc/9.1.0/lib/avr-gcc/9/gcc/avr/9.1.0/../../../../../../avr/lib/avr35/libm.a(fixunssfsi.o) (__fp_zero)
/usr/local/Cellar/avr-gcc/9.1.0/lib/avr-gcc/9/gcc/avr/9.1.0/../../../../../../avr/lib/avr35/libm.a(mulsf3.o)
                              obj_adb_usb/common/mousekey.o (__mulsf3)
/usr/local/Cellar/avr-gcc/9.1.0/lib/avr-gcc/9/gcc/avr/9.1.0/../../../../../../avr/lib/avr35/libm.a(mulsf3x.o)
                              /usr/local/Cellar/avr-gcc/9.1.0/lib/avr-gcc/9/gcc/avr/9.1.0/../../../../../../avr/lib/avr35/libm.a(mulsf3.o) (__mulsf3x)
/usr/local/Cellar/avr-gcc/9.1.0/lib/avr-gcc/9/gcc/avr/9.1.0/../../../../../../avr/lib/avr35/libm.a(fp_inf.o)
                              /usr/local/Cellar/avr-gcc/9.1.0/lib/avr-gcc/9/gcc/avr/9.1.0/../../../../../../avr/lib/avr35/libm.a(mulsf3x.o) (__fp_inf)
/usr/local/Cellar/avr-gcc/9.1.0/lib/avr-gcc/9/gcc/avr/9.1.0/../../../../../../avr/lib/avr35/libm.a(fp_nan.o)
                              /usr/local/Cellar/avr-gcc/9.1.0/lib/avr-gcc/9/gcc/avr/9.1.0/../../../../../../avr/lib/avr35/libm.a(mulsf3x.o) (__fp_nan)
/usr/local/Cellar/avr-gcc/9.1.0/lib/avr-gcc/9/gcc/avr/9.1.0/../../../../../../avr/lib/avr35/libm.a(fp_pscA.o)
                              /usr/local/Cellar/avr-gcc/9.1.0/lib/avr-gcc/9/gcc/avr/9.1.0/../../../../../../avr/lib/avr35/libm.a(mulsf3x.o) (__fp_pscA)
/usr/local/Cellar/avr-gcc/9.1.0/lib/avr-gcc/9/gcc/avr/9.1.0/../../../../../../avr/lib/avr35/libm.a(fp_pscB.o)
                              /usr/local/Cellar/avr-gcc/9.1.0/lib/avr-gcc/9/gcc/avr/9.1.0/../../../../../../avr/lib/avr35/libm.a(mulsf3x.o) (__fp_pscB)
/usr/local/Cellar/avr-gcc/9.1.0/lib/avr-gcc/9/gcc/avr/9.1.0/../../../../../../avr/lib/avr35/libm.a(fp_round.o)
                              /usr/local/Cellar/avr-gcc/9.1.0/lib/avr-gcc/9/gcc/avr/9.1.0/../../../../../../avr/lib/avr35/libm.a(mulsf3.o) (__fp_round)
/usr/local/Cellar/avr-gcc/9.1.0/lib/avr-gcc/9/gcc/avr/9.1.0/avr35/libgcc.a(_mulhi3.o)
                              obj_adb_usb/matrix.o (__mulhi3)
/usr/local/Cellar/avr-gcc/9.1.0/lib/avr-gcc/9/gcc/avr/9.1.0/avr35/libgcc.a(_divmodhi4.o)
                              obj_adb_usb/common/mousekey.o (__divmodhi4)
/usr/local/Cellar/avr-gcc/9.1.0/lib/avr-gcc/9/gcc/avr/9.1.0/avr35/libgcc.a(_exit.o)
                              /usr/local/Cellar/avr-gcc/9.1.0/lib/avr-gcc/9/gcc/avr/9.1.0/../../../../../../avr/lib/avr35/crtatmega32u2.o (exit)
/usr/local/Cellar/avr-gcc/9.1.0/lib/avr-gcc/9/gcc/avr/9.1.0/avr35/libgcc.a(_tablejump2.o)
                              obj_adb_usb/matrix.o (__tablejump2__)
/usr/local/Cellar/avr-gcc/9.1.0/lib/avr-gcc/9/gcc/avr/9.1.0/avr35/libgcc.a(_copy_data.o)
                              obj_adb_usb/matrix.o (__do_copy_data)
/usr/local/Cellar/avr-gcc/9.1.0/lib/avr-gcc/9/gcc/avr/9.1.0/avr35/libgcc.a(_clear_bss.o)
                              obj_adb_usb/matrix.o (__do_clear_bss)
/usr/local/Cellar/avr-gcc/9.1.0/lib/avr-gcc/9/gcc/avr/9.1.0/avr35/libgcc.a(_popcounthi2.o)
                              obj_adb_usb/common/util.o (__popcounthi2)
/usr/local/Cellar/avr-gcc/9.1.0/lib/avr-gcc/9/gcc/avr/9.1.0/avr35/libgcc.a(_popcountsi2.o)
                              obj_adb_usb/common/util.o (__popcountsi2)
/usr/local/Cellar/avr-gcc/9.1.0/lib/avr-gcc/9/gcc/avr/9.1.0/avr35/libgcc.a(_popcountqi2.o)
                              /usr/local/Cellar/avr-gcc/9.1.0/lib/avr-gcc/9/gcc/avr/9.1.0/avr35/libgcc.a(_popcounthi2.o) (__popcountqi2)
/usr/local/Cellar/avr-gcc/9.1.0/lib/avr-gcc/9/gcc/avr/9.1.0/avr35/libgcc.a(_udivmodhi4.o)
                              /usr/local/Cellar/avr-gcc/9.1.0/lib/avr-gcc/9/gcc/avr/9.1.0/avr35/libgcc.a(_divmodhi4.o) (__udivmodhi4)
/usr/local/Cellar/avr-gcc/9.1.0/lib/avr-gcc/9/gcc/avr/9.1.0/../../../../../../avr/lib/avr35/libatmega32u2.a(eerd_byte.o)
[...]
Memory Configuration

Name             Origin             Length             Attributes
text             0x0000000000000000 0x0000000000010000 xr
keymap           0x0000000000006800 0x0000000000000800 rw !x
data             0x0000000000800060 0x000000000000ffa0 rw !x
eeprom           0x0000000000810000 0x0000000000010000 rw !x
fuse             0x0000000000820000 0x0000000000000400 rw !x
lock             0x0000000000830000 0x0000000000000400 rw !x
signature        0x0000000000840000 0x0000000000000400 rw !x
*default*        0x0000000000000000 0xffffffffffffffff

Linker script and memory map

Address of section .data set to 0x800100
LOAD /usr/local/Cellar/avr-gcc/9.1.0/lib/avr-gcc/9/gcc/avr/9.1.0/../../../../../../avr/lib/avr35/crtatmega32u2.o
LOAD obj_adb_usb/unimap_plain.o
LOAD obj_adb_usb/matrix.o
LOAD obj_adb_usb/adb.o
LOAD obj_adb_usb/protocol/lufa/lufa.o
LOAD obj_adb_usb/protocol/lufa/descriptor.o
LOAD obj_adb_usb/protocol/lufa/LUFA-git/LUFA/Drivers/USB/Class/Common/HIDParser.o
LOAD obj_adb_usb/protocol/lufa/LUFA-git/LUFA/Drivers/USB/Core/AVR8/Device_AVR8.o
LOAD obj_adb_usb/protocol/lufa/LUFA-git/LUFA/Drivers/USB/Core/AVR8/EndpointStream_AVR8.o
LOAD obj_adb_usb/protocol/lufa/LUFA-git/LUFA/Drivers/USB/Core/AVR8/Endpoint_AVR8.o
LOAD obj_adb_usb/protocol/lufa/LUFA-git/LUFA/Drivers/USB/Core/AVR8/Host_AVR8.o
LOAD obj_adb_usb/protocol/lufa/LUFA-git/LUFA/Drivers/USB/Core/AVR8/PipeStream_AVR8.o
LOAD obj_adb_usb/protocol/lufa/LUFA-git/LUFA/Drivers/USB/Core/AVR8/Pipe_AVR8.o
LOAD obj_adb_usb/protocol/lufa/LUFA-git/LUFA/Drivers/USB/Core/AVR8/USBController_AVR8.o
LOAD obj_adb_usb/protocol/lufa/LUFA-git/LUFA/Drivers/USB/Core/AVR8/USBInterrupt_AVR8.o
LOAD obj_adb_usb/protocol/lufa/LUFA-git/LUFA/Drivers/USB/Core/ConfigDescriptors.o
LOAD obj_adb_usb/protocol/lufa/LUFA-git/LUFA/Drivers/USB/Core/DeviceStandardReq.o
LOAD obj_adb_usb/protocol/lufa/LUFA-git/LUFA/Drivers/USB/Core/Events.o
LOAD obj_adb_usb/protocol/lufa/LUFA-git/LUFA/Drivers/USB/Core/HostStandardReq.o
LOAD obj_adb_usb/protocol/lufa/LUFA-git/LUFA/Drivers/USB/Core/USBTask.o
LOAD obj_adb_usb/common/host.o
LOAD obj_adb_usb/common/keyboard.o
LOAD obj_adb_usb/common/matrix.o
LOAD obj_adb_usb/common/action.o
LOAD obj_adb_usb/common/action_tapping.o
LOAD obj_adb_usb/common/action_macro.o
LOAD obj_adb_usb/common/action_layer.o
LOAD obj_adb_usb/common/action_util.o
LOAD obj_adb_usb/common/print.o
LOAD obj_adb_usb/common/debug.o
LOAD obj_adb_usb/common/util.o
LOAD obj_adb_usb/common/hook.o
LOAD obj_adb_usb/common/avr/suspend.o
LOAD obj_adb_usb/common/avr/xprintf.o
LOAD obj_adb_usb/common/avr/timer.o
LOAD obj_adb_usb/common/avr/bootloader.o
LOAD obj_adb_usb/common/unimap.o
LOAD obj_adb_usb/common/mousekey.o
LOAD obj_adb_usb/common/command.o
LOAD /usr/local/Cellar/avr-gcc/9.1.0/lib/avr-gcc/9/gcc/avr/9.1.0/../../../../../../avr/lib/avr35/libm.a

.hash
 *(.hash)

.dynsym
 *(.dynsym)

.dynstr
 *(.dynstr)

.gnu.version
 *(.gnu.version)

.gnu.version_d
 *(.gnu.version_d)

.gnu.version_r
 *(.gnu.version_r)

.rel.init
 *(.rel.init)

.rela.init
 *(.rela.init)

.rel.text
 *(.rel.text)
 *(.rel.text.*)
 *(.rel.gnu.linkonce.t*)

.rela.text
 *(.rela.text)
 *(.rela.text.*)
 *(.rela.gnu.linkonce.t*)

.rel.fini
 *(.rel.fini)

.rela.fini
 *(.rela.fini)

.rel.rodata
 *(.rel.rodata)
 *(.rel.rodata.*)
 *(.rel.gnu.linkonce.r*)

.rela.rodata
 *(.rela.rodata)
 *(.rela.rodata.*)
 *(.rela.gnu.linkonce.r*)

.rel.data
 *(.rel.data)
 *(.rel.data.*)
 *(.rel.gnu.linkonce.d*)

.rela.data
 *(.rela.data)
 *(.rela.data.*)
 *(.rela.gnu.linkonce.d*)

.rel.ctors
 *(.rel.ctors)

.rela.ctors
 *(.rela.ctors)

.rel.dtors
 *(.rel.dtors)

.rela.dtors
 *(.rela.dtors)

.rel.got
 *(.rel.got)

.rela.got
 *(.rela.got)

.rel.bss
 *(.rel.bss)

.rela.bss
 *(.rela.bss)

.rel.plt
 *(.rel.plt)

.rela.plt
 *(.rela.plt)

.text           0x0000000000000000     0x577e
 *(.vectors)
 .vectors       0x0000000000000000       0x74 /usr/local/Cellar/avr-gcc/9.1.0/lib/avr-gcc/9/gcc/avr/9.1.0/../../../../../../avr/lib/avr35/crtatmega32u2.o
                0x0000000000000000                __vectors
                0x0000000000000000                __vector_default
 *(.vectors)
 *(.progmem.gcc*)
 *(.progmem*)
 .progmem.data.unimap_trans
                0x0000000000000074       0x80 obj_adb_usb/unimap_plain.o
                0x0000000000000074                unimap_trans
 .progmem.data.__c.2400
                0x00000000000000f4        0x2 obj_adb_usb/matrix.o
 .progmem.data.__c.2398
                0x00000000000000f6        0x5 obj_adb_usb/matrix.o
 .progmem.data.__c.2396
                0x00000000000000fb       0x14 obj_adb_usb/matrix.o
 .progmem.data.__c.2394
                0x000000000000010f       0x13 obj_adb_usb/matrix.o
 .progmem.data.__c.2386
                0x0000000000000122       0x13 obj_adb_usb/matrix.o
 .progmem.data.__c.2369
                0x0000000000000135       0x24 obj_adb_usb/matrix.o
 .progmem.data.__c.2367
                0x0000000000000159        0x3 obj_adb_usb/matrix.o
 .progmem.data.__c.2362
                0x000000000000015c        0x6 obj_adb_usb/matrix.o
 .progmem.data.__c.2359
                0x0000000000000162        0x9 obj_adb_usb/matrix.o
 .progmem.data.__c.2264
                0x000000000000016b       0x15 obj_adb_usb/matrix.o
 .progmem.data.__c.2260
                0x0000000000000180        0x8 obj_adb_usb/matrix.o
 .progmem.data.__c.2337
                0x0000000000000188        0xe obj_adb_usb/matrix.o
 .progmem.data.__c.2333
                0x0000000000000196        0xa obj_adb_usb/matrix.o
 .progmem.data.__c.2331
                0x00000000000001a0        0x9 obj_adb_usb/matrix.o
 .progmem.data.__c.2329
                0x00000000000001a9        0xe obj_adb_usb/matrix.o
 .progmem.data.__c.2327
                0x00000000000001b7        0xa obj_adb_usb/matrix.o
 .progmem.data.__c.2322
                0x00000000000001c1        0x6 obj_adb_usb/matrix.o
 .progmem.data.__c.2319
                0x00000000000001c7        0x7 obj_adb_usb/matrix.o
 .progmem.data.__c.2315
                0x00000000000001ce       0x10 obj_adb_usb/matrix.o
 .progmem.data.__c.2313
                0x00000000000001de       0x10 obj_adb_usb/matrix.o
 .progmem.data.__c.2310
                0x00000000000001ee       0x13 obj_adb_usb/matrix.o
 .progmem.data.__c.2308
                0x0000000000000201        0xb obj_adb_usb/matrix.o
 .progmem.data.__c.2306
                0x000000000000020c       0x13 obj_adb_usb/matrix.o
 .progmem.data.__c.2293
                0x000000000000021f        0x9 obj_adb_usb/matrix.o
 .progmem.data.__c.2291
                0x0000000000000228        0xc obj_adb_usb/matrix.o
 .progmem.data.__c.2289
                0x0000000000000234       0x17 obj_adb_usb/matrix.o
 .progmem.data.__c.2272
                0x000000000000024b        0xc obj_adb_usb/matrix.o
 .progmem.data.__c.1919
                0x0000000000000257        0x2 obj_adb_usb/adb.o
 .progmem.data.__c.1917
                0x0000000000000259        0x2 obj_adb_usb/adb.o
 .progmem.data.__c.1915
                0x000000000000025b        0x2 obj_adb_usb/adb.o
 .progmem.data.__c.5002
                0x000000000000025d       0x12 obj_adb_usb/protocol/lufa/lufa.o
 .progmem.data.__c.5000
                0x000000000000026f       0x12 obj_adb_usb/protocol/lufa/lufa.o
 .progmem.data.__c.4995
                0x0000000000000281       0x16 obj_adb_usb/protocol/lufa/lufa.o
 .progmem.data.ProductString
                0x0000000000000297       0x30 obj_adb_usb/protocol/lufa/descriptor.o
                0x0000000000000297                ProductString
 .progmem.data.ManufacturerString
                0x00000000000002c7       0x10 obj_adb_usb/protocol/lufa/descriptor.o
                0x00000000000002c7                ManufacturerString
 .progmem.data.LanguageString
                0x00000000000002d7        0x4 obj_adb_usb/protocol/lufa/descriptor.o
                0x00000000000002d7                LanguageString
 .progmem.data.ConfigurationDescriptor
                0x00000000000002db       0x74 obj_adb_usb/protocol/lufa/descriptor.o
                0x00000000000002db                ConfigurationDescriptor
 .progmem.data.DeviceDescriptor
                0x000000000000034f       0x12 obj_adb_usb/protocol/lufa/descriptor.o
                0x000000000000034f                DeviceDescriptor
 .progmem.data.ConsoleReport
                0x0000000000000361       0x22 obj_adb_usb/protocol/lufa/descriptor.o
                0x0000000000000361                ConsoleReport
 .progmem.data.ExtrakeyReport
                0x0000000000000383       0x36 obj_adb_usb/protocol/lufa/descriptor.o
                0x0000000000000383                ExtrakeyReport
 .progmem.data.MouseReport
                0x00000000000003b9       0x4d obj_adb_usb/protocol/lufa/descriptor.o
                0x00000000000003b9                MouseReport
 .progmem.data.KeyboardReport
                0x0000000000000406       0x40 obj_adb_usb/protocol/lufa/descriptor.o
                0x0000000000000406                KeyboardReport
 .progmem.data.__c.2142
                0x0000000000000446       0x10 obj_adb_usb/common/host.o
 .progmem.data.__c.2137
                0x0000000000000456        0xe obj_adb_usb/common/host.o
 .progmem.data.__c.2129
                0x0000000000000464        0x2 obj_adb_usb/common/host.o
 .progmem.data.__c.2124
                0x0000000000000466        0x6 obj_adb_usb/common/host.o
 .progmem.data.__c.2121
                0x000000000000046c        0xb obj_adb_usb/common/host.o
 .progmem.data.__c.2451
                0x0000000000000477        0xb obj_adb_usb/common/keyboard.o
 .progmem.data.__c.1775
                0x0000000000000482        0xe obj_adb_usb/common/matrix.o
 .progmem.data.__c.1772
                0x0000000000000490        0xe obj_adb_usb/common/matrix.o
 .progmem.data.__c.2202
                0x000000000000049e        0x3 obj_adb_usb/common/mousekey.o
 .progmem.data.__c.2200
                0x00000000000004a1        0x3 obj_adb_usb/common/mousekey.o
 .progmem.data.__c.2198
                0x00000000000004a4        0x2 obj_adb_usb/common/mousekey.o
 .progmem.data.__c.2196
                0x00000000000004a6        0x3 obj_adb_usb/common/mousekey.o
 .progmem.data.__c.2194
                0x00000000000004a9        0x3 obj_adb_usb/common/mousekey.o
 .progmem.data.__c.2192
                0x00000000000004ac        0x3 obj_adb_usb/common/mousekey.o
 .progmem.data.__c.2190
                0x00000000000004af        0x2 obj_adb_usb/common/mousekey.o
 .progmem.data.__c.2188
                0x00000000000004b1        0x3 obj_adb_usb/common/mousekey.o
 .progmem.data.__c.2186
                0x00000000000004b4        0x2 obj_adb_usb/common/mousekey.o
 .progmem.data.__c.2184
                0x00000000000004b6        0x3 obj_adb_usb/common/mousekey.o
 .progmem.data.__c.2182
                0x00000000000004b9        0x2 obj_adb_usb/common/mousekey.o
 .progmem.data.__c.2180
                0x00000000000004bb        0x3 obj_adb_usb/common/mousekey.o
 .progmem.data.__c.2178
                0x00000000000004be        0x2 obj_adb_usb/common/mousekey.o
 .progmem.data.__c.2176
                0x00000000000004c0        0x5 obj_adb_usb/common/mousekey.o
 .progmem.data.__c.2174
                0x00000000000004c5       0x23 obj_adb_usb/common/mousekey.o
 .progmem.data.__c.2823
                0x00000000000004e8       0x1b obj_adb_usb/common/command.o
 .progmem.data.__c.2820
                0x0000000000000503       0x19 obj_adb_usb/common/command.o
 .progmem.data.__c.2817
                0x000000000000051c       0x15 obj_adb_usb/common/command.o
 .progmem.data.__c.2814
                0x0000000000000531       0x13 obj_adb_usb/common/command.o
 .progmem.data.__c.2811
                0x0000000000000544       0x12 obj_adb_usb/common/command.o
 .progmem.data.__c.2807
                0x0000000000000556        0xf obj_adb_usb/common/command.o
 .progmem.data.__c.2800
                0x0000000000000565       0x1b obj_adb_usb/common/command.o
 .progmem.data.__c.2797
                0x0000000000000580       0x19 obj_adb_usb/common/command.o
 .progmem.data.__c.2794
                0x0000000000000599       0x15 obj_adb_usb/common/command.o
 .progmem.data.__c.2791
                0x00000000000005ae       0x13 obj_adb_usb/common/command.o
 .progmem.data.__c.2788
                0x00000000000005c1       0x12 obj_adb_usb/common/command.o
 .progmem.data.__c.2784
                0x00000000000005d3        0xf obj_adb_usb/common/command.o
 .progmem.data.__c.2777
                0x00000000000005e2        0x2 obj_adb_usb/common/command.o
 .progmem.data.__c.2775
                0x00000000000005e4        0x3 obj_adb_usb/common/command.o
 .progmem.data.__c.2773
                0x00000000000005e7       0x17 obj_adb_usb/common/command.o
 .progmem.data.__c.2771
                0x00000000000005fe        0x2 obj_adb_usb/common/command.o
 .progmem.data.__c.2769
                0x0000000000000600        0x3 obj_adb_usb/common/command.o
 .progmem.data.__c.2767
                0x0000000000000603       0x15 obj_adb_usb/common/command.o
 .progmem.data.__c.2765
                0x0000000000000618        0x2 obj_adb_usb/common/command.o
 .progmem.data.__c.2763
                0x000000000000061a        0x3 obj_adb_usb/common/command.o
 .progmem.data.__c.2761
                0x000000000000061d       0x11 obj_adb_usb/common/command.o
 .progmem.data.__c.2759
                0x000000000000062e        0x2 obj_adb_usb/common/command.o
 .progmem.data.__c.2757
                0x0000000000000630        0x3 obj_adb_usb/common/command.o
 .progmem.data.__c.2755
                0x0000000000000633        0xf obj_adb_usb/common/command.o
 .progmem.data.__c.2753
                0x0000000000000642        0x2 obj_adb_usb/common/command.o
 .progmem.data.__c.2751
                0x0000000000000644        0x3 obj_adb_usb/common/command.o
 .progmem.data.__c.2749
                0x0000000000000647       0x12 obj_adb_usb/common/command.o
 .progmem.data.__c.2747
                0x0000000000000659        0x2 obj_adb_usb/common/command.o
 .progmem.data.__c.2745
                0x000000000000065b        0x3 obj_adb_usb/common/command.o
 .progmem.data.__c.2743
                0x000000000000065e       0x12 obj_adb_usb/common/command.o
 .progmem.data.__c.2741
                0x0000000000000670        0xe obj_adb_usb/common/command.o
 .progmem.data.__c.2861
                0x000000000000067e        0x3 obj_adb_usb/common/command.o
 .progmem.data.__c.2859
                0x0000000000000681        0x6 obj_adb_usb/common/command.o
 .progmem.data.__c.2857
                0x0000000000000687        0x2 obj_adb_usb/common/command.o
 .progmem.data.__c.2854
                0x0000000000000689        0xd obj_adb_usb/common/command.o
 .progmem.data.__c.2840
                0x0000000000000696        0x4 obj_adb_usb/common/command.o
 .progmem.data.__c.2830
                0x000000000000069a       0x4e obj_adb_usb/common/command.o
 .progmem.data.__c.2828
                0x00000000000006e8       0xfb obj_adb_usb/common/command.o
 .progmem.data.__c.2733
                0x00000000000007e3        0x2 obj_adb_usb/common/command.o
 .progmem.data.__c.2730
                0x00000000000007e5        0x4 obj_adb_usb/common/command.o
 .progmem.data.__c.2735
                0x00000000000007e9        0x4 obj_adb_usb/common/command.o
 .progmem.data.__c.2879
                0x00000000000007ed        0x5 obj_adb_usb/common/command.o
 .progmem.data.__c.2719
                0x00000000000007f2       0x27 obj_adb_usb/common/command.o
 .progmem.data.__c.2649
                0x0000000000000819       0x93 obj_adb_usb/common/command.o
 .progmem.data.__c.2714
                0x00000000000008ac        0x2 obj_adb_usb/common/command.o
 .progmem.data.__c.2705
                0x00000000000008ae       0x17 obj_adb_usb/common/command.o
 .progmem.data.__c.2703
                0x00000000000008c5       0x13 obj_adb_usb/common/command.o
 .progmem.data.__c.2701
                0x00000000000008d8       0x17 obj_adb_usb/common/command.o
 .progmem.data.__c.2699
                0x00000000000008ef       0x1a obj_adb_usb/common/command.o
 .progmem.data.__c.2697
                0x0000000000000909        0xe obj_adb_usb/common/command.o
 .progmem.data.__c.2694
                0x0000000000000917       0x2c obj_adb_usb/common/command.o
 .progmem.data.__c.2692
                0x0000000000000943       0x45 obj_adb_usb/common/command.o
 .progmem.data.__c.2690
                0x0000000000000988       0x28 obj_adb_usb/common/command.o
 .progmem.data.__c.2688
                0x00000000000009b0       0x45 obj_adb_usb/common/command.o
 .progmem.data.__c.2686
                0x00000000000009f5       0x23 obj_adb_usb/common/command.o
 .progmem.data.__c.2684
                0x0000000000000a18        0xf obj_adb_usb/common/command.o
 .progmem.data.__c.2681
                0x0000000000000a27        0xd obj_adb_usb/common/command.o
 .progmem.data.__c.2679
                0x0000000000000a34        0xc obj_adb_usb/common/command.o
 .progmem.data.__c.2676
                0x0000000000000a40       0x10 obj_adb_usb/common/command.o
 .progmem.data.__c.2674
                0x0000000000000a50        0xf obj_adb_usb/common/command.o
 .progmem.data.__c.2671
                0x0000000000000a5f        0xe obj_adb_usb/common/command.o
 .progmem.data.__c.2669
                0x0000000000000a6d        0xd obj_adb_usb/common/command.o
 .progmem.data.__c.2666
                0x0000000000000a7a        0xc obj_adb_usb/common/command.o
 .progmem.data.__c.2664
                0x0000000000000a86        0xd obj_adb_usb/common/command.o
 .progmem.data.__c.2661
                0x0000000000000a93       0x11 obj_adb_usb/common/command.o
 .progmem.data.__c.2658
                0x0000000000000aa4        0x4 obj_adb_usb/common/command.o
                0x0000000000000aa8                . = ALIGN (0x2)
                0x0000000000000aa8                __trampolines_start = .
 *(.trampolines)
 .trampolines   0x0000000000000aa8        0x0 linker stubs
 *(.trampolines*)
                0x0000000000000aa8                __trampolines_end = .
 *(.jumptables)
 *(.jumptables*)
 .jumptables.gcc.matrix_init
                0x0000000000000aa8       0x34 obj_adb_usb/matrix.o
 .jumptables.gcc.USB_Device_ProcessControlRequest
                0x0000000000000adc       0x14 obj_adb_usb/protocol/lufa/LUFA-git/LUFA/Drivers/USB/Core/DeviceStandardReq.o
 .jumptables.gcc.process_action
                0x0000000000000af0       0x20 obj_adb_usb/common/action.o
 .jumptables.gcc.command_common
                0x0000000000000b10       0x48 obj_adb_usb/common/command.o
 *(.lowtext)
 *(.lowtext*)
                0x0000000000000b58                __ctors_start = .
 *(.ctors)
                0x0000000000000b58                __ctors_end = .
                0x0000000000000b58                __dtors_start = .
 *(.dtors)
                0x0000000000000b58                __dtors_end = .
 SORT_BY_NAME(*)(.ctors)
 SORT_BY_NAME(*)(.dtors)
 *(.init0)
 .init0         0x0000000000000b58        0x0 /usr/local/Cellar/avr-gcc/9.1.0/lib/avr-gcc/9/gcc/avr/9.1.0/../../../../../../avr/lib/avr35/crtatmega32u2.o
                0x0000000000000b58                __init
 *(.init0)
 *(.init1)
 *(.init1)
 *(.init2)
 .init2         0x0000000000000b58        0xc /usr/local/Cellar/avr-gcc/9.1.0/lib/avr-gcc/9/gcc/avr/9.1.0/../../../../../../avr/lib/avr35/crtatmega32u2.o
 *(.init2)
 *(.init3)
 .init3         0x0000000000000b64       0x54 obj_adb_usb/common/avr/bootloader.o
                0x0000000000000b64                bootloader_jump_after_watchdog_reset
 *(.init3)
 *(.init4)
 .init4         0x0000000000000bb8       0x16 /usr/local/Cellar/avr-gcc/9.1.0/lib/avr-gcc/9/gcc/avr/9.1.0/avr35/libgcc.a(_copy_data.o)
                0x0000000000000bb8                __do_copy_data
 .init4         0x0000000000000bce       0x10 /usr/local/Cellar/avr-gcc/9.1.0/lib/avr-gcc/9/gcc/avr/9.1.0/avr35/libgcc.a(_clear_bss.o)
                0x0000000000000bce                __do_clear_bss
 *(.init4)
 *(.init5)
 *(.init5)
 *(.init6)
 *(.init6)
 *(.init7)
 *(.init7)
 *(.init8)
 *(.init8)
 *(.init9)
 .init9         0x0000000000000bde        0x8 /usr/local/Cellar/avr-gcc/9.1.0/lib/avr-gcc/9/gcc/avr/9.1.0/../../../../../../avr/lib/avr35/crtatmega32u2.o
 *(.init9)
 *(.text)
 .text          0x0000000000000be6        0x4 /usr/local/Cellar/avr-gcc/9.1.0/lib/avr-gcc/9/gcc/avr/9.1.0/../../../../../../avr/lib/avr35/crtatmega32u2.o
                0x0000000000000be6                __vector_20
                0x0000000000000be6                __vector_28
                0x0000000000000be6                __vector_1
                0x0000000000000be6                __vector_24
                0x0000000000000be6                __bad_interrupt
                0x0000000000000be6                __vector_6
                0x0000000000000be6                __vector_3
                0x0000000000000be6                __vector_23
                0x0000000000000be6                __vector_25
                0x0000000000000be6                __vector_17
                0x0000000000000be6                __vector_7
                0x0000000000000be6                __vector_27
                0x0000000000000be6                __vector_5
                0x0000000000000be6                __vector_4
                0x0000000000000be6                __vector_9
                0x0000000000000be6                __vector_2
                0x0000000000000be6                __vector_21
                0x0000000000000be6                __vector_15
                0x0000000000000be6                __vector_8
                0x0000000000000be6                __vector_26
                0x0000000000000be6                __vector_14
                0x0000000000000be6                __vector_10
                0x0000000000000be6                __vector_16
                0x0000000000000be6                __vector_18
                0x0000000000000be6                __vector_22
 .text          0x0000000000000bea      0x15c obj_adb_usb/common/avr/xprintf.o
                0x0000000000000bea                xputc
                0x0000000000000c02                xputs
                0x0000000000000c10                xitoa
                0x0000000000000d34                __xprintf
                0x0000000000000d46                . = ALIGN (0x2)
 *(.text.*)
 .text.register_key
                0x0000000000000d46       0x32 obj_adb_usb/matrix.o
 .text.device_scan
                0x0000000000000d78       0x5c obj_adb_usb/matrix.o
 .text.mouse_init.constprop.0
                0x0000000000000dd4      0x326 obj_adb_usb/matrix.o
 .text.adb_mouse_task
                0x00000000000010fa      0x302 obj_adb_usb/matrix.o
                0x00000000000010fa                adb_mouse_task
 .text.matrix_scan
                0x00000000000013fc      0x1a8 obj_adb_usb/matrix.o
                0x00000000000013fc                matrix_scan
 .text.matrix_get_row
                0x00000000000015a4        0xc obj_adb_usb/matrix.o
                0x00000000000015a4                matrix_get_row
 .text.led_set  0x00000000000015b0        0xa obj_adb_usb/matrix.o
                0x00000000000015b0                led_set
 .text.matrix_init
                0x00000000000015ba      0x12a obj_adb_usb/matrix.o
                0x00000000000015ba                matrix_init
 .text.place_bit0
                0x00000000000016e4       0x1a obj_adb_usb/adb.o
 .text.place_bit1
                0x00000000000016fe       0x1a obj_adb_usb/adb.o
 .text.send_byte
                0x0000000000001718       0x50 obj_adb_usb/adb.o
 .text.attention
                0x0000000000001768       0x12 obj_adb_usb/adb.o
 .text.wait_data_lo
                0x000000000000177a       0x12 obj_adb_usb/adb.o
 .text.wait_data_hi
                0x000000000000178c       0x12 obj_adb_usb/adb.o
 .text.adb_host_init
                0x000000000000179e        0x6 obj_adb_usb/adb.o
                0x000000000000179e                adb_host_init
 .text.adb_mouse_init
                0x00000000000017a4        0x2 obj_adb_usb/adb.o
                0x00000000000017a4                adb_mouse_init
 .text.adb_host_talk_buf
                0x00000000000017a6      0x114 obj_adb_usb/adb.o
                0x00000000000017a6                adb_host_talk_buf
 .text.adb_host_talk
                0x00000000000018ba       0x46 obj_adb_usb/adb.o
                0x00000000000018ba                adb_host_talk
 .text.adb_host_kbd_recv
                0x0000000000001900        0x6 obj_adb_usb/adb.o
                0x0000000000001900                adb_host_kbd_recv
 .text.adb_host_listen_buf
                0x0000000000001906       0x70 obj_adb_usb/adb.o
                0x0000000000001906                adb_host_listen_buf
 .text.adb_host_listen
                0x0000000000001976       0x24 obj_adb_usb/adb.o
                0x0000000000001976                adb_host_listen
 .text.adb_host_flush
                0x000000000000199a       0x2c obj_adb_usb/adb.o
                0x000000000000199a                adb_host_flush
 .text.adb_host_kbd_led
                0x00000000000019c6        0xc obj_adb_usb/adb.o
                0x00000000000019c6                adb_host_kbd_led
 .text.keyboard_leds
                0x00000000000019d2        0x6 obj_adb_usb/protocol/lufa/lufa.o
 .text.send_consumer
                0x00000000000019d8       0x66 obj_adb_usb/protocol/lufa/lufa.o
 .text.send_system
                0x0000000000001a3e       0x6e obj_adb_usb/protocol/lufa/lufa.o
 .text.send_mouse
                0x0000000000001aac       0x46 obj_adb_usb/protocol/lufa/lufa.o
 .text.send_keyboard
                0x0000000000001af2       0x6c obj_adb_usb/protocol/lufa/lufa.o
 .text.console_is_ready
                0x0000000000001b5e       0x42 obj_adb_usb/protocol/lufa/lufa.o
 .text.sendchar
                0x0000000000001ba0       0xea obj_adb_usb/protocol/lufa/lufa.o
                0x0000000000001ba0                sendchar
 .text.EVENT_USB_Device_Reset
                0x0000000000001c8a        0x2 obj_adb_usb/protocol/lufa/lufa.o
                0x0000000000001c8a                EVENT_USB_Device_Reset
 .text.EVENT_USB_Device_StartOfFrame
                0x0000000000001c8c        0x2 obj_adb_usb/protocol/lufa/lufa.o
                0x0000000000001c8c                EVENT_USB_Device_StartOfFrame
 .text.EVENT_USB_Device_ConfigurationChanged
                0x0000000000001c8e       0x28 obj_adb_usb/protocol/lufa/lufa.o
                0x0000000000001c8e                EVENT_USB_Device_ConfigurationChanged
 .text.EVENT_USB_Device_ControlRequest
                0x0000000000001cb6      0x154 obj_adb_usb/protocol/lufa/lufa.o
                0x0000000000001cb6                EVENT_USB_Device_ControlRequest
 .text.hook_early_init
                0x0000000000001e0a        0x2 obj_adb_usb/protocol/lufa/lufa.o
                0x0000000000001e0a                hook_early_init
 .text.hook_late_init
                0x0000000000001e0c        0x2 obj_adb_usb/protocol/lufa/lufa.o
                0x0000000000001e0c                hook_late_init
 .text.hook_usb_suspend_entry
                0x0000000000001e0e       0x14 obj_adb_usb/protocol/lufa/lufa.o
                0x0000000000001e0e                hook_usb_suspend_entry
 .text.EVENT_USB_Device_Suspend
                0x0000000000001e22        0x4 obj_adb_usb/protocol/lufa/lufa.o
                0x0000000000001e22                EVENT_USB_Device_Suspend
 .text.hook_usb_suspend_loop
                0x0000000000001e26       0x18 obj_adb_usb/protocol/lufa/lufa.o
                0x0000000000001e26                hook_usb_suspend_loop
 .text.hook_usb_wakeup
                0x0000000000001e3e        0xe obj_adb_usb/protocol/lufa/lufa.o
                0x0000000000001e3e                hook_usb_wakeup
 .text.EVENT_USB_Device_WakeUp
                0x0000000000001e4c        0x4 obj_adb_usb/protocol/lufa/lufa.o
                0x0000000000001e4c                EVENT_USB_Device_WakeUp
 .text.hook_usb_startup_wait_loop
                0x0000000000001e50        0x2 obj_adb_usb/protocol/lufa/lufa.o
                0x0000000000001e50                hook_usb_startup_wait_loop
 .text.startup.main
                0x0000000000001e52      0x17a obj_adb_usb/protocol/lufa/lufa.o
                0x0000000000001e52                main
 .text.CALLBACK_USB_GetDescriptor
                0x0000000000001fcc       0xac obj_adb_usb/protocol/lufa/descriptor.o
                0x0000000000001fcc                CALLBACK_USB_GetDescriptor
 .text.USB_Device_SendRemoteWakeup
                0x0000000000002078       0x2c obj_adb_usb/protocol/lufa/LUFA-git/LUFA/Drivers/USB/Core/AVR8/Device_AVR8.o
                0x0000000000002078                USB_Device_SendRemoteWakeup
 .text.Endpoint_Write_Stream_LE
                0x00000000000020a4       0x9e obj_adb_usb/protocol/lufa/LUFA-git/LUFA/Drivers/USB/Core/AVR8/EndpointStream_AVR8.o
                0x00000000000020a4                Endpoint_Write_Stream_LE
 .text.Endpoint_Write_Control_Stream_LE
                0x0000000000002142       0xb2 obj_adb_usb/protocol/lufa/LUFA-git/LUFA/Drivers/USB/Core/AVR8/EndpointStream_AVR8.o
                0x0000000000002142                Endpoint_Write_Control_Stream_LE
 .text.Endpoint_Write_Control_PStream_LE
                0x00000000000021f4       0xb4 obj_adb_usb/protocol/lufa/LUFA-git/LUFA/Drivers/USB/Core/AVR8/EndpointStream_AVR8.o
                0x00000000000021f4                Endpoint_Write_Control_PStream_LE
 .text.Endpoint_ConfigureEndpoint_Prv
                0x00000000000022a8       0x68 obj_adb_usb/protocol/lufa/LUFA-git/LUFA/Drivers/USB/Core/AVR8/Endpoint_AVR8.o
                0x00000000000022a8                Endpoint_ConfigureEndpoint_Prv
 .text.Endpoint_ClearStatusStage
                0x0000000000002310       0x3e obj_adb_usb/protocol/lufa/LUFA-git/LUFA/Drivers/USB/Core/AVR8/Endpoint_AVR8.o
                0x0000000000002310                Endpoint_ClearStatusStage
 .text.Endpoint_WaitUntilReady
                0x000000000000234e       0x62 obj_adb_usb/protocol/lufa/LUFA-git/LUFA/Drivers/USB/Core/AVR8/Endpoint_AVR8.o
                0x000000000000234e                Endpoint_WaitUntilReady
 .text.USB_Disable
                0x00000000000023b0       0x2e obj_adb_usb/protocol/lufa/LUFA-git/LUFA/Drivers/USB/Core/AVR8/USBController_AVR8.o
                0x00000000000023b0                USB_Disable
 .text.USB_ResetInterface
                0x00000000000023de       0x78 obj_adb_usb/protocol/lufa/LUFA-git/LUFA/Drivers/USB/Core/AVR8/USBController_AVR8.o
                0x00000000000023de                USB_ResetInterface
 .text.USB_Init
                0x0000000000002456       0x14 obj_adb_usb/protocol/lufa/LUFA-git/LUFA/Drivers/USB/Core/AVR8/USBController_AVR8.o
                0x0000000000002456                USB_Init
 .text.USB_INT_DisableAllInterrupts
                0x000000000000246a        0x6 obj_adb_usb/protocol/lufa/LUFA-git/LUFA/Drivers/USB/Core/AVR8/USBInterrupt_AVR8.o
                0x000000000000246a                USB_INT_DisableAllInterrupts
 .text.USB_INT_ClearAllInterrupts
                0x0000000000002470        0x6 obj_adb_usb/protocol/lufa/LUFA-git/LUFA/Drivers/USB/Core/AVR8/USBInterrupt_AVR8.o
                0x0000000000002470                USB_INT_ClearAllInterrupts
 .text.__vector_11
                0x0000000000002476      0x160 obj_adb_usb/protocol/lufa/LUFA-git/LUFA/Drivers/USB/Core/AVR8/USBInterrupt_AVR8.o
                0x0000000000002476                __vector_11
 .text.__vector_12
                0x00000000000025d6       0x88 obj_adb_usb/protocol/lufa/LUFA-git/LUFA/Drivers/USB/Core/AVR8/USBInterrupt_AVR8.o
                0x00000000000025d6                __vector_12
 .text.USB_Device_ProcessControlRequest
                0x000000000000265e      0x294 obj_adb_usb/protocol/lufa/LUFA-git/LUFA/Drivers/USB/Core/DeviceStandardReq.o
                0x000000000000265e                USB_Device_ProcessControlRequest
 .text.host_set_driver
                0x00000000000028f2        0xa obj_adb_usb/common/host.o
                0x00000000000028f2                host_set_driver
 .text.host_keyboard_leds
                0x00000000000028fc       0x18 obj_adb_usb/common/host.o
                0x00000000000028fc                host_keyboard_leds
 .text.host_keyboard_send
                0x0000000000002914       0x98 obj_adb_usb/common/host.o
                0x0000000000002914                host_keyboard_send
 .text.host_mouse_send
                0x00000000000029ac       0x16 obj_adb_usb/common/host.o
                0x00000000000029ac                host_mouse_send
 .text.host_system_send
                0x00000000000029c2       0x5a obj_adb_usb/common/host.o
                0x00000000000029c2                host_system_send
 .text.host_consumer_send
                0x0000000000002a1c       0x5a obj_adb_usb/common/host.o
                0x0000000000002a1c                host_consumer_send
 .text.keyboard_setup
                0x0000000000002a76        0x4 obj_adb_usb/common/keyboard.o
                0x0000000000002a76                keyboard_setup
 .text.keyboard_init
                0x0000000000002a7a        0xc obj_adb_usb/common/keyboard.o
                0x0000000000002a7a                keyboard_init
 .text.keyboard_task
                0x0000000000002a86      0x15a obj_adb_usb/common/keyboard.o
                0x0000000000002a86                keyboard_task
 .text.keyboard_set_leds
                0x0000000000002be0        0x4 obj_adb_usb/common/keyboard.o
                0x0000000000002be0                keyboard_set_leds
 .text.matrix_clear
                0x0000000000002be4        0x2 obj_adb_usb/common/matrix.o
                0x0000000000002be4                matrix_clear
 .text.matrix_setup
                0x0000000000002be6        0x2 obj_adb_usb/common/matrix.o
                0x0000000000002be6                matrix_setup
 .text.matrix_is_on
                0x0000000000002be8       0x28 obj_adb_usb/common/matrix.o
                0x0000000000002be8                matrix_is_on
 .text.matrix_print
                0x0000000000002c10       0x68 obj_adb_usb/common/matrix.o
                0x0000000000002c10                matrix_print
 .text.matrix_power_up
                0x0000000000002c78        0x2 obj_adb_usb/common/matrix.o
                0x0000000000002c78                matrix_power_up
 .text.matrix_power_down
                0x0000000000002c7a        0x2 obj_adb_usb/common/matrix.o
                0x0000000000002c7a                matrix_power_down
 .text.action_exec
                0x0000000000002c7c       0x6e obj_adb_usb/common/action.o
                0x0000000000002c7c                action_exec
 .text.register_code
                0x0000000000002cea      0x14a obj_adb_usb/common/action.o
                0x0000000000002cea                register_code
 .text.unregister_code
                0x0000000000002e34       0xdc obj_adb_usb/common/action.o
                0x0000000000002e34                unregister_code
 .text.register_mods
                0x0000000000002f10        0xe obj_adb_usb/common/action.o
                0x0000000000002f10                register_mods
 .text.unregister_mods
                0x0000000000002f1e        0xe obj_adb_usb/common/action.o
                0x0000000000002f1e                unregister_mods
 .text.process_action
                0x0000000000002f2c      0x6d0 obj_adb_usb/common/action.o
                0x0000000000002f2c                process_action
 .text.clear_keyboard_but_mods
                0x00000000000035fc       0x24 obj_adb_usb/common/action.o
                0x00000000000035fc                clear_keyboard_but_mods
 .text.clear_keyboard
                0x0000000000003620        0x8 obj_adb_usb/common/action.o
                0x0000000000003620                clear_keyboard
 .text.is_tap_key
                0x0000000000003628       0x9a obj_adb_usb/common/action.o
                0x0000000000003628                is_tap_key
 .text.debug_event
                0x00000000000036c2       0x1e obj_adb_usb/common/action.o
                0x00000000000036c2                debug_event
 .text.debug_record
                0x00000000000036e0       0x20 obj_adb_usb/common/action.o
                0x00000000000036e0                debug_record
 .text.debug_waiting_buffer
                0x0000000000003700       0x3e obj_adb_usb/common/action_tapping.o
 .text.debug_tapping_key
                0x000000000000373e       0x1c obj_adb_usb/common/action_tapping.o
 .text.waiting_buffer_scan_tap
                0x000000000000375a       0xd6 obj_adb_usb/common/action_tapping.o
 .text.process_tapping
                0x0000000000003830      0x37c obj_adb_usb/common/action_tapping.o
 .text.action_tapping_process
                0x0000000000003bac      0x13c obj_adb_usb/common/action_tapping.o
                0x0000000000003bac                action_tapping_process
 .text.action_macro_play
                0x0000000000003ce8      0x132 obj_adb_usb/common/action_macro.o
                0x0000000000003ce8                action_macro_play
 .text.layer_state_set
                0x0000000000003e1a       0x14 obj_adb_usb/common/action_layer.o
 .text.default_layer_debug
                0x0000000000003e2e        0x2 obj_adb_usb/common/action_layer.o
                0x0000000000003e2e                default_layer_debug
 .text.default_layer_set
                0x0000000000003e30       0x14 obj_adb_usb/common/action_layer.o
                0x0000000000003e30                default_layer_set
 .text.default_layer_or
                0x0000000000003e44       0x60 obj_adb_usb/common/action_layer.o
                0x0000000000003e44                default_layer_or
 .text.default_layer_and
                0x0000000000003ea4       0x60 obj_adb_usb/common/action_layer.o
                0x0000000000003ea4                default_layer_and
 .text.default_layer_xor
                0x0000000000003f04       0x60 obj_adb_usb/common/action_layer.o
                0x0000000000003f04                default_layer_xor
 .text.layer_clear
                0x0000000000003f64        0xa obj_adb_usb/common/action_layer.o
                0x0000000000003f64                layer_clear
 .text.layer_move
                0x0000000000003f6e       0x4a obj_adb_usb/common/action_layer.o
                0x0000000000003f6e                layer_move
 .text.layer_on
                0x0000000000003fb8       0x62 obj_adb_usb/common/action_layer.o
                0x0000000000003fb8                layer_on
 .text.layer_off
                0x000000000000401a       0x6a obj_adb_usb/common/action_layer.o
                0x000000000000401a                layer_off
 .text.layer_invert
                0x0000000000004084       0x62 obj_adb_usb/common/action_layer.o
                0x0000000000004084                layer_invert
 .text.layer_or
                0x00000000000040e6       0x50 obj_adb_usb/common/action_layer.o
                0x00000000000040e6                layer_or
 .text.layer_and
                0x0000000000004136       0x50 obj_adb_usb/common/action_layer.o
                0x0000000000004136                layer_and
 .text.layer_xor
                0x0000000000004186       0x50 obj_adb_usb/common/action_layer.o
                0x0000000000004186                layer_xor
 .text.layer_debug
                0x00000000000041d6        0x2 obj_adb_usb/common/action_layer.o
                0x00000000000041d6                layer_debug
 .text.layer_switch_get_action
                0x00000000000041d8      0x148 obj_adb_usb/common/action_layer.o
                0x00000000000041d8                layer_switch_get_action
 .text.add_key  0x0000000000004320       0x3a obj_adb_usb/common/action_util.o
                0x0000000000004320                add_key
 .text.del_key  0x000000000000435a       0x24 obj_adb_usb/common/action_util.o
                0x000000000000435a                del_key
 .text.clear_keys
                0x000000000000437e       0x1c obj_adb_usb/common/action_util.o
                0x000000000000437e                clear_keys
 .text.get_mods
                0x000000000000439a        0x6 obj_adb_usb/common/action_util.o
                0x000000000000439a                get_mods
 .text.add_mods
                0x00000000000043a0        0xc obj_adb_usb/common/action_util.o
                0x00000000000043a0                add_mods
 .text.del_mods
                0x00000000000043ac       0x10 obj_adb_usb/common/action_util.o
                0x00000000000043ac                del_mods
 .text.set_mods
                0x00000000000043bc        0x6 obj_adb_usb/common/action_util.o
                0x00000000000043bc                set_mods
 .text.clear_mods
                0x00000000000043c2        0x6 obj_adb_usb/common/action_util.o
                0x00000000000043c2                clear_mods
 .text.add_weak_mods
                0x00000000000043c8        0xc obj_adb_usb/common/action_util.o
                0x00000000000043c8                add_weak_mods
 .text.del_weak_mods
                0x00000000000043d4       0x10 obj_adb_usb/common/action_util.o
                0x00000000000043d4                del_weak_mods
 .text.clear_weak_mods
                0x00000000000043e4        0x6 obj_adb_usb/common/action_util.o
                0x00000000000043e4                clear_weak_mods
 .text.set_oneshot_mods
                0x00000000000043ea        0x6 obj_adb_usb/common/action_util.o
                0x00000000000043ea                set_oneshot_mods
 .text.clear_oneshot_mods
                0x00000000000043f0        0x6 obj_adb_usb/common/action_util.o
                0x00000000000043f0                clear_oneshot_mods
 .text.has_anykey
                0x00000000000043f6       0x20 obj_adb_usb/common/action_util.o
                0x00000000000043f6                has_anykey
 .text.send_keyboard_report
                0x0000000000004416       0x4c obj_adb_usb/common/action_util.o
                0x0000000000004416                send_keyboard_report
 .text.print_set_sendchar
                0x0000000000004462        0xa obj_adb_usb/common/print.o
                0x0000000000004462                print_set_sendchar
 .text.bitrev   0x000000000000446c       0x30 obj_adb_usb/common/util.o
                0x000000000000446c                bitrev
 .text.hook_keyboard_loop
                0x000000000000449c        0x2 obj_adb_usb/common/hook.o
                0x000000000000449c                hook_keyboard_loop
 .text.hook_matrix_change
                0x000000000000449e       0x1e obj_adb_usb/common/hook.o
                0x000000000000449e                hook_matrix_change
 .text.hook_default_layer_change
                0x00000000000044bc        0x2 obj_adb_usb/common/hook.o
                0x00000000000044bc                hook_default_layer_change
 .text.hook_layer_change
                0x00000000000044be        0x2 obj_adb_usb/common/hook.o
                0x00000000000044be                hook_layer_change
 .text.hook_keyboard_leds_change
                0x00000000000044c0        0x4 obj_adb_usb/common/hook.o
                0x00000000000044c0                hook_keyboard_leds_change
 .text.hook_process_action
                0x00000000000044c4        0x4 obj_adb_usb/common/hook.o
                0x00000000000044c4                hook_process_action
 .text.suspend_power_down
                0x00000000000044c8       0x52 obj_adb_usb/common/avr/suspend.o
                0x00000000000044c8                suspend_power_down
 .text.suspend_wakeup_condition
                0x000000000000451a       0x28 obj_adb_usb/common/avr/suspend.o
                0x000000000000451a                suspend_wakeup_condition
 .text.suspend_wakeup_init
                0x0000000000004542        0x8 obj_adb_usb/common/avr/suspend.o
                0x0000000000004542                suspend_wakeup_init
 .text.__vector_13
                0x000000000000454a       0x4e obj_adb_usb/common/avr/suspend.o
                0x000000000000454a                __vector_13
 .text.timer_init
                0x0000000000004598       0x12 obj_adb_usb/common/avr/timer.o
                0x0000000000004598                timer_init
 .text.timer_read
                0x00000000000045aa       0x18 obj_adb_usb/common/avr/timer.o
                0x00000000000045aa                timer_read
 .text.timer_read32
                0x00000000000045c2       0x40 obj_adb_usb/common/avr/timer.o
                0x00000000000045c2                timer_read32
 .text.timer_elapsed
                0x0000000000004602       0x4a obj_adb_usb/common/avr/timer.o
                0x0000000000004602                timer_elapsed
 .text.__vector_19
                0x000000000000464c       0x46 obj_adb_usb/common/avr/timer.o
                0x000000000000464c                __vector_19
 .text.bootloader_jump
                0x0000000000004692       0x44 obj_adb_usb/common/avr/bootloader.o
                0x0000000000004692                bootloader_jump
 .text.unimap_translate
                0x00000000000046d6       0x22 obj_adb_usb/common/unimap.o
                0x00000000000046d6                unimap_translate
 .text.action_for_key
                0x00000000000046f8       0x62 obj_adb_usb/common/unimap.o
                0x00000000000046f8                action_for_key
 .text.action_get_macro
                0x000000000000475a        0x6 obj_adb_usb/common/unimap.o
                0x000000000000475a                action_get_macro
 .text.action_function
                0x0000000000004760        0x2 obj_adb_usb/common/unimap.o
                0x0000000000004760                action_function
 .text.move_unit
                0x0000000000004762       0xa0 obj_adb_usb/common/mousekey.o
 .text.wheel_unit
                0x0000000000004802       0x76 obj_adb_usb/common/mousekey.o
 .text.mousekey_on
                0x0000000000004878       0xd0 obj_adb_usb/common/mousekey.o
                0x0000000000004878                mousekey_on
 .text.mousekey_off
                0x0000000000004948       0xfe obj_adb_usb/common/mousekey.o
                0x0000000000004948                mousekey_off
 .text.mousekey_send
                0x0000000000004a46      0x11a obj_adb_usb/common/mousekey.o
                0x0000000000004a46                mousekey_send
 .text.mousekey_task
                0x0000000000004b60      0x1d0 obj_adb_usb/common/mousekey.o
                0x0000000000004b60                mousekey_task
 .text.mousekey_clear
                0x0000000000004d30       0x18 obj_adb_usb/common/mousekey.o
                0x0000000000004d30                mousekey_clear
 .text.mousekey_console_help
                0x0000000000004d48       0x2e obj_adb_usb/common/command.o
 .text.mousekey_param_inc
                0x0000000000004d76      0x14a obj_adb_usb/common/command.o
 .text.mousekey_param_dec
                0x0000000000004ec0      0x100 obj_adb_usb/common/command.o
 .text.switch_default_layer
                0x0000000000004fc0       0x62 obj_adb_usb/common/command.o
 .text.command_common
                0x0000000000005022      0x1ce obj_adb_usb/common/command.o
 .text.command_extra
                0x00000000000051f0        0x4 obj_adb_usb/common/command.o
                0x00000000000051f0                command_extra
 .text.command_console_extra
                0x00000000000051f4        0x4 obj_adb_usb/common/command.o
                0x00000000000051f4                command_console_extra
 .text.command_proc
                0x00000000000051f8      0x292 obj_adb_usb/common/command.o
                0x00000000000051f8                command_proc
 .text.avr-libc.fplib
                0x000000000000548a        0xe /usr/local/Cellar/avr-gcc/9.1.0/lib/avr-gcc/9/gcc/avr/9.1.0/../../../../../../avr/lib/avr35/libm.a(fixsfsi.o)
                0x000000000000548a                __fixsfsi
 .text.avr-libc.fplib
                0x0000000000005498       0x5e /usr/local/Cellar/avr-gcc/9.1.0/lib/avr-gcc/9/gcc/avr/9.1.0/../../../../../../avr/lib/avr35/libm.a(fixunssfsi.o)
                0x0000000000005498                __fixunssfsi
 .text.avr-libc.fplib
                0x00000000000054f6       0x7a /usr/local/Cellar/avr-gcc/9.1.0/lib/avr-gcc/9/gcc/avr/9.1.0/../../../../../../avr/lib/avr35/libm.a(floatsisf.o)
                0x00000000000054f6                __floatunsisf
                0x00000000000054fa                __floatsisf
 .text.avr-libc.fplib
                0x0000000000005570       0x44 /usr/local/Cellar/avr-gcc/9.1.0/lib/avr-gcc/9/gcc/avr/9.1.0/../../../../../../avr/lib/avr35/libm.a(fp_split3.o)
                0x0000000000005570                __fp_split3
                0x0000000000005580                __fp_splitA
 .text.avr-libc.fplib
                0x00000000000055b4        0xe /usr/local/Cellar/avr-gcc/9.1.0/lib/avr-gcc/9/gcc/avr/9.1.0/../../../../../../avr/lib/avr35/libm.a(fp_zero.o)
                0x00000000000055b4                __fp_zero
                0x00000000000055b6                __fp_szero
 .text.avr-libc.fplib
                0x00000000000055c2        0x8 /usr/local/Cellar/avr-gcc/9.1.0/lib/avr-gcc/9/gcc/avr/9.1.0/../../../../../../avr/lib/avr35/libm.a(mulsf3.o)
                0x00000000000055c2                __mulsf3
 .text.avr-libc.fplib
                0x00000000000055ca       0xe2 /usr/local/Cellar/avr-gcc/9.1.0/lib/avr-gcc/9/gcc/avr/9.1.0/../../../../../../avr/lib/avr35/libm.a(mulsf3x.o)
                0x00000000000055e6                __mulsf3x
                0x00000000000055ec                __mulsf3_pse
 .text.avr-libc.fplib
                0x00000000000056ac        0xc /usr/local/Cellar/avr-gcc/9.1.0/lib/avr-gcc/9/gcc/avr/9.1.0/../../../../../../avr/lib/avr35/libm.a(fp_inf.o)
                0x00000000000056ac                __fp_inf
 .text.avr-libc.fplib
                0x00000000000056b8        0x6 /usr/local/Cellar/avr-gcc/9.1.0/lib/avr-gcc/9/gcc/avr/9.1.0/../../../../../../avr/lib/avr35/libm.a(fp_nan.o)
                0x00000000000056b8                __fp_nan
 .text.avr-libc.fplib
                0x00000000000056be        0xe /usr/local/Cellar/avr-gcc/9.1.0/lib/avr-gcc/9/gcc/avr/9.1.0/../../../../../../avr/lib/avr35/libm.a(fp_pscA.o)
                0x00000000000056be                __fp_pscA
 .text.avr-libc.fplib
                0x00000000000056cc        0xe /usr/local/Cellar/avr-gcc/9.1.0/lib/avr-gcc/9/gcc/avr/9.1.0/../../../../../../avr/lib/avr35/libm.a(fp_pscB.o)
                0x00000000000056cc                __fp_pscB
 .text.avr-libc.fplib
                0x00000000000056da       0x22 /usr/local/Cellar/avr-gcc/9.1.0/lib/avr-gcc/9/gcc/avr/9.1.0/../../../../../../avr/lib/avr35/libm.a(fp_round.o)
                0x00000000000056da                __fp_round
 .text.libgcc.mul
                0x00000000000056fc       0x22 /usr/local/Cellar/avr-gcc/9.1.0/lib/avr-gcc/9/gcc/avr/9.1.0/avr35/libgcc.a(_mulhi3.o)
                0x00000000000056fc                __mulhi3
 .text.libgcc.div
                0x000000000000571e       0x28 /usr/local/Cellar/avr-gcc/9.1.0/lib/avr-gcc/9/gcc/avr/9.1.0/avr35/libgcc.a(_divmodhi4.o)
                0x000000000000571e                __divmodhi4
                0x000000000000571e                _div
 .text.libgcc   0x0000000000005746        0xc /usr/local/Cellar/avr-gcc/9.1.0/lib/avr-gcc/9/gcc/avr/9.1.0/avr35/libgcc.a(_tablejump2.o)
                0x0000000000005746                __tablejump2__
 .text.libgcc.div
                0x0000000000005752       0x28 /usr/local/Cellar/avr-gcc/9.1.0/lib/avr-gcc/9/gcc/avr/9.1.0/avr35/libgcc.a(_udivmodhi4.o)
                0x0000000000005752                __udivmodhi4
                0x000000000000577a                . = ALIGN (0x2)
 *(.fini9)
 .fini9         0x000000000000577a        0x0 /usr/local/Cellar/avr-gcc/9.1.0/lib/avr-gcc/9/gcc/avr/9.1.0/avr35/libgcc.a(_exit.o)
                0x000000000000577a                exit
                0x000000000000577a                _exit
 *(.fini9)
 *(.fini8)
 *(.fini8)
 *(.fini7)
 *(.fini7)
 *(.fini6)
 *(.fini6)
 *(.fini5)
 *(.fini5)
 *(.fini4)
 *(.fini4)
 *(.fini3)
 *(.fini3)
 *(.fini2)
 *(.fini2)
 *(.fini1)
 *(.fini1)
 *(.fini0)
 .fini0         0x000000000000577a        0x4 /usr/local/Cellar/avr-gcc/9.1.0/lib/avr-gcc/9/gcc/avr/9.1.0/avr35/libgcc.a(_exit.o)
 *(.fini0)
                0x000000000000577e                _etext = .

.data           0x0000000000800100       0x52 load address 0x000000000000577e
                0x0000000000800100                PROVIDE (__data_start = .)
 *(.data)
 *(.data*)
 .data.extra_key.2374
                0x0000000000800100        0x2 obj_adb_usb/matrix.o
 .data.cmd2.2336
                0x0000000000800102        0x8 obj_adb_usb/matrix.o
 .data.cmd1.2335
                0x000000000080010a        0x8 obj_adb_usb/matrix.o
 .data.mouse_cpi
                0x0000000000800112        0x2 obj_adb_usb/matrix.o
 .data.sendbuf  0x0000000000800114        0x5 obj_adb_usb/protocol/lufa/lufa.o
 .data.lufa_driver
                0x0000000000800119        0xa obj_adb_usb/protocol/lufa/lufa.o
                0x0000000000800119                lufa_driver
 .data.keyboard_protocol
                0x0000000000800123        0x1 obj_adb_usb/protocol/lufa/lufa.o
                0x0000000000800123                keyboard_protocol
 .data.keyboard_report
                0x0000000000800124        0x2 obj_adb_usb/common/action_util.o
                0x0000000000800124                keyboard_report
 .data.mk_wheel_time_to_max
                0x0000000000800126        0x1 obj_adb_usb/common/mousekey.o
                0x0000000000800126                mk_wheel_time_to_max
 .data.mk_wheel_max_speed
                0x0000000000800127        0x1 obj_adb_usb/common/mousekey.o
                0x0000000000800127                mk_wheel_max_speed
 .data.mk_time_to_max
                0x0000000000800128        0x1 obj_adb_usb/common/mousekey.o
                0x0000000000800128                mk_time_to_max
 .data.mk_max_speed
                0x0000000000800129        0x1 obj_adb_usb/common/mousekey.o
                0x0000000000800129                mk_max_speed
 .data.mk_interval
                0x000000000080012a        0x1 obj_adb_usb/common/mousekey.o
                0x000000000080012a                mk_interval
 .data.mk_delay
                0x000000000080012b        0x1 obj_adb_usb/common/mousekey.o
                0x000000000080012b                mk_delay
 *(.rodata)
 *(.rodata*)
 .rodata.matrix_init.str1.1
                0x000000000080012c        0x7 obj_adb_usb/matrix.o
 .rodata.CSWTCH.3
                0x0000000000800133        0x4 obj_adb_usb/protocol/lufa/descriptor.o
 .rodata.CSWTCH.2
                0x0000000000800137        0x8 obj_adb_usb/protocol/lufa/descriptor.o
 .rodata.CSWTCH.1
                0x000000000080013f        0x8 obj_adb_usb/protocol/lufa/descriptor.o
 .rodata.matrix_print.str1.1
                0x0000000000800147        0x7 obj_adb_usb/common/matrix.o
                                          0x1 (size before relaxing)
 .rodata.CSWTCH.57
                0x0000000000800147        0xa obj_adb_usb/common/command.o
 *(.gnu.linkonce.d*)
                0x0000000000800152                . = ALIGN (0x2)
 *fill*         0x0000000000800151        0x1 
                0x0000000000800152                _edata = .
                0x0000000000800152                PROVIDE (__data_end = .)

.bss            0x0000000000800152      0x22e
                0x0000000000800152                PROVIDE (__bss_start = .)
 *(.bss)
 .bss           0x0000000000800152        0x2 obj_adb_usb/common/avr/xprintf.o
                0x0000000000800152                xfunc_out
 *(.bss*)
 .bss.tick_ms.2378
                0x0000000000800154        0x2 obj_adb_usb/matrix.o
 .bss.mouseacc.2347
                0x0000000000800156        0x1 obj_adb_usb/matrix.o
 .bss.detect_ms.2349
                0x0000000000800157        0x2 obj_adb_usb/matrix.o
 .bss.tick_ms.2348
                0x0000000000800159        0x2 obj_adb_usb/matrix.o
 .bss.mouse_report
                0x000000000080015b        0x5 obj_adb_usb/matrix.o
 .bss.matrix    0x0000000000800160       0x10 obj_adb_usb/matrix.o
 .bss.is_iso_layout
                0x0000000000800170        0x1 obj_adb_usb/matrix.o
 .bss.has_media_keys
                0x0000000000800171        0x1 obj_adb_usb/matrix.o
 .bss.fn.4902   0x0000000000800172        0x2 obj_adb_usb/protocol/lufa/lufa.o
 .bss.hid_listen_ready.4879
                0x0000000000800174        0x1 obj_adb_usb/protocol/lufa/lufa.o
 .bss._led_stats
                0x0000000000800175        0x1 obj_adb_usb/protocol/lufa/lufa.o
 .bss.sbuf      0x0000000000800176      0x100 obj_adb_usb/protocol/lufa/lufa.o
 .bss.keyboard_report_sent
                0x0000000000800276        0x8 obj_adb_usb/protocol/lufa/lufa.o
 .bss.keyboard_led_stats
                0x000000000080027e        0x1 obj_adb_usb/protocol/lufa/lufa.o
 .bss.keyboard_idle
                0x000000000080027f        0x1 obj_adb_usb/protocol/lufa/lufa.o
                0x000000000080027f                keyboard_idle
 .bss.last_consumer_report
                0x0000000000800280        0x2 obj_adb_usb/common/host.o
 .bss.last_system_report
                0x0000000000800282        0x2 obj_adb_usb/common/host.o
 .bss.driver    0x0000000000800284        0x2 obj_adb_usb/common/host.o
 .bss.led_status.2434
                0x0000000000800286        0x1 obj_adb_usb/common/keyboard.o
 .bss.matrix_prev.2433
                0x0000000000800287       0x10 obj_adb_usb/common/keyboard.o
 .bss.waiting_buffer_tail
                0x0000000000800297        0x1 obj_adb_usb/common/action_tapping.o
 .bss.waiting_buffer_head
                0x0000000000800298        0x1 obj_adb_usb/common/action_tapping.o
 .bss.waiting_buffer
                0x0000000000800299       0x30 obj_adb_usb/common/action_tapping.o
 .bss.tapping_key
                0x00000000008002c9        0x6 obj_adb_usb/common/action_tapping.o
 .bss.layer_pressed
                0x00000000008002cf       0x80 obj_adb_usb/common/action_layer.o
 .bss.layer_state
                0x000000000080034f        0x4 obj_adb_usb/common/action_layer.o
                0x000000000080034f                layer_state
 .bss.default_layer_state
                0x0000000000800353        0x4 obj_adb_usb/common/action_layer.o
                0x0000000000800353                default_layer_state
 .bss.oneshot_mods
                0x0000000000800357        0x1 obj_adb_usb/common/action_util.o
 .bss.__compound_literal.0
                0x0000000000800358        0x8 obj_adb_usb/common/action_util.o
 .bss.weak_mods
                0x0000000000800360        0x1 obj_adb_usb/common/action_util.o
 .bss.real_mods
                0x0000000000800361        0x1 obj_adb_usb/common/action_util.o
 .bss.debug_config
                0x0000000000800362        0x1 obj_adb_usb/common/debug.o
                0x0000000000800362                debug_config
 .bss.wdt_timeout
                0x0000000000800363        0x1 obj_adb_usb/common/avr/suspend.o
 .bss.timer_count
                0x0000000000800364        0x4 obj_adb_usb/common/avr/timer.o
                0x0000000000800364                timer_count
 .bss.last_timer
                0x0000000000800368        0x2 obj_adb_usb/common/mousekey.o
 .bss.mousekey_accel
                0x000000000080036a        0x1 obj_adb_usb/common/mousekey.o
 .bss.mousekey_repeat
                0x000000000080036b        0x1 obj_adb_usb/common/mousekey.o
 .bss.mouse_report
                0x000000000080036c        0x5 obj_adb_usb/common/mousekey.o
 .bss.mousekey_param
                0x0000000000800371        0x1 obj_adb_usb/common/command.o
 .bss.command_state
                0x0000000000800372        0x1 obj_adb_usb/common/command.o
                0x0000000000800372                command_state
 *(COMMON)
 COMMON         0x0000000000800373        0x3 obj_adb_usb/protocol/lufa/LUFA-git/LUFA/Drivers/USB/Core/DeviceStandardReq.o
                0x0000000000800373                USB_Device_ConfigurationNumber
                0x0000000000800374                USB_Device_CurrentlySelfPowered
                0x0000000000800375                USB_Device_RemoteWakeupEnabled
 COMMON         0x0000000000800376        0xa obj_adb_usb/protocol/lufa/LUFA-git/LUFA/Drivers/USB/Core/USBTask.o
                0x0000000000800376                USB_IsInitialized
                0x0000000000800377                USB_DeviceState
                0x0000000000800378                USB_ControlRequest
                0x0000000000800380                PROVIDE (__bss_end = .)
                0x000000000000577e                __data_load_start = LOADADDR (.data)
                0x00000000000057d0                __data_load_end = (__data_load_start + SIZEOF (.data))

.noinit         0x0000000000800380        0x4
                [!provide]                        PROVIDE (__noinit_start = .)
 *(.noinit*)
 .noinit        0x0000000000800380        0x4 obj_adb_usb/common/avr/bootloader.o
                0x0000000000800380                reset_key
                [!provide]                        PROVIDE (__noinit_end = .)
                0x0000000000800384                _end = .
                [!provide]                        PROVIDE (__heap_start = .)

.keymap         0x0000000000006800      0x300
                [!provide]                        PROVIDE (__keymap_start = .)
 *(.keymap.fn_actions)
                0x0000000000006800                . = ALIGN (0x40)
 *(.keymap.keymaps)
 .keymap.keymaps
                0x0000000000006800      0x300 obj_adb_usb/unimap_plain.o
                0x0000000000006800                actionmaps
 *(.keymap*)

.eeprom         0x0000000000810000        0x0
 *(.eeprom*)
                0x0000000000810000                __eeprom_end = .

.fuse
 *(.fuse)
 *(.lfuse)
 *(.hfuse)
 *(.efuse)

.lock
 *(.lock*)

.signature
 *(.signature*)

.stab           0x0000000000000000      0x8b8
 *(.stab)
 .stab          0x0000000000000000      0x8b8 obj_adb_usb/common/avr/xprintf.o

.stabstr        0x0000000000000000       0xa0
 *(.stabstr)
 .stabstr       0x0000000000000000       0xa0 obj_adb_usb/common/avr/xprintf.o

.stab.excl
 *(.stab.excl)

.stab.exclstr
 *(.stab.exclstr)

.stab.index
 *(.stab.index)

.stab.indexstr
 *(.stab.indexstr)

.comment        0x0000000000000000       0x11
 *(.comment)
 .comment       0x0000000000000000       0x11 obj_adb_usb/unimap_plain.o
                                         0x12 (size before relaxing)
 .comment       0x0000000000000011       0x12 obj_adb_usb/matrix.o
 .comment       0x0000000000000011       0x12 obj_adb_usb/adb.o
 .comment       0x0000000000000011       0x12 obj_adb_usb/protocol/lufa/lufa.o
 .comment       0x0000000000000011       0x12 obj_adb_usb/protocol/lufa/descriptor.o
 .comment       0x0000000000000011       0x12 obj_adb_usb/protocol/lufa/LUFA-git/LUFA/Drivers/USB/Core/AVR8/Device_AVR8.o
 .comment       0x0000000000000011       0x12 obj_adb_usb/protocol/lufa/LUFA-git/LUFA/Drivers/USB/Core/AVR8/EndpointStream_AVR8.o
 .comment       0x0000000000000011       0x12 obj_adb_usb/protocol/lufa/LUFA-git/LUFA/Drivers/USB/Core/AVR8/Endpoint_AVR8.o
 .comment       0x0000000000000011       0x12 obj_adb_usb/protocol/lufa/LUFA-git/LUFA/Drivers/USB/Core/AVR8/USBController_AVR8.o
 .comment       0x0000000000000011       0x12 obj_adb_usb/protocol/lufa/LUFA-git/LUFA/Drivers/USB/Core/AVR8/USBInterrupt_AVR8.o
 .comment       0x0000000000000011       0x12 obj_adb_usb/protocol/lufa/LUFA-git/LUFA/Drivers/USB/Core/DeviceStandardReq.o
 .comment       0x0000000000000011       0x12 obj_adb_usb/protocol/lufa/LUFA-git/LUFA/Drivers/USB/Core/USBTask.o
 .comment       0x0000000000000011       0x12 obj_adb_usb/common/host.o
 .comment       0x0000000000000011       0x12 obj_adb_usb/common/keyboard.o
 .comment       0x0000000000000011       0x12 obj_adb_usb/common/matrix.o
 .comment       0x0000000000000011       0x12 obj_adb_usb/common/action.o
 .comment       0x0000000000000011       0x12 obj_adb_usb/common/action_tapping.o
 .comment       0x0000000000000011       0x12 obj_adb_usb/common/action_macro.o
 .comment       0x0000000000000011       0x12 obj_adb_usb/common/action_layer.o
 .comment       0x0000000000000011       0x12 obj_adb_usb/common/action_util.o
 .comment       0x0000000000000011       0x12 obj_adb_usb/common/print.o
 .comment       0x0000000000000011       0x12 obj_adb_usb/common/debug.o
 .comment       0x0000000000000011       0x12 obj_adb_usb/common/util.o
 .comment       0x0000000000000011       0x12 obj_adb_usb/common/hook.o
 .comment       0x0000000000000011       0x12 obj_adb_usb/common/avr/suspend.o
 .comment       0x0000000000000011       0x12 obj_adb_usb/common/avr/timer.o
 .comment       0x0000000000000011       0x12 obj_adb_usb/common/avr/bootloader.o
 .comment       0x0000000000000011       0x12 obj_adb_usb/common/unimap.o
 .comment       0x0000000000000011       0x12 obj_adb_usb/common/mousekey.o
 .comment       0x0000000000000011       0x12 obj_adb_usb/common/command.o

.note.gnu.avr.deviceinfo
                0x0000000000000000       0x40
 .note.gnu.avr.deviceinfo
                0x0000000000000000       0x40 /usr/local/Cellar/avr-gcc/9.1.0/lib/avr-gcc/9/gcc/avr/9.1.0/../../../../../../avr/lib/avr35/crtatmega32u2.o

.debug
 *(.debug)

.line
 *(.line)

.debug_srcinfo
 *(.debug_srcinfo)

.debug_sfnames
 *(.debug_sfnames)

.debug_aranges  0x0000000000000000      0x9e0
 *(.debug_aranges)
 .debug_aranges
                0x0000000000000000       0x18 obj_adb_usb/unimap_plain.o
 .debug_aranges
                0x0000000000000018       0x58 obj_adb_usb/matrix.o
 .debug_aranges
                0x0000000000000070       0x90 obj_adb_usb/adb.o
 .debug_aranges
                0x0000000000000100       0xb0 obj_adb_usb/protocol/lufa/lufa.o
 .debug_aranges
                0x00000000000001b0       0x20 obj_adb_usb/protocol/lufa/descriptor.o
 .debug_aranges
                0x00000000000001d0       0x20 obj_adb_usb/protocol/lufa/LUFA-git/LUFA/Drivers/USB/Core/AVR8/Device_AVR8.o
 .debug_aranges
                0x00000000000001f0       0xc8 obj_adb_usb/protocol/lufa/LUFA-git/LUFA/Drivers/USB/Core/AVR8/EndpointStream_AVR8.o
 .debug_aranges
                0x00000000000002b8       0x40 obj_adb_usb/protocol/lufa/LUFA-git/LUFA/Drivers/USB/Core/AVR8/Endpoint_AVR8.o
 .debug_aranges
                0x00000000000002f8       0x30 obj_adb_usb/protocol/lufa/LUFA-git/LUFA/Drivers/USB/Core/AVR8/USBController_AVR8.o
 .debug_aranges
                0x0000000000000328       0x38 obj_adb_usb/protocol/lufa/LUFA-git/LUFA/Drivers/USB/Core/AVR8/USBInterrupt_AVR8.o
 .debug_aranges
                0x0000000000000360       0x20 obj_adb_usb/protocol/lufa/LUFA-git/LUFA/Drivers/USB/Core/DeviceStandardReq.o
 .debug_aranges
                0x0000000000000380       0x20 obj_adb_usb/protocol/lufa/LUFA-git/LUFA/Drivers/USB/Core/USBTask.o
 .debug_aranges
                0x00000000000003a0       0x60 obj_adb_usb/common/host.o
 .debug_aranges
                0x0000000000000400       0x38 obj_adb_usb/common/keyboard.o
 .debug_aranges
                0x0000000000000438       0x40 obj_adb_usb/common/matrix.o
 .debug_aranges
                0x0000000000000478       0x80 obj_adb_usb/common/action.o
 .debug_aranges
                0x00000000000004f8       0x40 obj_adb_usb/common/action_tapping.o
 .debug_aranges
                0x0000000000000538       0x20 obj_adb_usb/common/action_macro.o
 .debug_aranges
                0x0000000000000558       0x90 obj_adb_usb/common/action_layer.o
 .debug_aranges
                0x00000000000005e8       0xb0 obj_adb_usb/common/action_util.o
 .debug_aranges
                0x0000000000000698       0x20 obj_adb_usb/common/print.o
 .debug_aranges
                0x00000000000006b8       0x18 obj_adb_usb/common/debug.o
 .debug_aranges
                0x00000000000006d0       0x60 obj_adb_usb/common/util.o
 .debug_aranges
                0x0000000000000730       0x40 obj_adb_usb/common/hook.o
 .debug_aranges
                0x0000000000000770       0x40 obj_adb_usb/common/avr/suspend.o
 .debug_aranges
                0x00000000000007b0       0x50 obj_adb_usb/common/avr/timer.o
 .debug_aranges
                0x0000000000000800       0x28 obj_adb_usb/common/avr/bootloader.o
 .debug_aranges
                0x0000000000000828       0x38 obj_adb_usb/common/unimap.o
 .debug_aranges
                0x0000000000000860       0x50 obj_adb_usb/common/mousekey.o
 .debug_aranges
                0x00000000000008b0       0x50 obj_adb_usb/common/command.o
 .debug_aranges
                0x0000000000000900       0x20 /usr/local/Cellar/avr-gcc/9.1.0/lib/avr-gcc/9/gcc/avr/9.1.0/avr35/libgcc.a(_mulhi3.o)
 .debug_aranges
                0x0000000000000920       0x20 /usr/local/Cellar/avr-gcc/9.1.0/lib/avr-gcc/9/gcc/avr/9.1.0/avr35/libgcc.a(_divmodhi4.o)
 .debug_aranges
                0x0000000000000940       0x20 /usr/local/Cellar/avr-gcc/9.1.0/lib/avr-gcc/9/gcc/avr/9.1.0/avr35/libgcc.a(_exit.o)
 .debug_aranges
                0x0000000000000960       0x20 /usr/local/Cellar/avr-gcc/9.1.0/lib/avr-gcc/9/gcc/avr/9.1.0/avr35/libgcc.a(_tablejump2.o)
 .debug_aranges
                0x0000000000000980       0x20 /usr/local/Cellar/avr-gcc/9.1.0/lib/avr-gcc/9/gcc/avr/9.1.0/avr35/libgcc.a(_copy_data.o)
 .debug_aranges
                0x00000000000009a0       0x20 /usr/local/Cellar/avr-gcc/9.1.0/lib/avr-gcc/9/gcc/avr/9.1.0/avr35/libgcc.a(_clear_bss.o)
 .debug_aranges
                0x00000000000009c0       0x20 /usr/local/Cellar/avr-gcc/9.1.0/lib/avr-gcc/9/gcc/avr/9.1.0/avr35/libgcc.a(_udivmodhi4.o)

.debug_pubnames
 *(.debug_pubnames)

.debug_info     0x0000000000000000    0x12b3e
 *(.debug_info)
 .debug_info    0x0000000000000000      0x6ba /usr/local/Cellar/avr-gcc/9.1.0/lib/avr-gcc/9/gcc/avr/9.1.0/../../../../../../avr/lib/avr35/crtatmega32u2.o
 .debug_info    0x00000000000006ba      0xccd obj_adb_usb/unimap_plain.o
 .debug_info    0x0000000000001387     0x118b obj_adb_usb/matrix.o
 .debug_info    0x0000000000002512      0xa3f obj_adb_usb/adb.o
 .debug_info    0x0000000000002f51     0x1cba obj_adb_usb/protocol/lufa/lufa.o
 .debug_info    0x0000000000004c0b      0x9f6 obj_adb_usb/protocol/lufa/descriptor.o
 .debug_info    0x0000000000005601      0x1c0 obj_adb_usb/protocol/lufa/LUFA-git/LUFA/Drivers/USB/Core/AVR8/Device_AVR8.o
 .debug_info    0x00000000000057c1     0x1d9a obj_adb_usb/protocol/lufa/LUFA-git/LUFA/Drivers/USB/Core/AVR8/EndpointStream_AVR8.o
 .debug_info    0x000000000000755b      0x75d obj_adb_usb/protocol/lufa/LUFA-git/LUFA/Drivers/USB/Core/AVR8/Endpoint_AVR8.o
 .debug_info    0x0000000000007cb8      0x594 obj_adb_usb/protocol/lufa/LUFA-git/LUFA/Drivers/USB/Core/AVR8/USBController_AVR8.o
 .debug_info    0x000000000000824c      0x938 obj_adb_usb/protocol/lufa/LUFA-git/LUFA/Drivers/USB/Core/AVR8/USBInterrupt_AVR8.o
 .debug_info    0x0000000000008b84      0xc1c obj_adb_usb/protocol/lufa/LUFA-git/LUFA/Drivers/USB/Core/DeviceStandardReq.o
 .debug_info    0x00000000000097a0      0x2f1 obj_adb_usb/protocol/lufa/LUFA-git/LUFA/Drivers/USB/Core/USBTask.o
 .debug_info    0x0000000000009a91      0x66f obj_adb_usb/common/host.o
 .debug_info    0x000000000000a100      0x5d2 obj_adb_usb/common/keyboard.o
 .debug_info    0x000000000000a6d2      0x1f8 obj_adb_usb/common/matrix.o
 .debug_info    0x000000000000a8ca     0x1add obj_adb_usb/common/action.o
 .debug_info    0x000000000000c3a7      0xfda obj_adb_usb/common/action_tapping.o
 .debug_info    0x000000000000d381      0xaaa obj_adb_usb/common/action_macro.o
 .debug_info    0x000000000000de2b      0xa0c obj_adb_usb/common/action_layer.o
 .debug_info    0x000000000000e837      0x649 obj_adb_usb/common/action_util.o
 .debug_info    0x000000000000ee80       0xdf obj_adb_usb/common/print.o
 .debug_info    0x000000000000ef5f      0x130 obj_adb_usb/common/debug.o
 .debug_info    0x000000000000f08f      0x2e9 obj_adb_usb/common/util.o
 .debug_info    0x000000000000f378      0x2e4 obj_adb_usb/common/hook.o
 .debug_info    0x000000000000f65c      0x662 obj_adb_usb/common/avr/suspend.o
 .debug_info    0x000000000000fcbe      0x24a obj_adb_usb/common/avr/timer.o
 .debug_info    0x000000000000ff08      0x3e1 obj_adb_usb/common/avr/bootloader.o
 .debug_info    0x00000000000102e9      0x9b2 obj_adb_usb/common/unimap.o
 .debug_info    0x0000000000010c9b      0x83e obj_adb_usb/common/mousekey.o
 .debug_info    0x00000000000114d9     0x155b obj_adb_usb/common/command.o
 .debug_info    0x0000000000012a34       0x26 /usr/local/Cellar/avr-gcc/9.1.0/lib/avr-gcc/9/gcc/avr/9.1.0/avr35/libgcc.a(_mulhi3.o)
 .debug_info    0x0000000000012a5a       0x26 /usr/local/Cellar/avr-gcc/9.1.0/lib/avr-gcc/9/gcc/avr/9.1.0/avr35/libgcc.a(_divmodhi4.o)
 .debug_info    0x0000000000012a80       0x26 /usr/local/Cellar/avr-gcc/9.1.0/lib/avr-gcc/9/gcc/avr/9.1.0/avr35/libgcc.a(_exit.o)
 .debug_info    0x0000000000012aa6       0x26 /usr/local/Cellar/avr-gcc/9.1.0/lib/avr-gcc/9/gcc/avr/9.1.0/avr35/libgcc.a(_tablejump2.o)
 .debug_info    0x0000000000012acc       0x26 /usr/local/Cellar/avr-gcc/9.1.0/lib/avr-gcc/9/gcc/avr/9.1.0/avr35/libgcc.a(_copy_data.o)
 .debug_info    0x0000000000012af2       0x26 /usr/local/Cellar/avr-gcc/9.1.0/lib/avr-gcc/9/gcc/avr/9.1.0/avr35/libgcc.a(_clear_bss.o)
 .debug_info    0x0000000000012b18       0x26 /usr/local/Cellar/avr-gcc/9.1.0/lib/avr-gcc/9/gcc/avr/9.1.0/avr35/libgcc.a(_udivmodhi4.o)
 *(.gnu.linkonce.wi.*)

.debug_abbrev   0x0000000000000000     0x4d89
 *(.debug_abbrev)
 .debug_abbrev  0x0000000000000000      0x65d /usr/local/Cellar/avr-gcc/9.1.0/lib/avr-gcc/9/gcc/avr/9.1.0/../../../../../../avr/lib/avr35/crtatmega32u2.o
 .debug_abbrev  0x000000000000065d       0xf4 obj_adb_usb/unimap_plain.o
 .debug_abbrev  0x0000000000000751      0x3c5 obj_adb_usb/matrix.o
 .debug_abbrev  0x0000000000000b16      0x323 obj_adb_usb/adb.o
 .debug_abbrev  0x0000000000000e39      0x68a obj_adb_usb/protocol/lufa/lufa.o
 .debug_abbrev  0x00000000000014c3      0x1f6 obj_adb_usb/protocol/lufa/descriptor.o
 .debug_abbrev  0x00000000000016b9       0xcb obj_adb_usb/protocol/lufa/LUFA-git/LUFA/Drivers/USB/Core/AVR8/Device_AVR8.o
 .debug_abbrev  0x0000000000001784      0x232 obj_adb_usb/protocol/lufa/LUFA-git/LUFA/Drivers/USB/Core/AVR8/EndpointStream_AVR8.o
 .debug_abbrev  0x00000000000019b6      0x29d obj_adb_usb/protocol/lufa/LUFA-git/LUFA/Drivers/USB/Core/AVR8/Endpoint_AVR8.o
 .debug_abbrev  0x0000000000001c53      0x1ec obj_adb_usb/protocol/lufa/LUFA-git/LUFA/Drivers/USB/Core/AVR8/USBController_AVR8.o
 .debug_abbrev  0x0000000000001e3f      0x2a5 obj_adb_usb/protocol/lufa/LUFA-git/LUFA/Drivers/USB/Core/AVR8/USBInterrupt_AVR8.o
 .debug_abbrev  0x00000000000020e4      0x33d obj_adb_usb/protocol/lufa/LUFA-git/LUFA/Drivers/USB/Core/DeviceStandardReq.o
 .debug_abbrev  0x0000000000002421      0x1aa obj_adb_usb/protocol/lufa/LUFA-git/LUFA/Drivers/USB/Core/USBTask.o
 .debug_abbrev  0x00000000000025cb      0x226 obj_adb_usb/common/host.o
 .debug_abbrev  0x00000000000027f1      0x215 obj_adb_usb/common/keyboard.o
 .debug_abbrev  0x0000000000002a06      0x184 obj_adb_usb/common/matrix.o
 .debug_abbrev  0x0000000000002b8a      0x37d obj_adb_usb/common/action.o
 .debug_abbrev  0x0000000000002f07      0x364 obj_adb_usb/common/action_tapping.o
 .debug_abbrev  0x000000000000326b      0x234 obj_adb_usb/common/action_macro.o
 .debug_abbrev  0x000000000000349f      0x33e obj_adb_usb/common/action_layer.o
 .debug_abbrev  0x00000000000037dd      0x2ae obj_adb_usb/common/action_util.o
 .debug_abbrev  0x0000000000003a8b       0x9f obj_adb_usb/common/print.o
 .debug_abbrev  0x0000000000003b2a       0xbb obj_adb_usb/common/debug.o
 .debug_abbrev  0x0000000000003be5       0xec obj_adb_usb/common/util.o
 .debug_abbrev  0x0000000000003cd1      0x1bb obj_adb_usb/common/hook.o
 .debug_abbrev  0x0000000000003e8c      0x2df obj_adb_usb/common/avr/suspend.o
 .debug_abbrev  0x000000000000416b      0x13d obj_adb_usb/common/avr/timer.o
 .debug_abbrev  0x00000000000042a8      0x236 obj_adb_usb/common/avr/bootloader.o
 .debug_abbrev  0x00000000000044de      0x254 obj_adb_usb/common/unimap.o
 .debug_abbrev  0x0000000000004732      0x239 obj_adb_usb/common/mousekey.o
 .debug_abbrev  0x000000000000496b      0x392 obj_adb_usb/common/command.o
 .debug_abbrev  0x0000000000004cfd       0x14 /usr/local/Cellar/avr-gcc/9.1.0/lib/avr-gcc/9/gcc/avr/9.1.0/avr35/libgcc.a(_mulhi3.o)
 .debug_abbrev  0x0000000000004d11       0x14 /usr/local/Cellar/avr-gcc/9.1.0/lib/avr-gcc/9/gcc/avr/9.1.0/avr35/libgcc.a(_divmodhi4.o)
 .debug_abbrev  0x0000000000004d25       0x14 /usr/local/Cellar/avr-gcc/9.1.0/lib/avr-gcc/9/gcc/avr/9.1.0/avr35/libgcc.a(_exit.o)
 .debug_abbrev  0x0000000000004d39       0x14 /usr/local/Cellar/avr-gcc/9.1.0/lib/avr-gcc/9/gcc/avr/9.1.0/avr35/libgcc.a(_tablejump2.o)
 .debug_abbrev  0x0000000000004d4d       0x14 /usr/local/Cellar/avr-gcc/9.1.0/lib/avr-gcc/9/gcc/avr/9.1.0/avr35/libgcc.a(_copy_data.o)
 .debug_abbrev  0x0000000000004d61       0x14 /usr/local/Cellar/avr-gcc/9.1.0/lib/avr-gcc/9/gcc/avr/9.1.0/avr35/libgcc.a(_clear_bss.o)
 .debug_abbrev  0x0000000000004d75       0x14 /usr/local/Cellar/avr-gcc/9.1.0/lib/avr-gcc/9/gcc/avr/9.1.0/avr35/libgcc.a(_udivmodhi4.o)

.debug_line     0x0000000000000000    0x1194e
 *(.debug_line)
 .debug_line    0x0000000000000000       0x1d /usr/local/Cellar/avr-gcc/9.1.0/lib/avr-gcc/9/gcc/avr/9.1.0/../../../../../../avr/lib/avr35/crtatmega32u2.o
 .debug_line    0x000000000000001d       0xba obj_adb_usb/unimap_plain.o
 .debug_line    0x00000000000000d7     0x13ff obj_adb_usb/matrix.o
 .debug_line    0x00000000000014d6      0xa1c obj_adb_usb/adb.o
 .debug_line    0x0000000000001ef2     0x1bd7 obj_adb_usb/protocol/lufa/lufa.o
 .debug_line    0x0000000000003ac9      0x3a2 obj_adb_usb/protocol/lufa/descriptor.o
 .debug_line    0x0000000000003e6b      0x297 obj_adb_usb/protocol/lufa/LUFA-git/LUFA/Drivers/USB/Core/AVR8/Device_AVR8.o
 .debug_line    0x0000000000004102     0x33e8 obj_adb_usb/protocol/lufa/LUFA-git/LUFA/Drivers/USB/Core/AVR8/EndpointStream_AVR8.o
 .debug_line    0x00000000000074ea      0xa4e obj_adb_usb/protocol/lufa/LUFA-git/LUFA/Drivers/USB/Core/AVR8/Endpoint_AVR8.o
 .debug_line    0x0000000000007f38      0x66b obj_adb_usb/protocol/lufa/LUFA-git/LUFA/Drivers/USB/Core/AVR8/USBController_AVR8.o
 .debug_line    0x00000000000085a3      0xc10 obj_adb_usb/protocol/lufa/LUFA-git/LUFA/Drivers/USB/Core/AVR8/USBInterrupt_AVR8.o
 .debug_line    0x00000000000091b3      0xdb9 obj_adb_usb/protocol/lufa/LUFA-git/LUFA/Drivers/USB/Core/DeviceStandardReq.o
 .debug_line    0x0000000000009f6c      0x2c1 obj_adb_usb/protocol/lufa/LUFA-git/LUFA/Drivers/USB/Core/USBTask.o
 .debug_line    0x000000000000a22d      0x49c obj_adb_usb/common/host.o
 .debug_line    0x000000000000a6c9      0x3e7 obj_adb_usb/common/keyboard.o
 .debug_line    0x000000000000aab0      0x1dd obj_adb_usb/common/matrix.o
 .debug_line    0x000000000000ac8d     0x1452 obj_adb_usb/common/action.o
 .debug_line    0x000000000000c0df      0xc43 obj_adb_usb/common/action_tapping.o
 .debug_line    0x000000000000cd22      0x4e1 obj_adb_usb/common/action_macro.o
 .debug_line    0x000000000000d203      0x67a obj_adb_usb/common/action_layer.o
 .debug_line    0x000000000000d87d      0x642 obj_adb_usb/common/action_util.o
 .debug_line    0x000000000000debf       0xc0 obj_adb_usb/common/print.o
 .debug_line    0x000000000000df7f       0xa8 obj_adb_usb/common/debug.o
 .debug_line    0x000000000000e027      0x660 obj_adb_usb/common/util.o
 .debug_line    0x000000000000e687      0x142 obj_adb_usb/common/hook.o
 .debug_line    0x000000000000e7c9      0x44a obj_adb_usb/common/avr/suspend.o
 .debug_line    0x000000000000ec13      0x38d obj_adb_usb/common/avr/timer.o
 .debug_line    0x000000000000efa0      0x38a obj_adb_usb/common/avr/bootloader.o
 .debug_line    0x000000000000f32a      0x25a obj_adb_usb/common/unimap.o
 .debug_line    0x000000000000f584      0xfa8 obj_adb_usb/common/mousekey.o
 .debug_line    0x000000000001052c      0xfdd obj_adb_usb/common/command.o
 .debug_line    0x0000000000011509       0xbb /usr/local/Cellar/avr-gcc/9.1.0/lib/avr-gcc/9/gcc/avr/9.1.0/avr35/libgcc.a(_mulhi3.o)
 .debug_line    0x00000000000115c4       0xc7 /usr/local/Cellar/avr-gcc/9.1.0/lib/avr-gcc/9/gcc/avr/9.1.0/avr35/libgcc.a(_divmodhi4.o)
 .debug_line    0x000000000001168b       0x61 /usr/local/Cellar/avr-gcc/9.1.0/lib/avr-gcc/9/gcc/avr/9.1.0/avr35/libgcc.a(_exit.o)
 .debug_line    0x00000000000116ec       0x79 /usr/local/Cellar/avr-gcc/9.1.0/lib/avr-gcc/9/gcc/avr/9.1.0/avr35/libgcc.a(_tablejump2.o)
 .debug_line    0x0000000000011765       0x97 /usr/local/Cellar/avr-gcc/9.1.0/lib/avr-gcc/9/gcc/avr/9.1.0/avr35/libgcc.a(_copy_data.o)
 .debug_line    0x00000000000117fc       0x85 /usr/local/Cellar/avr-gcc/9.1.0/lib/avr-gcc/9/gcc/avr/9.1.0/avr35/libgcc.a(_clear_bss.o)
 .debug_line    0x0000000000011881       0xcd /usr/local/Cellar/avr-gcc/9.1.0/lib/avr-gcc/9/gcc/avr/9.1.0/avr35/libgcc.a(_udivmodhi4.o)

.debug_frame    0x0000000000000000     0x1bb4
 *(.debug_frame)
 .debug_frame   0x0000000000000000      0x1e4 obj_adb_usb/matrix.o
 .debug_frame   0x00000000000001e4      0x1bc obj_adb_usb/adb.o
 .debug_frame   0x00000000000003a0      0x1c4 obj_adb_usb/protocol/lufa/lufa.o
 .debug_frame   0x0000000000000564       0x24 obj_adb_usb/protocol/lufa/descriptor.o
 .debug_frame   0x0000000000000588       0x24 obj_adb_usb/protocol/lufa/LUFA-git/LUFA/Drivers/USB/Core/AVR8/Device_AVR8.o
 .debug_frame   0x00000000000005ac      0x474 obj_adb_usb/protocol/lufa/LUFA-git/LUFA/Drivers/USB/Core/AVR8/EndpointStream_AVR8.o
 .debug_frame   0x0000000000000a20       0x7c obj_adb_usb/protocol/lufa/LUFA-git/LUFA/Drivers/USB/Core/AVR8/Endpoint_AVR8.o
 .debug_frame   0x0000000000000a9c       0x44 obj_adb_usb/protocol/lufa/LUFA-git/LUFA/Drivers/USB/Core/AVR8/USBController_AVR8.o
 .debug_frame   0x0000000000000ae0      0x108 obj_adb_usb/protocol/lufa/LUFA-git/LUFA/Drivers/USB/Core/AVR8/USBInterrupt_AVR8.o
 .debug_frame   0x0000000000000be8       0x3c obj_adb_usb/protocol/lufa/LUFA-git/LUFA/Drivers/USB/Core/DeviceStandardReq.o
 .debug_frame   0x0000000000000c24       0x2c obj_adb_usb/protocol/lufa/LUFA-git/LUFA/Drivers/USB/Core/USBTask.o
 .debug_frame   0x0000000000000c50      0x110 obj_adb_usb/common/host.o
 .debug_frame   0x0000000000000d60       0x9c obj_adb_usb/common/keyboard.o
 .debug_frame   0x0000000000000dfc       0xdc obj_adb_usb/common/matrix.o
 .debug_frame   0x0000000000000ed8      0x188 obj_adb_usb/common/action.o
 .debug_frame   0x0000000000001060       0xec obj_adb_usb/common/action_tapping.o
 .debug_frame   0x000000000000114c       0x50 obj_adb_usb/common/action_macro.o
 .debug_frame   0x000000000000119c      0x26c obj_adb_usb/common/action_layer.o
 .debug_frame   0x0000000000001408      0x144 obj_adb_usb/common/action_util.o
 .debug_frame   0x000000000000154c       0x24 obj_adb_usb/common/print.o
 .debug_frame   0x0000000000001570       0xdc obj_adb_usb/common/util.o
 .debug_frame   0x000000000000164c       0x98 obj_adb_usb/common/hook.o
 .debug_frame   0x00000000000016e4       0x80 obj_adb_usb/common/avr/suspend.o
 .debug_frame   0x0000000000001764       0xe4 obj_adb_usb/common/avr/timer.o
 .debug_frame   0x0000000000001848       0x34 obj_adb_usb/common/avr/bootloader.o
 .debug_frame   0x000000000000187c       0x5c obj_adb_usb/common/unimap.o
 .debug_frame   0x00000000000018d8       0xf4 obj_adb_usb/common/mousekey.o
 .debug_frame   0x00000000000019cc      0x1e8 obj_adb_usb/common/command.o

.debug_str      0x0000000000000000     0x4743
 *(.debug_str)
 .debug_str     0x0000000000000000      0x262 /usr/local/Cellar/avr-gcc/9.1.0/lib/avr-gcc/9/gcc/avr/9.1.0/../../../../../../avr/lib/avr35/crtatmega32u2.o
 .debug_str     0x0000000000000262     0x1191 obj_adb_usb/unimap_plain.o
                                       0x120d (size before relaxing)
 .debug_str     0x00000000000013f3      0x2ac obj_adb_usb/matrix.o
                                        0x499 (size before relaxing)
 .debug_str     0x000000000000169f       0x94 obj_adb_usb/adb.o
                                        0x325 (size before relaxing)
 .debug_str     0x0000000000001733      0x96f obj_adb_usb/protocol/lufa/lufa.o
                                        0xc7c (size before relaxing)
 .debug_str     0x00000000000020a2      0x7a4 obj_adb_usb/protocol/lufa/descriptor.o
                                        0xaa4 (size before relaxing)
 .debug_str     0x0000000000002846       0x7b obj_adb_usb/protocol/lufa/LUFA-git/LUFA/Drivers/USB/Core/AVR8/Device_AVR8.o
                                        0x30a (size before relaxing)
 .debug_str     0x00000000000028c1      0x4e4 obj_adb_usb/protocol/lufa/LUFA-git/LUFA/Drivers/USB/Core/AVR8/EndpointStream_AVR8.o
                                        0x8fe (size before relaxing)
 .debug_str     0x0000000000002da5      0x223 obj_adb_usb/protocol/lufa/LUFA-git/LUFA/Drivers/USB/Core/AVR8/Endpoint_AVR8.o
                                        0x6be (size before relaxing)
 .debug_str     0x0000000000002fc8      0x169 obj_adb_usb/protocol/lufa/LUFA-git/LUFA/Drivers/USB/Core/AVR8/USBController_AVR8.o
                                        0x5b9 (size before relaxing)
 .debug_str     0x0000000000003131      0x116 obj_adb_usb/protocol/lufa/LUFA-git/LUFA/Drivers/USB/Core/AVR8/USBInterrupt_AVR8.o
                                        0x65b (size before relaxing)
 .debug_str     0x0000000000003247      0x417 obj_adb_usb/protocol/lufa/LUFA-git/LUFA/Drivers/USB/Core/DeviceStandardReq.o
                                        0xa12 (size before relaxing)
 .debug_str     0x000000000000365e       0x6e obj_adb_usb/protocol/lufa/LUFA-git/LUFA/Drivers/USB/Core/USBTask.o
                                        0x411 (size before relaxing)
 .debug_str     0x00000000000036cc       0x96 obj_adb_usb/common/host.o
                                        0x3a7 (size before relaxing)
 .debug_str     0x0000000000003762      0x175 obj_adb_usb/common/keyboard.o
                                        0x472 (size before relaxing)
 .debug_str     0x00000000000038d7       0x66 obj_adb_usb/common/matrix.o
                                        0x240 (size before relaxing)
 .debug_str     0x000000000000393d      0x707 obj_adb_usb/common/action.o
                                       0x14fc (size before relaxing)
 .debug_str     0x0000000000004044       0xec obj_adb_usb/common/action_tapping.o
                                        0xdd7 (size before relaxing)
 .debug_str     0x0000000000004130       0x99 obj_adb_usb/common/action_macro.o
                                        0xba4 (size before relaxing)
 .debug_str     0x00000000000041c9       0xb5 obj_adb_usb/common/action_layer.o
                                        0x4c8 (size before relaxing)
 .debug_str     0x000000000000427e       0x8f obj_adb_usb/common/action_util.o
                                        0x3bc (size before relaxing)
 .debug_str     0x000000000000430d       0x2c obj_adb_usb/common/print.o
                                        0x1df (size before relaxing)
 .debug_str     0x0000000000004339       0x1e obj_adb_usb/common/debug.o
                                        0x1ff (size before relaxing)
 .debug_str     0x0000000000004357       0x5e obj_adb_usb/common/util.o
                                        0x20b (size before relaxing)
 .debug_str     0x00000000000043b5       0x2c obj_adb_usb/common/hook.o
                                        0x300 (size before relaxing)
 .debug_str     0x00000000000043e1       0x4e obj_adb_usb/common/avr/suspend.o
                                        0x539 (size before relaxing)
 .debug_str     0x000000000000442f       0x54 obj_adb_usb/common/avr/timer.o
                                        0x232 (size before relaxing)
 .debug_str     0x0000000000004483       0x77 obj_adb_usb/common/avr/bootloader.o
                                        0x39c (size before relaxing)
 .debug_str     0x00000000000044fa       0x3b obj_adb_usb/common/unimap.o
                                        0x998 (size before relaxing)
 .debug_str     0x0000000000004535       0x6f obj_adb_usb/common/mousekey.o
                                        0x6c5 (size before relaxing)
 .debug_str     0x00000000000045a4      0x11d obj_adb_usb/common/command.o
                                        0xcb9 (size before relaxing)
 .debug_str     0x00000000000046c1       0x82 /usr/local/Cellar/avr-gcc/9.1.0/lib/avr-gcc/9/gcc/avr/9.1.0/avr35/libgcc.a(_mulhi3.o)
 .debug_str     0x0000000000004743       0x82 /usr/local/Cellar/avr-gcc/9.1.0/lib/avr-gcc/9/gcc/avr/9.1.0/avr35/libgcc.a(_divmodhi4.o)
 .debug_str     0x0000000000004743       0x82 /usr/local/Cellar/avr-gcc/9.1.0/lib/avr-gcc/9/gcc/avr/9.1.0/avr35/libgcc.a(_exit.o)
 .debug_str     0x0000000000004743       0x82 /usr/local/Cellar/avr-gcc/9.1.0/lib/avr-gcc/9/gcc/avr/9.1.0/avr35/libgcc.a(_tablejump2.o)
 .debug_str     0x0000000000004743       0x82 /usr/local/Cellar/avr-gcc/9.1.0/lib/avr-gcc/9/gcc/avr/9.1.0/avr35/libgcc.a(_copy_data.o)
 .debug_str     0x0000000000004743       0x82 /usr/local/Cellar/avr-gcc/9.1.0/lib/avr-gcc/9/gcc/avr/9.1.0/avr35/libgcc.a(_clear_bss.o)
 .debug_str     0x0000000000004743       0x82 /usr/local/Cellar/avr-gcc/9.1.0/lib/avr-gcc/9/gcc/avr/9.1.0/avr35/libgcc.a(_udivmodhi4.o)

.debug_loc      0x0000000000000000     0x9b31
 *(.debug_loc)
 .debug_loc     0x0000000000000000      0xb8e obj_adb_usb/matrix.o
 .debug_loc     0x0000000000000b8e      0xa77 obj_adb_usb/adb.o
 .debug_loc     0x0000000000001605      0x839 obj_adb_usb/protocol/lufa/lufa.o
 .debug_loc     0x0000000000001e3e      0x386 obj_adb_usb/protocol/lufa/descriptor.o
 .debug_loc     0x00000000000021c4     0x2718 obj_adb_usb/protocol/lufa/LUFA-git/LUFA/Drivers/USB/Core/AVR8/EndpointStream_AVR8.o
 .debug_loc     0x00000000000048dc      0x4a0 obj_adb_usb/protocol/lufa/LUFA-git/LUFA/Drivers/USB/Core/AVR8/Endpoint_AVR8.o
 .debug_loc     0x0000000000004d7c       0x9a obj_adb_usb/protocol/lufa/LUFA-git/LUFA/Drivers/USB/Core/AVR8/USBController_AVR8.o
 .debug_loc     0x0000000000004e16      0x450 obj_adb_usb/protocol/lufa/LUFA-git/LUFA/Drivers/USB/Core/AVR8/USBInterrupt_AVR8.o
 .debug_loc     0x0000000000005266      0x363 obj_adb_usb/protocol/lufa/LUFA-git/LUFA/Drivers/USB/Core/DeviceStandardReq.o
 .debug_loc     0x00000000000055c9       0x62 obj_adb_usb/protocol/lufa/LUFA-git/LUFA/Drivers/USB/Core/USBTask.o
 .debug_loc     0x000000000000562b      0x2c7 obj_adb_usb/common/host.o
 .debug_loc     0x00000000000058f2      0x194 obj_adb_usb/common/keyboard.o
 .debug_loc     0x0000000000005a86      0x151 obj_adb_usb/common/matrix.o
 .debug_loc     0x0000000000005bd7      0xe5d obj_adb_usb/common/action.o
 .debug_loc     0x0000000000006a34      0x6b0 obj_adb_usb/common/action_tapping.o
 .debug_loc     0x00000000000070e4      0x6ae obj_adb_usb/common/action_macro.o
 .debug_loc     0x0000000000007792      0x89a obj_adb_usb/common/action_layer.o
 .debug_loc     0x000000000000802c      0x1cc obj_adb_usb/common/action_util.o
 .debug_loc     0x00000000000081f8      0x4dd obj_adb_usb/common/util.o
 .debug_loc     0x00000000000086d5       0x97 obj_adb_usb/common/hook.o
 .debug_loc     0x000000000000876c       0xc9 obj_adb_usb/common/avr/suspend.o
 .debug_loc     0x0000000000008835      0x2bc obj_adb_usb/common/avr/timer.o
 .debug_loc     0x0000000000008af1       0x64 obj_adb_usb/common/avr/bootloader.o
 .debug_loc     0x0000000000008b55      0x16f obj_adb_usb/common/unimap.o
 .debug_loc     0x0000000000008cc4      0x616 obj_adb_usb/common/mousekey.o
 .debug_loc     0x00000000000092da      0x857 obj_adb_usb/common/command.o

.debug_macinfo
 *(.debug_macinfo)
START GROUP
LOAD /usr/local/Cellar/avr-gcc/9.1.0/lib/avr-gcc/9/gcc/avr/9.1.0/avr35/libgcc.a
LOAD /usr/local/Cellar/avr-gcc/9.1.0/lib/avr-gcc/9/gcc/avr/9.1.0/../../../../../../avr/lib/avr35/libm.a
LOAD /usr/local/Cellar/avr-gcc/9.1.0/lib/avr-gcc/9/gcc/avr/9.1.0/../../../../../../avr/lib/avr35/libc.a
LOAD /usr/local/Cellar/avr-gcc/9.1.0/lib/avr-gcc/9/gcc/avr/9.1.0/../../../../../../avr/lib/avr35/libatmega32u2.a
END GROUP
OUTPUT(adb_usb.elf elf32-avr)
LOAD linker stubs

.debug_ranges   0x0000000000000000     0x12e8
 .debug_ranges  0x0000000000000000      0x128 obj_adb_usb/matrix.o
 .debug_ranges  0x0000000000000128       0xe0 obj_adb_usb/adb.o
 .debug_ranges  0x0000000000000208      0x250 obj_adb_usb/protocol/lufa/lufa.o
 .debug_ranges  0x0000000000000458       0x28 obj_adb_usb/protocol/lufa/descriptor.o
 .debug_ranges  0x0000000000000480       0x10 obj_adb_usb/protocol/lufa/LUFA-git/LUFA/Drivers/USB/Core/AVR8/Device_AVR8.o
 .debug_ranges  0x0000000000000490      0x1f8 obj_adb_usb/protocol/lufa/LUFA-git/LUFA/Drivers/USB/Core/AVR8/EndpointStream_AVR8.o
 .debug_ranges  0x0000000000000688       0xd8 obj_adb_usb/protocol/lufa/LUFA-git/LUFA/Drivers/USB/Core/AVR8/Endpoint_AVR8.o
 .debug_ranges  0x0000000000000760       0x50 obj_adb_usb/protocol/lufa/LUFA-git/LUFA/Drivers/USB/Core/AVR8/USBController_AVR8.o
 .debug_ranges  0x00000000000007b0       0x70 obj_adb_usb/protocol/lufa/LUFA-git/LUFA/Drivers/USB/Core/AVR8/USBInterrupt_AVR8.o
 .debug_ranges  0x0000000000000820       0xf0 obj_adb_usb/protocol/lufa/LUFA-git/LUFA/Drivers/USB/Core/DeviceStandardReq.o
 .debug_ranges  0x0000000000000910       0x10 obj_adb_usb/protocol/lufa/LUFA-git/LUFA/Drivers/USB/Core/USBTask.o
 .debug_ranges  0x0000000000000920       0x50 obj_adb_usb/common/host.o
 .debug_ranges  0x0000000000000970       0x40 obj_adb_usb/common/keyboard.o
 .debug_ranges  0x00000000000009b0       0x48 obj_adb_usb/common/matrix.o
 .debug_ranges  0x00000000000009f8      0x120 obj_adb_usb/common/action.o
 .debug_ranges  0x0000000000000b18       0xc8 obj_adb_usb/common/action_tapping.o
 .debug_ranges  0x0000000000000be0       0x78 obj_adb_usb/common/action_macro.o
 .debug_ranges  0x0000000000000c58      0x100 obj_adb_usb/common/action_layer.o
 .debug_ranges  0x0000000000000d58      0x100 obj_adb_usb/common/action_util.o
 .debug_ranges  0x0000000000000e58       0x10 obj_adb_usb/common/print.o
 .debug_ranges  0x0000000000000e68       0x50 obj_adb_usb/common/util.o
 .debug_ranges  0x0000000000000eb8       0x30 obj_adb_usb/common/hook.o
 .debug_ranges  0x0000000000000ee8       0x48 obj_adb_usb/common/avr/suspend.o
 .debug_ranges  0x0000000000000f30       0x40 obj_adb_usb/common/avr/timer.o
 .debug_ranges  0x0000000000000f70       0x30 obj_adb_usb/common/avr/bootloader.o
 .debug_ranges  0x0000000000000fa0       0x28 obj_adb_usb/common/unimap.o
 .debug_ranges  0x0000000000000fc8       0xc8 obj_adb_usb/common/mousekey.o
 .debug_ranges  0x0000000000001090      0x258 obj_adb_usb/common/command.o

Cross Reference Table

Symbol                                            File