Archive member included to satisfy reference by file (symbol)

/usr/local/Cellar/avr-gcc/9.1.0/lib/avr-gcc/9/gcc/avr/9.1.0/../../../../../../avr/lib/avr5/libm.a(fixsfsi.o)
                              obj_adb_usb_rev1/common/mousekey.o (__fixsfsi)
/usr/local/Cellar/avr-gcc/9.1.0/lib/avr-gcc/9/gcc/avr/9.1.0/../../../../../../avr/lib/avr5/libm.a(fixunssfsi.o)
                              /usr/local/Cellar/avr-gcc/9.1.0/lib/avr-gcc/9/gcc/avr/9.1.0/../../../../../../avr/lib/avr5/libm.a(fixsfsi.o) (__fixunssfsi)
/usr/local/Cellar/avr-gcc/9.1.0/lib/avr-gcc/9/gcc/avr/9.1.0/../../../../../../avr/lib/avr5/libm.a(floatsisf.o)
                              obj_adb_usb_rev1/common/mousekey.o (__floatsisf)
/usr/local/Cellar/avr-gcc/9.1.0/lib/avr-gcc/9/gcc/avr/9.1.0/../../../../../../avr/lib/avr5/libm.a(fp_split3.o)
                              /usr/local/Cellar/avr-gcc/9.1.0/lib/avr-gcc/9/gcc/avr/9.1.0/../../../../../../avr/lib/avr5/libm.a(fixunssfsi.o) (__fp_splitA)
/usr/local/Cellar/avr-gcc/9.1.0/lib/avr-gcc/9/gcc/avr/9.1.0/../../../../../../avr/lib/avr5/libm.a(fp_zero.o)
                              /usr/local/Cellar/avr-gcc/9.1.0/lib/avr-gcc/9/gcc/avr/9.1.0/../../../../../../avr/lib/avr5/libm.a(fixunssfsi.o) (__fp_zero)
/usr/local/Cellar/avr-gcc/9.1.0/lib/avr-gcc/9/gcc/avr/9.1.0/../../../../../../avr/lib/avr5/libm.a(mulsf3.o)
                              obj_adb_usb_rev1/common/mousekey.o (__mulsf3)
/usr/local/Cellar/avr-gcc/9.1.0/lib/avr-gcc/9/gcc/avr/9.1.0/../../../../../../avr/lib/avr5/libm.a(mulsf3x.o)
                              /usr/local/Cellar/avr-gcc/9.1.0/lib/avr-gcc/9/gcc/avr/9.1.0/../../../../../../avr/lib/avr5/libm.a(mulsf3.o) (__mulsf3x)
/usr/local/Cellar/avr-gcc/9.1.0/lib/avr-gcc/9/gcc/avr/9.1.0/../../../../../../avr/lib/avr5/libm.a(fp_inf.o)
                              /usr/local/Cellar/avr-gcc/9.1.0/lib/avr-gcc/9/gcc/avr/9.1.0/../../../../../../avr/lib/avr5/libm.a(mulsf3x.o) (__fp_inf)
/usr/local/Cellar/avr-gcc/9.1.0/lib/avr-gcc/9/gcc/avr/9.1.0/../../../../../../avr/lib/avr5/libm.a(fp_nan.o)
                              /usr/local/Cellar/avr-gcc/9.1.0/lib/avr-gcc/9/gcc/avr/9.1.0/../../../../../../avr/lib/avr5/libm.a(mulsf3x.o) (__fp_nan)
/usr/local/Cellar/avr-gcc/9.1.0/lib/avr-gcc/9/gcc/avr/9.1.0/../../../../../../avr/lib/avr5/libm.a(fp_pscA.o)
                              /usr/local/Cellar/avr-gcc/9.1.0/lib/avr-gcc/9/gcc/avr/9.1.0/../../../../../../avr/lib/avr5/libm.a(mulsf3x.o) (__fp_pscA)
/usr/local/Cellar/avr-gcc/9.1.0/lib/avr-gcc/9/gcc/avr/9.1.0/../../../../../../avr/lib/avr5/libm.a(fp_pscB.o)
                              /usr/local/Cellar/avr-gcc/9.1.0/lib/avr-gcc/9/gcc/avr/9.1.0/../../../../../../avr/lib/avr5/libm.a(mulsf3x.o) (__fp_pscB)
/usr/local/Cellar/avr-gcc/9.1.0/lib/avr-gcc/9/gcc/avr/9.1.0/../../../../../../avr/lib/avr5/libm.a(fp_round.o)
                              /usr/local/Cellar/avr-gcc/9.1.0/lib/avr-gcc/9/gcc/avr/9.1.0/../../../../../../avr/lib/avr5/libm.a(mulsf3.o) (__fp_round)
/usr/local/Cellar/avr-gcc/9.1.0/lib/avr-gcc/9/gcc/avr/9.1.0/avr5/libgcc.a(_divmodhi4.o)
                              obj_adb_usb_rev1/common/mousekey.o (__divmodhi4)
/usr/local/Cellar/avr-gcc/9.1.0/lib/avr-gcc/9/gcc/avr/9.1.0/avr5/libgcc.a(_exit.o)
                              /usr/local/Cellar/avr-gcc/9.1.0/lib/avr-gcc/9/gcc/avr/9.1.0/../../../../../../avr/lib/avr5/crtatmega32u4.o (exit)
/usr/local/Cellar/avr-gcc/9.1.0/lib/avr-gcc/9/gcc/avr/9.1.0/avr5/libgcc.a(_tablejump2.o)
                              obj_adb_usb_rev1/matrix.o (__tablejump2__)
/usr/local/Cellar/avr-gcc/9.1.0/lib/avr-gcc/9/gcc/avr/9.1.0/avr5/libgcc.a(_copy_data.o)
                              obj_adb_usb_rev1/matrix.o (__do_copy_data)
/usr/local/Cellar/avr-gcc/9.1.0/lib/avr-gcc/9/gcc/avr/9.1.0/avr5/libgcc.a(_clear_bss.o)
                              obj_adb_usb_rev1/matrix.o (__do_clear_bss)
/usr/local/Cellar/avr-gcc/9.1.0/lib/avr-gcc/9/gcc/avr/9.1.0/avr5/libgcc.a(_popcounthi2.o)
                              obj_adb_usb_rev1/common/util.o (__popcounthi2)
/usr/local/Cellar/avr-gcc/9.1.0/lib/avr-gcc/9/gcc/avr/9.1.0/avr5/libgcc.a(_popcountsi2.o)
                              obj_adb_usb_rev1/common/util.o (__popcountsi2)
/usr/local/Cellar/avr-gcc/9.1.0/lib/avr-gcc/9/gcc/avr/9.1.0/avr5/libgcc.a(_popcountqi2.o)
                              /usr/local/Cellar/avr-gcc/9.1.0/lib/avr-gcc/9/gcc/avr/9.1.0/avr5/libgcc.a(_popcounthi2.o) (__popcountqi2)
/usr/local/Cellar/avr-gcc/9.1.0/lib/avr-gcc/9/gcc/avr/9.1.0/avr5/libgcc.a(_udivmodhi4.o)
                              /usr/local/Cellar/avr-gcc/9.1.0/lib/avr-gcc/9/gcc/avr/9.1.0/avr5/libgcc.a(_divmodhi4.o) (__udivmodhi4)
/usr/local/Cellar/avr-gcc/9.1.0/lib/avr-gcc/9/gcc/avr/9.1.0/../../../../../../avr/lib/avr5/libatmega32u4.a(eerd_byte.o)
                              obj_adb_usb_rev1/protocol/lufa/LUFA-git/LUFA/Drivers/USB/Core/AVR8/EndpointStream_AVR8.o (eeprom_read_byte)
[...]
Memory Configuration

Name             Origin             Length             Attributes
text             0x0000000000000000 0x0000000000020000 xr
keymap           0x0000000000006800 0x0000000000000800 rw !x
data             0x0000000000800060 0x000000000000ffa0 rw !x
eeprom           0x0000000000810000 0x0000000000010000 rw !x
fuse             0x0000000000820000 0x0000000000000400 rw !x
lock             0x0000000000830000 0x0000000000000400 rw !x
signature        0x0000000000840000 0x0000000000000400 rw !x
*default*        0x0000000000000000 0xffffffffffffffff

Linker script and memory map

Address of section .data set to 0x800100
LOAD /usr/local/Cellar/avr-gcc/9.1.0/lib/avr-gcc/9/gcc/avr/9.1.0/../../../../../../avr/lib/avr5/crtatmega32u4.o
LOAD obj_adb_usb_rev1/unimap_plain.o
LOAD obj_adb_usb_rev1/matrix.o
LOAD obj_adb_usb_rev1/adb.o
LOAD obj_adb_usb_rev1/protocol/lufa/lufa.o
LOAD obj_adb_usb_rev1/protocol/lufa/descriptor.o
LOAD obj_adb_usb_rev1/protocol/lufa/LUFA-git/LUFA/Drivers/USB/Class/Common/HIDParser.o
LOAD obj_adb_usb_rev1/protocol/lufa/LUFA-git/LUFA/Drivers/USB/Core/AVR8/Device_AVR8.o
LOAD obj_adb_usb_rev1/protocol/lufa/LUFA-git/LUFA/Drivers/USB/Core/AVR8/EndpointStream_AVR8.o
LOAD obj_adb_usb_rev1/protocol/lufa/LUFA-git/LUFA/Drivers/USB/Core/AVR8/Endpoint_AVR8.o
LOAD obj_adb_usb_rev1/protocol/lufa/LUFA-git/LUFA/Drivers/USB/Core/AVR8/Host_AVR8.o
LOAD obj_adb_usb_rev1/protocol/lufa/LUFA-git/LUFA/Drivers/USB/Core/AVR8/PipeStream_AVR8.o
LOAD obj_adb_usb_rev1/protocol/lufa/LUFA-git/LUFA/Drivers/USB/Core/AVR8/Pipe_AVR8.o
LOAD obj_adb_usb_rev1/protocol/lufa/LUFA-git/LUFA/Drivers/USB/Core/AVR8/USBController_AVR8.o
LOAD obj_adb_usb_rev1/protocol/lufa/LUFA-git/LUFA/Drivers/USB/Core/AVR8/USBInterrupt_AVR8.o
LOAD obj_adb_usb_rev1/protocol/lufa/LUFA-git/LUFA/Drivers/USB/Core/ConfigDescriptors.o
LOAD obj_adb_usb_rev1/protocol/lufa/LUFA-git/LUFA/Drivers/USB/Core/DeviceStandardReq.o
LOAD obj_adb_usb_rev1/protocol/lufa/LUFA-git/LUFA/Drivers/USB/Core/Events.o
LOAD obj_adb_usb_rev1/protocol/lufa/LUFA-git/LUFA/Drivers/USB/Core/HostStandardReq.o
LOAD obj_adb_usb_rev1/protocol/lufa/LUFA-git/LUFA/Drivers/USB/Core/USBTask.o
LOAD obj_adb_usb_rev1/common/host.o
LOAD obj_adb_usb_rev1/common/keyboard.o
LOAD obj_adb_usb_rev1/common/matrix.o
LOAD obj_adb_usb_rev1/common/action.o
LOAD obj_adb_usb_rev1/common/action_tapping.o
LOAD obj_adb_usb_rev1/common/action_macro.o
LOAD obj_adb_usb_rev1/common/action_layer.o
LOAD obj_adb_usb_rev1/common/action_util.o
LOAD obj_adb_usb_rev1/common/print.o
LOAD obj_adb_usb_rev1/common/debug.o
LOAD obj_adb_usb_rev1/common/util.o
LOAD obj_adb_usb_rev1/common/hook.o
LOAD obj_adb_usb_rev1/common/avr/suspend.o
LOAD obj_adb_usb_rev1/common/avr/xprintf.o
LOAD obj_adb_usb_rev1/common/avr/timer.o
LOAD obj_adb_usb_rev1/common/avr/bootloader.o
LOAD obj_adb_usb_rev1/common/unimap.o
LOAD obj_adb_usb_rev1/common/mousekey.o
LOAD obj_adb_usb_rev1/common/command.o
LOAD /usr/local/Cellar/avr-gcc/9.1.0/lib/avr-gcc/9/gcc/avr/9.1.0/../../../../../../avr/lib/avr5/libm.a

.hash
 *(.hash)

.dynsym
 *(.dynsym)

.dynstr
 *(.dynstr)

.gnu.version
 *(.gnu.version)

.gnu.version_d
 *(.gnu.version_d)

.gnu.version_r
 *(.gnu.version_r)

.rel.init
 *(.rel.init)

.rela.init
 *(.rela.init)

.rel.text
 *(.rel.text)
 *(.rel.text.*)
 *(.rel.gnu.linkonce.t*)

.rela.text
 *(.rela.text)
 *(.rela.text.*)
 *(.rela.gnu.linkonce.t*)

.rel.fini
 *(.rel.fini)

.rela.fini
 *(.rela.fini)

.rel.rodata
 *(.rel.rodata)
 *(.rel.rodata.*)
 *(.rel.gnu.linkonce.r*)

.rela.rodata
 *(.rela.rodata)
 *(.rela.rodata.*)
 *(.rela.gnu.linkonce.r*)

.rel.data
 *(.rel.data)
 *(.rel.data.*)
 *(.rel.gnu.linkonce.d*)

.rela.data
 *(.rela.data)
 *(.rela.data.*)
 *(.rela.gnu.linkonce.d*)

.rel.ctors
 *(.rel.ctors)

.rela.ctors
 *(.rela.ctors)

.rel.dtors
 *(.rel.dtors)

.rela.dtors
 *(.rela.dtors)

.rel.got
 *(.rel.got)

.rela.got
 *(.rela.got)

.rel.bss
 *(.rel.bss)

.rela.bss
 *(.rela.bss)

.rel.plt
 *(.rel.plt)

.rela.plt
 *(.rela.plt)

.text           0x0000000000000000     0x57da
 *(.vectors)
 .vectors       0x0000000000000000       0xac /usr/local/Cellar/avr-gcc/9.1.0/lib/avr-gcc/9/gcc/avr/9.1.0/../../../../../../avr/lib/avr5/crtatmega32u4.o
                0x0000000000000000                __vectors
                0x0000000000000000                __vector_default
 *(.vectors)
 *(.progmem.gcc*)
 *(.progmem*)
 .progmem.data.unimap_trans
                0x00000000000000ac       0x80 obj_adb_usb_rev1/unimap_plain.o
                0x00000000000000ac                unimap_trans
 .progmem.data.__c.2400
                0x000000000000012c        0x2 obj_adb_usb_rev1/matrix.o
 .progmem.data.__c.2398
                0x000000000000012e        0x5 obj_adb_usb_rev1/matrix.o
 .progmem.data.__c.2396
                0x0000000000000133       0x14 obj_adb_usb_rev1/matrix.o
 .progmem.data.__c.2394
                0x0000000000000147       0x13 obj_adb_usb_rev1/matrix.o
 .progmem.data.__c.2386
                0x000000000000015a       0x13 obj_adb_usb_rev1/matrix.o
 .progmem.data.__c.2369
                0x000000000000016d       0x24 obj_adb_usb_rev1/matrix.o
 .progmem.data.__c.2367
                0x0000000000000191        0x3 obj_adb_usb_rev1/matrix.o
 .progmem.data.__c.2362
                0x0000000000000194        0x6 obj_adb_usb_rev1/matrix.o
 .progmem.data.__c.2359
                0x000000000000019a        0x9 obj_adb_usb_rev1/matrix.o
 .progmem.data.__c.2264
                0x00000000000001a3       0x15 obj_adb_usb_rev1/matrix.o
 .progmem.data.__c.2260
                0x00000000000001b8        0x8 obj_adb_usb_rev1/matrix.o
 .progmem.data.__c.2337
                0x00000000000001c0        0xe obj_adb_usb_rev1/matrix.o
 .progmem.data.__c.2333
                0x00000000000001ce        0xa obj_adb_usb_rev1/matrix.o
 .progmem.data.__c.2331
                0x00000000000001d8        0x9 obj_adb_usb_rev1/matrix.o
 .progmem.data.__c.2329
                0x00000000000001e1        0xe obj_adb_usb_rev1/matrix.o
 .progmem.data.__c.2327
                0x00000000000001ef        0xa obj_adb_usb_rev1/matrix.o
 .progmem.data.__c.2322
                0x00000000000001f9        0x6 obj_adb_usb_rev1/matrix.o
 .progmem.data.__c.2319
                0x00000000000001ff        0x7 obj_adb_usb_rev1/matrix.o
 .progmem.data.__c.2315
                0x0000000000000206       0x10 obj_adb_usb_rev1/matrix.o
 .progmem.data.__c.2313
                0x0000000000000216       0x10 obj_adb_usb_rev1/matrix.o
 .progmem.data.__c.2310
                0x0000000000000226       0x13 obj_adb_usb_rev1/matrix.o
 .progmem.data.__c.2308
                0x0000000000000239        0xb obj_adb_usb_rev1/matrix.o
 .progmem.data.__c.2306
                0x0000000000000244       0x13 obj_adb_usb_rev1/matrix.o
 .progmem.data.__c.2293
                0x0000000000000257        0x9 obj_adb_usb_rev1/matrix.o
 .progmem.data.__c.2291
                0x0000000000000260        0xc obj_adb_usb_rev1/matrix.o
 .progmem.data.__c.2289
                0x000000000000026c       0x17 obj_adb_usb_rev1/matrix.o
 .progmem.data.__c.2272
                0x0000000000000283        0xc obj_adb_usb_rev1/matrix.o
 .progmem.data.__c.1919
                0x000000000000028f        0x2 obj_adb_usb_rev1/adb.o
 .progmem.data.__c.1917
                0x0000000000000291        0x2 obj_adb_usb_rev1/adb.o
 .progmem.data.__c.1915
                0x0000000000000293        0x2 obj_adb_usb_rev1/adb.o
 .progmem.data.__c.5033
                0x0000000000000295       0x12 obj_adb_usb_rev1/protocol/lufa/lufa.o
 .progmem.data.__c.5031
                0x00000000000002a7       0x12 obj_adb_usb_rev1/protocol/lufa/lufa.o
 .progmem.data.__c.5026
                0x00000000000002b9       0x16 obj_adb_usb_rev1/protocol/lufa/lufa.o
 .progmem.data.ProductString
                0x00000000000002cf       0x30 obj_adb_usb_rev1/protocol/lufa/descriptor.o
                0x00000000000002cf                ProductString
 .progmem.data.ManufacturerString
                0x00000000000002ff       0x10 obj_adb_usb_rev1/protocol/lufa/descriptor.o
                0x00000000000002ff                ManufacturerString
 .progmem.data.LanguageString
                0x000000000000030f        0x4 obj_adb_usb_rev1/protocol/lufa/descriptor.o
                0x000000000000030f                LanguageString
 .progmem.data.ConfigurationDescriptor
                0x0000000000000313       0x74 obj_adb_usb_rev1/protocol/lufa/descriptor.o
                0x0000000000000313                ConfigurationDescriptor
 .progmem.data.DeviceDescriptor
                0x0000000000000387       0x12 obj_adb_usb_rev1/protocol/lufa/descriptor.o
                0x0000000000000387                DeviceDescriptor
 .progmem.data.ConsoleReport
                0x0000000000000399       0x22 obj_adb_usb_rev1/protocol/lufa/descriptor.o
                0x0000000000000399                ConsoleReport
 .progmem.data.ExtrakeyReport
                0x00000000000003bb       0x36 obj_adb_usb_rev1/protocol/lufa/descriptor.o
                0x00000000000003bb                ExtrakeyReport
 .progmem.data.MouseReport
                0x00000000000003f1       0x4d obj_adb_usb_rev1/protocol/lufa/descriptor.o
                0x00000000000003f1                MouseReport
 .progmem.data.KeyboardReport
                0x000000000000043e       0x40 obj_adb_usb_rev1/protocol/lufa/descriptor.o
                0x000000000000043e                KeyboardReport
 .progmem.data.__c.2142
                0x000000000000047e       0x10 obj_adb_usb_rev1/common/host.o
 .progmem.data.__c.2137
                0x000000000000048e        0xe obj_adb_usb_rev1/common/host.o
 .progmem.data.__c.2129
                0x000000000000049c        0x2 obj_adb_usb_rev1/common/host.o
 .progmem.data.__c.2124
                0x000000000000049e        0x6 obj_adb_usb_rev1/common/host.o
 .progmem.data.__c.2121
                0x00000000000004a4        0xb obj_adb_usb_rev1/common/host.o
 .progmem.data.__c.2451
                0x00000000000004af        0xb obj_adb_usb_rev1/common/keyboard.o
 .progmem.data.__c.1775
                0x00000000000004ba        0xe obj_adb_usb_rev1/common/matrix.o
 .progmem.data.__c.1772
                0x00000000000004c8        0xe obj_adb_usb_rev1/common/matrix.o
 .progmem.data.__c.2202
                0x00000000000004d6        0x3 obj_adb_usb_rev1/common/mousekey.o
 .progmem.data.__c.2200
                0x00000000000004d9        0x3 obj_adb_usb_rev1/common/mousekey.o
 .progmem.data.__c.2198
                0x00000000000004dc        0x2 obj_adb_usb_rev1/common/mousekey.o
 .progmem.data.__c.2196
                0x00000000000004de        0x3 obj_adb_usb_rev1/common/mousekey.o
 .progmem.data.__c.2194
                0x00000000000004e1        0x3 obj_adb_usb_rev1/common/mousekey.o
 .progmem.data.__c.2192
                0x00000000000004e4        0x3 obj_adb_usb_rev1/common/mousekey.o
 .progmem.data.__c.2190
                0x00000000000004e7        0x2 obj_adb_usb_rev1/common/mousekey.o
 .progmem.data.__c.2188
                0x00000000000004e9        0x3 obj_adb_usb_rev1/common/mousekey.o
 .progmem.data.__c.2186
                0x00000000000004ec        0x2 obj_adb_usb_rev1/common/mousekey.o
 .progmem.data.__c.2184
                0x00000000000004ee        0x3 obj_adb_usb_rev1/common/mousekey.o
 .progmem.data.__c.2182
                0x00000000000004f1        0x2 obj_adb_usb_rev1/common/mousekey.o
 .progmem.data.__c.2180
                0x00000000000004f3        0x3 obj_adb_usb_rev1/common/mousekey.o
 .progmem.data.__c.2178
                0x00000000000004f6        0x2 obj_adb_usb_rev1/common/mousekey.o
 .progmem.data.__c.2176
                0x00000000000004f8        0x5 obj_adb_usb_rev1/common/mousekey.o
 .progmem.data.__c.2174
                0x00000000000004fd       0x23 obj_adb_usb_rev1/common/mousekey.o
 .progmem.data.__c.2823
                0x0000000000000520       0x1b obj_adb_usb_rev1/common/command.o
 .progmem.data.__c.2820
                0x000000000000053b       0x19 obj_adb_usb_rev1/common/command.o
 .progmem.data.__c.2817
                0x0000000000000554       0x15 obj_adb_usb_rev1/common/command.o
 .progmem.data.__c.2814
                0x0000000000000569       0x13 obj_adb_usb_rev1/common/command.o
 .progmem.data.__c.2811
                0x000000000000057c       0x12 obj_adb_usb_rev1/common/command.o
 .progmem.data.__c.2807
                0x000000000000058e        0xf obj_adb_usb_rev1/common/command.o
 .progmem.data.__c.2800
                0x000000000000059d       0x1b obj_adb_usb_rev1/common/command.o
 .progmem.data.__c.2797
                0x00000000000005b8       0x19 obj_adb_usb_rev1/common/command.o
 .progmem.data.__c.2794
                0x00000000000005d1       0x15 obj_adb_usb_rev1/common/command.o
 .progmem.data.__c.2791
                0x00000000000005e6       0x13 obj_adb_usb_rev1/common/command.o
 .progmem.data.__c.2788
                0x00000000000005f9       0x12 obj_adb_usb_rev1/common/command.o
 .progmem.data.__c.2784
                0x000000000000060b        0xf obj_adb_usb_rev1/common/command.o
 .progmem.data.__c.2777
                0x000000000000061a        0x2 obj_adb_usb_rev1/common/command.o
 .progmem.data.__c.2775
                0x000000000000061c        0x3 obj_adb_usb_rev1/common/command.o
 .progmem.data.__c.2773
                0x000000000000061f       0x17 obj_adb_usb_rev1/common/command.o
 .progmem.data.__c.2771
                0x0000000000000636        0x2 obj_adb_usb_rev1/common/command.o
 .progmem.data.__c.2769
                0x0000000000000638        0x3 obj_adb_usb_rev1/common/command.o
 .progmem.data.__c.2767
                0x000000000000063b       0x15 obj_adb_usb_rev1/common/command.o
 .progmem.data.__c.2765
                0x0000000000000650        0x2 obj_adb_usb_rev1/common/command.o
 .progmem.data.__c.2763
                0x0000000000000652        0x3 obj_adb_usb_rev1/common/command.o
 .progmem.data.__c.2761
                0x0000000000000655       0x11 obj_adb_usb_rev1/common/command.o
 .progmem.data.__c.2759
                0x0000000000000666        0x2 obj_adb_usb_rev1/common/command.o
 .progmem.data.__c.2757
                0x0000000000000668        0x3 obj_adb_usb_rev1/common/command.o
 .progmem.data.__c.2755
                0x000000000000066b        0xf obj_adb_usb_rev1/common/command.o
 .progmem.data.__c.2753
                0x000000000000067a        0x2 obj_adb_usb_rev1/common/command.o
 .progmem.data.__c.2751
                0x000000000000067c        0x3 obj_adb_usb_rev1/common/command.o
 .progmem.data.__c.2749
                0x000000000000067f       0x12 obj_adb_usb_rev1/common/command.o
 .progmem.data.__c.2747
                0x0000000000000691        0x2 obj_adb_usb_rev1/common/command.o
 .progmem.data.__c.2745
                0x0000000000000693        0x3 obj_adb_usb_rev1/common/command.o
 .progmem.data.__c.2743
                0x0000000000000696       0x12 obj_adb_usb_rev1/common/command.o
 .progmem.data.__c.2741
                0x00000000000006a8        0xe obj_adb_usb_rev1/common/command.o
 .progmem.data.__c.2861
                0x00000000000006b6        0x3 obj_adb_usb_rev1/common/command.o
 .progmem.data.__c.2859
                0x00000000000006b9        0x6 obj_adb_usb_rev1/common/command.o
 .progmem.data.__c.2857
                0x00000000000006bf        0x2 obj_adb_usb_rev1/common/command.o
 .progmem.data.__c.2854
                0x00000000000006c1        0xd obj_adb_usb_rev1/common/command.o
 .progmem.data.__c.2840
                0x00000000000006ce        0x4 obj_adb_usb_rev1/common/command.o
 .progmem.data.__c.2830
                0x00000000000006d2       0x4e obj_adb_usb_rev1/common/command.o
 .progmem.data.__c.2828
                0x0000000000000720       0xfb obj_adb_usb_rev1/common/command.o
 .progmem.data.__c.2733
                0x000000000000081b        0x2 obj_adb_usb_rev1/common/command.o
 .progmem.data.__c.2730
                0x000000000000081d        0x4 obj_adb_usb_rev1/common/command.o
 .progmem.data.__c.2735
                0x0000000000000821        0x4 obj_adb_usb_rev1/common/command.o
 .progmem.data.__c.2879
                0x0000000000000825        0x5 obj_adb_usb_rev1/common/command.o
 .progmem.data.__c.2719
                0x000000000000082a       0x27 obj_adb_usb_rev1/common/command.o
 .progmem.data.__c.2649
                0x0000000000000851       0x93 obj_adb_usb_rev1/common/command.o
 .progmem.data.__c.2714
                0x00000000000008e4        0x2 obj_adb_usb_rev1/common/command.o
 .progmem.data.__c.2705
                0x00000000000008e6       0x17 obj_adb_usb_rev1/common/command.o
 .progmem.data.__c.2703
                0x00000000000008fd       0x13 obj_adb_usb_rev1/common/command.o
 .progmem.data.__c.2701
                0x0000000000000910       0x17 obj_adb_usb_rev1/common/command.o
 .progmem.data.__c.2699
                0x0000000000000927       0x1a obj_adb_usb_rev1/common/command.o
 .progmem.data.__c.2697
                0x0000000000000941        0xe obj_adb_usb_rev1/common/command.o
 .progmem.data.__c.2694
                0x000000000000094f       0x2b obj_adb_usb_rev1/common/command.o
 .progmem.data.__c.2692
                0x000000000000097a       0x45 obj_adb_usb_rev1/common/command.o
 .progmem.data.__c.2690
                0x00000000000009bf       0x28 obj_adb_usb_rev1/common/command.o
 .progmem.data.__c.2688
                0x00000000000009e7       0x45 obj_adb_usb_rev1/common/command.o
 .progmem.data.__c.2686
                0x0000000000000a2c       0x23 obj_adb_usb_rev1/common/command.o
 .progmem.data.__c.2684
                0x0000000000000a4f        0xf obj_adb_usb_rev1/common/command.o
 .progmem.data.__c.2681
                0x0000000000000a5e        0xd obj_adb_usb_rev1/common/command.o
 .progmem.data.__c.2679
                0x0000000000000a6b        0xc obj_adb_usb_rev1/common/command.o
 .progmem.data.__c.2676
                0x0000000000000a77       0x10 obj_adb_usb_rev1/common/command.o
 .progmem.data.__c.2674
                0x0000000000000a87        0xf obj_adb_usb_rev1/common/command.o
 .progmem.data.__c.2671
                0x0000000000000a96        0xe obj_adb_usb_rev1/common/command.o
 .progmem.data.__c.2669
                0x0000000000000aa4        0xd obj_adb_usb_rev1/common/command.o
 .progmem.data.__c.2666
                0x0000000000000ab1        0xc obj_adb_usb_rev1/common/command.o
 .progmem.data.__c.2664
                0x0000000000000abd        0xd obj_adb_usb_rev1/common/command.o
 .progmem.data.__c.2661
                0x0000000000000aca       0x11 obj_adb_usb_rev1/common/command.o
 .progmem.data.__c.2658
                0x0000000000000adb        0x4 obj_adb_usb_rev1/common/command.o
                0x0000000000000ae0                . = ALIGN (0x2)
 *fill*         0x0000000000000adf        0x1 
                0x0000000000000ae0                __trampolines_start = .
 *(.trampolines)
 .trampolines   0x0000000000000ae0        0x0 linker stubs
 *(.trampolines*)
                0x0000000000000ae0                __trampolines_end = .
 *(.jumptables)
 *(.jumptables*)
 .jumptables.gcc.matrix_init
                0x0000000000000ae0       0x34 obj_adb_usb_rev1/matrix.o
 .jumptables.gcc.USB_Device_ProcessControlRequest
                0x0000000000000b14       0x14 obj_adb_usb_rev1/protocol/lufa/LUFA-git/LUFA/Drivers/USB/Core/DeviceStandardReq.o
 .jumptables.gcc.process_action
                0x0000000000000b28       0x20 obj_adb_usb_rev1/common/action.o
 .jumptables.gcc.command_common
                0x0000000000000b48       0x48 obj_adb_usb_rev1/common/command.o
 *(.lowtext)
 *(.lowtext*)
                0x0000000000000b90                __ctors_start = .
 *(.ctors)
                0x0000000000000b90                __ctors_end = .
                0x0000000000000b90                __dtors_start = .
 *(.dtors)
                0x0000000000000b90                __dtors_end = .
 SORT_BY_NAME(*)(.ctors)
 SORT_BY_NAME(*)(.dtors)
 *(.init0)
 .init0         0x0000000000000b90        0x0 /usr/local/Cellar/avr-gcc/9.1.0/lib/avr-gcc/9/gcc/avr/9.1.0/../../../../../../avr/lib/avr5/crtatmega32u4.o
                0x0000000000000b90                __init
 *(.init0)
 *(.init1)
 *(.init1)
 *(.init2)
 .init2         0x0000000000000b90        0xc /usr/local/Cellar/avr-gcc/9.1.0/lib/avr-gcc/9/gcc/avr/9.1.0/../../../../../../avr/lib/avr5/crtatmega32u4.o
 *(.init2)
 *(.init3)
 .init3         0x0000000000000b9c       0x54 obj_adb_usb_rev1/common/avr/bootloader.o
                0x0000000000000b9c                bootloader_jump_after_watchdog_reset
 *(.init3)
 *(.init4)
 .init4         0x0000000000000bf0       0x16 /usr/local/Cellar/avr-gcc/9.1.0/lib/avr-gcc/9/gcc/avr/9.1.0/avr5/libgcc.a(_copy_data.o)
                0x0000000000000bf0                __do_copy_data
 .init4         0x0000000000000c06       0x10 /usr/local/Cellar/avr-gcc/9.1.0/lib/avr-gcc/9/gcc/avr/9.1.0/avr5/libgcc.a(_clear_bss.o)
                0x0000000000000c06                __do_clear_bss
 *(.init4)
 *(.init5)
 *(.init5)
 *(.init6)
 *(.init6)
 *(.init7)
 *(.init7)
 *(.init8)
 *(.init8)
 *(.init9)
 .init9         0x0000000000000c16        0x8 /usr/local/Cellar/avr-gcc/9.1.0/lib/avr-gcc/9/gcc/avr/9.1.0/../../../../../../avr/lib/avr5/crtatmega32u4.o
 *(.init9)
 *(.text)
 .text          0x0000000000000c1e        0x4 /usr/local/Cellar/avr-gcc/9.1.0/lib/avr-gcc/9/gcc/avr/9.1.0/../../../../../../avr/lib/avr5/crtatmega32u4.o
                0x0000000000000c1e                __vector_42
                0x0000000000000c1e                __vector_22
                0x0000000000000c1e                __vector_28
                0x0000000000000c1e                __vector_1
                0x0000000000000c1e                __vector_32
                0x0000000000000c1e                __vector_34
                0x0000000000000c1e                __vector_24
                0x0000000000000c1e                __bad_interrupt
                0x0000000000000c1e                __vector_6
                0x0000000000000c1e                __vector_31
                0x0000000000000c1e                __vector_35
                0x0000000000000c1e                __vector_39
                0x0000000000000c1e                __vector_3
                0x0000000000000c1e                __vector_23
                0x0000000000000c1e                __vector_30
                0x0000000000000c1e                __vector_25
                0x0000000000000c1e                __vector_13
                0x0000000000000c1e                __vector_17
                0x0000000000000c1e                __vector_19
                0x0000000000000c1e                __vector_7
                0x0000000000000c1e                __vector_41
                0x0000000000000c1e                __vector_27
                0x0000000000000c1e                __vector_5
                0x0000000000000c1e                __vector_33
                0x0000000000000c1e                __vector_37
                0x0000000000000c1e                __vector_4
                0x0000000000000c1e                __vector_9
                0x0000000000000c1e                __vector_2
                0x0000000000000c1e                __vector_15
                0x0000000000000c1e                __vector_36
                0x0000000000000c1e                __vector_29
                0x0000000000000c1e                __vector_40
                0x0000000000000c1e                __vector_8
                0x0000000000000c1e                __vector_26
                0x0000000000000c1e                __vector_14
                0x0000000000000c1e                __vector_16
                0x0000000000000c1e                __vector_18
                0x0000000000000c1e                __vector_20
                0x0000000000000c1e                __vector_38
 .text          0x0000000000000c22      0x15c obj_adb_usb_rev1/common/avr/xprintf.o
                0x0000000000000c22                xputc
                0x0000000000000c3a                xputs
                0x0000000000000c48                xitoa
                0x0000000000000d6c                __xprintf
                0x0000000000000d7e                . = ALIGN (0x2)
 *(.text.*)
 .text.register_key
                0x0000000000000d7e       0x32 obj_adb_usb_rev1/matrix.o
 .text.device_scan
                0x0000000000000db0       0x5c obj_adb_usb_rev1/matrix.o
 .text.mouse_init.constprop.0
                0x0000000000000e0c      0x326 obj_adb_usb_rev1/matrix.o
 .text.adb_mouse_task
                0x0000000000001132      0x300 obj_adb_usb_rev1/matrix.o
                0x0000000000001132                adb_mouse_task
 .text.matrix_scan
                0x0000000000001432      0x1a8 obj_adb_usb_rev1/matrix.o
                0x0000000000001432                matrix_scan
 .text.matrix_get_row
                0x00000000000015da        0xc obj_adb_usb_rev1/matrix.o
                0x00000000000015da                matrix_get_row
 .text.led_set  0x00000000000015e6        0xa obj_adb_usb_rev1/matrix.o
                0x00000000000015e6                led_set
 .text.matrix_init
                0x00000000000015f0      0x12a obj_adb_usb_rev1/matrix.o
                0x00000000000015f0                matrix_init
 .text.place_bit0
                0x000000000000171a       0x1a obj_adb_usb_rev1/adb.o
 .text.place_bit1
                0x0000000000001734       0x1a obj_adb_usb_rev1/adb.o
 .text.send_byte
                0x000000000000174e       0x50 obj_adb_usb_rev1/adb.o
 .text.attention
                0x000000000000179e       0x12 obj_adb_usb_rev1/adb.o
 .text.wait_data_lo
                0x00000000000017b0       0x12 obj_adb_usb_rev1/adb.o
 .text.wait_data_hi
                0x00000000000017c2       0x12 obj_adb_usb_rev1/adb.o
 .text.adb_host_init
                0x00000000000017d4        0x6 obj_adb_usb_rev1/adb.o
                0x00000000000017d4                adb_host_init
 .text.adb_mouse_init
                0x00000000000017da        0x2 obj_adb_usb_rev1/adb.o
                0x00000000000017da                adb_mouse_init
 .text.adb_host_talk_buf
                0x00000000000017dc      0x116 obj_adb_usb_rev1/adb.o
                0x00000000000017dc                adb_host_talk_buf
 .text.adb_host_talk
                0x00000000000018f2       0x46 obj_adb_usb_rev1/adb.o
                0x00000000000018f2                adb_host_talk
 .text.adb_host_kbd_recv
                0x0000000000001938        0x6 obj_adb_usb_rev1/adb.o
                0x0000000000001938                adb_host_kbd_recv
 .text.adb_host_listen_buf
                0x000000000000193e       0x70 obj_adb_usb_rev1/adb.o
                0x000000000000193e                adb_host_listen_buf
 .text.adb_host_listen
                0x00000000000019ae       0x24 obj_adb_usb_rev1/adb.o
                0x00000000000019ae                adb_host_listen
 .text.adb_host_flush
                0x00000000000019d2       0x2e obj_adb_usb_rev1/adb.o
                0x00000000000019d2                adb_host_flush
 .text.adb_host_kbd_led
                0x0000000000001a00        0xc obj_adb_usb_rev1/adb.o
                0x0000000000001a00                adb_host_kbd_led
 .text.keyboard_leds
                0x0000000000001a0c        0x6 obj_adb_usb_rev1/protocol/lufa/lufa.o
 .text.send_consumer
                0x0000000000001a12       0x66 obj_adb_usb_rev1/protocol/lufa/lufa.o
 .text.send_system
                0x0000000000001a78       0x6e obj_adb_usb_rev1/protocol/lufa/lufa.o
 .text.send_mouse
                0x0000000000001ae6       0x46 obj_adb_usb_rev1/protocol/lufa/lufa.o
 .text.send_keyboard
                0x0000000000001b2c       0x6c obj_adb_usb_rev1/protocol/lufa/lufa.o
 .text.console_is_ready
                0x0000000000001b98       0x42 obj_adb_usb_rev1/protocol/lufa/lufa.o
 .text.sendchar
                0x0000000000001bda       0xea obj_adb_usb_rev1/protocol/lufa/lufa.o
                0x0000000000001bda                sendchar
 .text.EVENT_USB_Device_Connect
                0x0000000000001cc4       0x1c obj_adb_usb_rev1/protocol/lufa/lufa.o
                0x0000000000001cc4                EVENT_USB_Device_Connect
 .text.EVENT_USB_Device_Disconnect
                0x0000000000001ce0        0x6 obj_adb_usb_rev1/protocol/lufa/lufa.o
                0x0000000000001ce0                EVENT_USB_Device_Disconnect
 .text.EVENT_USB_Device_Reset
                0x0000000000001ce6        0x2 obj_adb_usb_rev1/protocol/lufa/lufa.o
                0x0000000000001ce6                EVENT_USB_Device_Reset
 .text.EVENT_USB_Device_StartOfFrame
                0x0000000000001ce8        0x2 obj_adb_usb_rev1/protocol/lufa/lufa.o
                0x0000000000001ce8                EVENT_USB_Device_StartOfFrame
 .text.EVENT_USB_Device_ConfigurationChanged
                0x0000000000001cea       0x28 obj_adb_usb_rev1/protocol/lufa/lufa.o
                0x0000000000001cea                EVENT_USB_Device_ConfigurationChanged
 .text.EVENT_USB_Device_ControlRequest
                0x0000000000001d12      0x154 obj_adb_usb_rev1/protocol/lufa/lufa.o
                0x0000000000001d12                EVENT_USB_Device_ControlRequest
 .text.hook_early_init
                0x0000000000001e66        0x2 obj_adb_usb_rev1/protocol/lufa/lufa.o
                0x0000000000001e66                hook_early_init
 .text.hook_late_init
                0x0000000000001e68        0x2 obj_adb_usb_rev1/protocol/lufa/lufa.o
                0x0000000000001e68                hook_late_init
 .text.hook_usb_suspend_entry
                0x0000000000001e6a       0x14 obj_adb_usb_rev1/protocol/lufa/lufa.o
                0x0000000000001e6a                hook_usb_suspend_entry
 .text.EVENT_USB_Device_Suspend
                0x0000000000001e7e        0x4 obj_adb_usb_rev1/protocol/lufa/lufa.o
                0x0000000000001e7e                EVENT_USB_Device_Suspend
 .text.hook_usb_suspend_loop
                0x0000000000001e82       0x18 obj_adb_usb_rev1/protocol/lufa/lufa.o
                0x0000000000001e82                hook_usb_suspend_loop
 .text.hook_usb_wakeup
                0x0000000000001e9a        0xe obj_adb_usb_rev1/protocol/lufa/lufa.o
                0x0000000000001e9a                hook_usb_wakeup
 .text.EVENT_USB_Device_WakeUp
                0x0000000000001ea8        0x4 obj_adb_usb_rev1/protocol/lufa/lufa.o
                0x0000000000001ea8                EVENT_USB_Device_WakeUp
 .text.hook_usb_startup_wait_loop
                0x0000000000001eac        0x2 obj_adb_usb_rev1/protocol/lufa/lufa.o
                0x0000000000001eac                hook_usb_startup_wait_loop
 .text.startup.main
                0x0000000000001eae      0x180 obj_adb_usb_rev1/protocol/lufa/lufa.o
                0x0000000000001eae                main
 .text.CALLBACK_USB_GetDescriptor
                0x000000000000202e       0xac obj_adb_usb_rev1/protocol/lufa/descriptor.o
                0x000000000000202e                CALLBACK_USB_GetDescriptor
 .text.USB_Device_SendRemoteWakeup
                0x00000000000020da       0x2c obj_adb_usb_rev1/protocol/lufa/LUFA-git/LUFA/Drivers/USB/Core/AVR8/Device_AVR8.o
                0x00000000000020da                USB_Device_SendRemoteWakeup
 .text.Endpoint_Write_Stream_LE
                0x0000000000002106       0x9e obj_adb_usb_rev1/protocol/lufa/LUFA-git/LUFA/Drivers/USB/Core/AVR8/EndpointStream_AVR8.o
                0x0000000000002106                Endpoint_Write_Stream_LE
 .text.Endpoint_Write_Control_Stream_LE
                0x00000000000021a4       0xb4 obj_adb_usb_rev1/protocol/lufa/LUFA-git/LUFA/Drivers/USB/Core/AVR8/EndpointStream_AVR8.o
                0x00000000000021a4                Endpoint_Write_Control_Stream_LE
 .text.Endpoint_Write_Control_PStream_LE
                0x0000000000002258       0xb6 obj_adb_usb_rev1/protocol/lufa/LUFA-git/LUFA/Drivers/USB/Core/AVR8/EndpointStream_AVR8.o
                0x0000000000002258                Endpoint_Write_Control_PStream_LE
 .text.Endpoint_ConfigureEndpoint_Prv
                0x000000000000230e       0x68 obj_adb_usb_rev1/protocol/lufa/LUFA-git/LUFA/Drivers/USB/Core/AVR8/Endpoint_AVR8.o
                0x000000000000230e                Endpoint_ConfigureEndpoint_Prv
 .text.Endpoint_ClearStatusStage
                0x0000000000002376       0x3e obj_adb_usb_rev1/protocol/lufa/LUFA-git/LUFA/Drivers/USB/Core/AVR8/Endpoint_AVR8.o
                0x0000000000002376                Endpoint_ClearStatusStage
 .text.Endpoint_WaitUntilReady
                0x00000000000023b4       0x62 obj_adb_usb_rev1/protocol/lufa/LUFA-git/LUFA/Drivers/USB/Core/AVR8/Endpoint_AVR8.o
                0x00000000000023b4                Endpoint_WaitUntilReady
 .text.USB_Disable
                0x0000000000002416       0x34 obj_adb_usb_rev1/protocol/lufa/LUFA-git/LUFA/Drivers/USB/Core/AVR8/USBController_AVR8.o
                0x0000000000002416                USB_Disable
 .text.USB_ResetInterface
                0x000000000000244a       0x86 obj_adb_usb_rev1/protocol/lufa/LUFA-git/LUFA/Drivers/USB/Core/AVR8/USBController_AVR8.o
                0x000000000000244a                USB_ResetInterface
 .text.USB_Init
                0x00000000000024d0       0x22 obj_adb_usb_rev1/protocol/lufa/LUFA-git/LUFA/Drivers/USB/Core/AVR8/USBController_AVR8.o
                0x00000000000024d0                USB_Init
 .text.USB_INT_DisableAllInterrupts
                0x00000000000024f2       0x10 obj_adb_usb_rev1/protocol/lufa/LUFA-git/LUFA/Drivers/USB/Core/AVR8/USBInterrupt_AVR8.o
                0x00000000000024f2                USB_INT_DisableAllInterrupts
 .text.USB_INT_ClearAllInterrupts
                0x0000000000002502        0xa obj_adb_usb_rev1/protocol/lufa/LUFA-git/LUFA/Drivers/USB/Core/AVR8/USBInterrupt_AVR8.o
                0x0000000000002502                USB_INT_ClearAllInterrupts
 .text.__vector_10
                0x000000000000250c      0x1a6 obj_adb_usb_rev1/protocol/lufa/LUFA-git/LUFA/Drivers/USB/Core/AVR8/USBInterrupt_AVR8.o
                0x000000000000250c                __vector_10
 .text.__vector_11
                0x00000000000026b2       0x88 obj_adb_usb_rev1/protocol/lufa/LUFA-git/LUFA/Drivers/USB/Core/AVR8/USBInterrupt_AVR8.o
                0x00000000000026b2                __vector_11
 .text.USB_Device_ProcessControlRequest
                0x000000000000273a      0x294 obj_adb_usb_rev1/protocol/lufa/LUFA-git/LUFA/Drivers/USB/Core/DeviceStandardReq.o
                0x000000000000273a                USB_Device_ProcessControlRequest
 .text.host_set_driver
                0x00000000000029ce        0xa obj_adb_usb_rev1/common/host.o
                0x00000000000029ce                host_set_driver
 .text.host_keyboard_leds
                0x00000000000029d8       0x18 obj_adb_usb_rev1/common/host.o
                0x00000000000029d8                host_keyboard_leds
 .text.host_keyboard_send
                0x00000000000029f0       0x98 obj_adb_usb_rev1/common/host.o
                0x00000000000029f0                host_keyboard_send
 .text.host_mouse_send
                0x0000000000002a88       0x16 obj_adb_usb_rev1/common/host.o
                0x0000000000002a88                host_mouse_send
 .text.host_system_send
                0x0000000000002a9e       0x5a obj_adb_usb_rev1/common/host.o
                0x0000000000002a9e                host_system_send
 .text.host_consumer_send
                0x0000000000002af8       0x5a obj_adb_usb_rev1/common/host.o
                0x0000000000002af8                host_consumer_send
 .text.keyboard_setup
                0x0000000000002b52        0x4 obj_adb_usb_rev1/common/keyboard.o
                0x0000000000002b52                keyboard_setup
 .text.keyboard_init
                0x0000000000002b56        0xc obj_adb_usb_rev1/common/keyboard.o
                0x0000000000002b56                keyboard_init
 .text.keyboard_task
                0x0000000000002b62      0x15a obj_adb_usb_rev1/common/keyboard.o
                0x0000000000002b62                keyboard_task
 .text.keyboard_set_leds
                0x0000000000002cbc        0x4 obj_adb_usb_rev1/common/keyboard.o
                0x0000000000002cbc                keyboard_set_leds
 .text.matrix_clear
                0x0000000000002cc0        0x2 obj_adb_usb_rev1/common/matrix.o
                0x0000000000002cc0                matrix_clear
 .text.matrix_setup
                0x0000000000002cc2        0x2 obj_adb_usb_rev1/common/matrix.o
                0x0000000000002cc2                matrix_setup
 .text.matrix_is_on
                0x0000000000002cc4       0x28 obj_adb_usb_rev1/common/matrix.o
                0x0000000000002cc4                matrix_is_on
 .text.matrix_print
                0x0000000000002cec       0x68 obj_adb_usb_rev1/common/matrix.o
                0x0000000000002cec                matrix_print
 .text.matrix_power_up
                0x0000000000002d54        0x2 obj_adb_usb_rev1/common/matrix.o
                0x0000000000002d54                matrix_power_up
 .text.matrix_power_down
                0x0000000000002d56        0x2 obj_adb_usb_rev1/common/matrix.o
                0x0000000000002d56                matrix_power_down
 .text.action_exec
                0x0000000000002d58       0x6e obj_adb_usb_rev1/common/action.o
                0x0000000000002d58                action_exec
 .text.register_code
                0x0000000000002dc6      0x14a obj_adb_usb_rev1/common/action.o
                0x0000000000002dc6                register_code
 .text.unregister_code
                0x0000000000002f10       0xdc obj_adb_usb_rev1/common/action.o
                0x0000000000002f10                unregister_code
 .text.register_mods
                0x0000000000002fec        0xe obj_adb_usb_rev1/common/action.o
                0x0000000000002fec                register_mods
 .text.unregister_mods
                0x0000000000002ffa        0xe obj_adb_usb_rev1/common/action.o
                0x0000000000002ffa                unregister_mods
 .text.process_action
                0x0000000000003008      0x6d0 obj_adb_usb_rev1/common/action.o
                0x0000000000003008                process_action
 .text.clear_keyboard_but_mods
                0x00000000000036d8       0x24 obj_adb_usb_rev1/common/action.o
                0x00000000000036d8                clear_keyboard_but_mods
 .text.clear_keyboard
                0x00000000000036fc        0x8 obj_adb_usb_rev1/common/action.o
                0x00000000000036fc                clear_keyboard
 .text.is_tap_key
                0x0000000000003704       0x9a obj_adb_usb_rev1/common/action.o
                0x0000000000003704                is_tap_key
 .text.debug_event
                0x000000000000379e       0x1e obj_adb_usb_rev1/common/action.o
                0x000000000000379e                debug_event
 .text.debug_record
                0x00000000000037bc       0x20 obj_adb_usb_rev1/common/action.o
                0x00000000000037bc                debug_record
 .text.debug_waiting_buffer
                0x00000000000037dc       0x42 obj_adb_usb_rev1/common/action_tapping.o
 .text.debug_tapping_key
                0x000000000000381e       0x1c obj_adb_usb_rev1/common/action_tapping.o
 .text.waiting_buffer_scan_tap
                0x000000000000383a       0xc8 obj_adb_usb_rev1/common/action_tapping.o
 .text.process_tapping
                0x0000000000003902      0x36a obj_adb_usb_rev1/common/action_tapping.o
 .text.action_tapping_process
                0x0000000000003c6c      0x134 obj_adb_usb_rev1/common/action_tapping.o
                0x0000000000003c6c                action_tapping_process
 .text.action_macro_play
                0x0000000000003da0      0x132 obj_adb_usb_rev1/common/action_macro.o
                0x0000000000003da0                action_macro_play
 .text.layer_state_set
                0x0000000000003ed2       0x14 obj_adb_usb_rev1/common/action_layer.o
 .text.default_layer_debug
                0x0000000000003ee6        0x2 obj_adb_usb_rev1/common/action_layer.o
                0x0000000000003ee6                default_layer_debug
 .text.default_layer_set
                0x0000000000003ee8       0x14 obj_adb_usb_rev1/common/action_layer.o
                0x0000000000003ee8                default_layer_set
 .text.default_layer_or
                0x0000000000003efc       0x60 obj_adb_usb_rev1/common/action_layer.o
                0x0000000000003efc                default_layer_or
 .text.default_layer_and
                0x0000000000003f5c       0x60 obj_adb_usb_rev1/common/action_layer.o
                0x0000000000003f5c                default_layer_and
 .text.default_layer_xor
                0x0000000000003fbc       0x60 obj_adb_usb_rev1/common/action_layer.o
                0x0000000000003fbc                default_layer_xor
 .text.layer_clear
                0x000000000000401c        0xa obj_adb_usb_rev1/common/action_layer.o
                0x000000000000401c                layer_clear
 .text.layer_move
                0x0000000000004026       0x4a obj_adb_usb_rev1/common/action_layer.o
                0x0000000000004026                layer_move
 .text.layer_on
                0x0000000000004070       0x62 obj_adb_usb_rev1/common/action_layer.o
                0x0000000000004070                layer_on
 .text.layer_off
                0x00000000000040d2       0x6a obj_adb_usb_rev1/common/action_layer.o
                0x00000000000040d2                layer_off
 .text.layer_invert
                0x000000000000413c       0x62 obj_adb_usb_rev1/common/action_layer.o
                0x000000000000413c                layer_invert
 .text.layer_or
                0x000000000000419e       0x50 obj_adb_usb_rev1/common/action_layer.o
                0x000000000000419e                layer_or
 .text.layer_and
                0x00000000000041ee       0x50 obj_adb_usb_rev1/common/action_layer.o
                0x00000000000041ee                layer_and
 .text.layer_xor
                0x000000000000423e       0x50 obj_adb_usb_rev1/common/action_layer.o
                0x000000000000423e                layer_xor
 .text.layer_debug
                0x000000000000428e        0x2 obj_adb_usb_rev1/common/action_layer.o
                0x000000000000428e                layer_debug
 .text.layer_switch_get_action
                0x0000000000004290      0x148 obj_adb_usb_rev1/common/action_layer.o
                0x0000000000004290                layer_switch_get_action
 .text.add_key  0x00000000000043d8       0x3a obj_adb_usb_rev1/common/action_util.o
                0x00000000000043d8                add_key
 .text.del_key  0x0000000000004412       0x24 obj_adb_usb_rev1/common/action_util.o
                0x0000000000004412                del_key
 .text.clear_keys
                0x0000000000004436       0x1c obj_adb_usb_rev1/common/action_util.o
                0x0000000000004436                clear_keys
 .text.get_mods
                0x0000000000004452        0x6 obj_adb_usb_rev1/common/action_util.o
                0x0000000000004452                get_mods
 .text.add_mods
                0x0000000000004458        0xc obj_adb_usb_rev1/common/action_util.o
                0x0000000000004458                add_mods
 .text.del_mods
                0x0000000000004464       0x10 obj_adb_usb_rev1/common/action_util.o
                0x0000000000004464                del_mods
 .text.set_mods
                0x0000000000004474        0x6 obj_adb_usb_rev1/common/action_util.o
                0x0000000000004474                set_mods
 .text.clear_mods
                0x000000000000447a        0x6 obj_adb_usb_rev1/common/action_util.o
                0x000000000000447a                clear_mods
 .text.add_weak_mods
                0x0000000000004480        0xc obj_adb_usb_rev1/common/action_util.o
                0x0000000000004480                add_weak_mods
 .text.del_weak_mods
                0x000000000000448c       0x10 obj_adb_usb_rev1/common/action_util.o
                0x000000000000448c                del_weak_mods
 .text.clear_weak_mods
                0x000000000000449c        0x6 obj_adb_usb_rev1/common/action_util.o
                0x000000000000449c                clear_weak_mods
 .text.set_oneshot_mods
                0x00000000000044a2        0x6 obj_adb_usb_rev1/common/action_util.o
                0x00000000000044a2                set_oneshot_mods
 .text.clear_oneshot_mods
                0x00000000000044a8        0x6 obj_adb_usb_rev1/common/action_util.o
                0x00000000000044a8                clear_oneshot_mods
 .text.has_anykey
                0x00000000000044ae       0x20 obj_adb_usb_rev1/common/action_util.o
                0x00000000000044ae                has_anykey
 .text.send_keyboard_report
                0x00000000000044ce       0x4c obj_adb_usb_rev1/common/action_util.o
                0x00000000000044ce                send_keyboard_report
 .text.print_set_sendchar
                0x000000000000451a        0xa obj_adb_usb_rev1/common/print.o
                0x000000000000451a                print_set_sendchar
 .text.bitrev   0x0000000000004524       0x28 obj_adb_usb_rev1/common/util.o
                0x0000000000004524                bitrev
 .text.hook_keyboard_loop
                0x000000000000454c        0x2 obj_adb_usb_rev1/common/hook.o
                0x000000000000454c                hook_keyboard_loop
 .text.hook_matrix_change
                0x000000000000454e       0x1e obj_adb_usb_rev1/common/hook.o
                0x000000000000454e                hook_matrix_change
 .text.hook_default_layer_change
                0x000000000000456c        0x2 obj_adb_usb_rev1/common/hook.o
                0x000000000000456c                hook_default_layer_change
 .text.hook_layer_change
                0x000000000000456e        0x2 obj_adb_usb_rev1/common/hook.o
                0x000000000000456e                hook_layer_change
 .text.hook_keyboard_leds_change
                0x0000000000004570        0x4 obj_adb_usb_rev1/common/hook.o
                0x0000000000004570                hook_keyboard_leds_change
 .text.hook_process_action
                0x0000000000004574        0x4 obj_adb_usb_rev1/common/hook.o
                0x0000000000004574                hook_process_action
 .text.suspend_power_down
                0x0000000000004578       0x52 obj_adb_usb_rev1/common/avr/suspend.o
                0x0000000000004578                suspend_power_down
 .text.suspend_wakeup_condition
                0x00000000000045ca       0x28 obj_adb_usb_rev1/common/avr/suspend.o
                0x00000000000045ca                suspend_wakeup_condition
 .text.suspend_wakeup_init
                0x00000000000045f2        0x8 obj_adb_usb_rev1/common/avr/suspend.o
                0x00000000000045f2                suspend_wakeup_init
 .text.__vector_12
                0x00000000000045fa       0x4e obj_adb_usb_rev1/common/avr/suspend.o
                0x00000000000045fa                __vector_12
 .text.timer_init
                0x0000000000004648       0x12 obj_adb_usb_rev1/common/avr/timer.o
                0x0000000000004648                timer_init
 .text.timer_read
                0x000000000000465a       0x18 obj_adb_usb_rev1/common/avr/timer.o
                0x000000000000465a                timer_read
 .text.timer_read32
                0x0000000000004672       0x40 obj_adb_usb_rev1/common/avr/timer.o
                0x0000000000004672                timer_read32
 .text.timer_elapsed
                0x00000000000046b2       0x4a obj_adb_usb_rev1/common/avr/timer.o
                0x00000000000046b2                timer_elapsed
 .text.__vector_21
                0x00000000000046fc       0x46 obj_adb_usb_rev1/common/avr/timer.o
                0x00000000000046fc                __vector_21
 .text.bootloader_jump
                0x0000000000004742       0x44 obj_adb_usb_rev1/common/avr/bootloader.o
                0x0000000000004742                bootloader_jump
 .text.unimap_translate
                0x0000000000004786       0x1c obj_adb_usb_rev1/common/unimap.o
                0x0000000000004786                unimap_translate
 .text.action_for_key
                0x00000000000047a2       0x5a obj_adb_usb_rev1/common/unimap.o
                0x00000000000047a2                action_for_key
 .text.action_get_macro
                0x00000000000047fc        0x6 obj_adb_usb_rev1/common/unimap.o
                0x00000000000047fc                action_get_macro
 .text.action_function
                0x0000000000004802        0x2 obj_adb_usb_rev1/common/unimap.o
                0x0000000000004802                action_function
 .text.move_unit
                0x0000000000004804       0x94 obj_adb_usb_rev1/common/mousekey.o
 .text.wheel_unit
                0x0000000000004898       0x72 obj_adb_usb_rev1/common/mousekey.o
 .text.mousekey_on
                0x000000000000490a       0xd0 obj_adb_usb_rev1/common/mousekey.o
                0x000000000000490a                mousekey_on
 .text.mousekey_off
                0x00000000000049da       0xfe obj_adb_usb_rev1/common/mousekey.o
                0x00000000000049da                mousekey_off
 .text.mousekey_send
                0x0000000000004ad8      0x11a obj_adb_usb_rev1/common/mousekey.o
                0x0000000000004ad8                mousekey_send
 .text.mousekey_task
                0x0000000000004bf2      0x1cc obj_adb_usb_rev1/common/mousekey.o
                0x0000000000004bf2                mousekey_task
 .text.mousekey_clear
                0x0000000000004dbe       0x18 obj_adb_usb_rev1/common/mousekey.o
                0x0000000000004dbe                mousekey_clear
 .text.mousekey_console_help
                0x0000000000004dd6       0x2e obj_adb_usb_rev1/common/command.o
 .text.mousekey_param_inc
                0x0000000000004e04      0x14a obj_adb_usb_rev1/common/command.o
 .text.mousekey_param_dec
                0x0000000000004f4e      0x100 obj_adb_usb_rev1/common/command.o
 .text.switch_default_layer
                0x000000000000504e       0x62 obj_adb_usb_rev1/common/command.o
 .text.command_common
                0x00000000000050b0      0x1ce obj_adb_usb_rev1/common/command.o
 .text.command_extra
                0x000000000000527e        0x4 obj_adb_usb_rev1/common/command.o
                0x000000000000527e                command_extra
 .text.command_console_extra
                0x0000000000005282        0x4 obj_adb_usb_rev1/common/command.o
                0x0000000000005282                command_console_extra
 .text.command_proc
                0x0000000000005286      0x292 obj_adb_usb_rev1/common/command.o
                0x0000000000005286                command_proc
 .text.avr-libc.fplib
                0x0000000000005518        0xe /usr/local/Cellar/avr-gcc/9.1.0/lib/avr-gcc/9/gcc/avr/9.1.0/../../../../../../avr/lib/avr5/libm.a(fixsfsi.o)
                0x0000000000005518                __fixsfsi
 .text.avr-libc.fplib
                0x0000000000005526       0x5e /usr/local/Cellar/avr-gcc/9.1.0/lib/avr-gcc/9/gcc/avr/9.1.0/../../../../../../avr/lib/avr5/libm.a(fixunssfsi.o)
                0x0000000000005526                __fixunssfsi
 .text.avr-libc.fplib
                0x0000000000005584       0x7a /usr/local/Cellar/avr-gcc/9.1.0/lib/avr-gcc/9/gcc/avr/9.1.0/../../../../../../avr/lib/avr5/libm.a(floatsisf.o)
                0x0000000000005584                __floatunsisf
                0x0000000000005588                __floatsisf
 .text.avr-libc.fplib
                0x00000000000055fe       0x44 /usr/local/Cellar/avr-gcc/9.1.0/lib/avr-gcc/9/gcc/avr/9.1.0/../../../../../../avr/lib/avr5/libm.a(fp_split3.o)
                0x00000000000055fe                __fp_split3
                0x000000000000560e                __fp_splitA
 .text.avr-libc.fplib
                0x0000000000005642        0xe /usr/local/Cellar/avr-gcc/9.1.0/lib/avr-gcc/9/gcc/avr/9.1.0/../../../../../../avr/lib/avr5/libm.a(fp_zero.o)
                0x0000000000005642                __fp_zero
                0x0000000000005644                __fp_szero
 .text.avr-libc.fplib
                0x0000000000005650        0x8 /usr/local/Cellar/avr-gcc/9.1.0/lib/avr-gcc/9/gcc/avr/9.1.0/../../../../../../avr/lib/avr5/libm.a(mulsf3.o)
                0x0000000000005650                __mulsf3
 .text.avr-libc.fplib
                0x0000000000005658       0xd2 /usr/local/Cellar/avr-gcc/9.1.0/lib/avr-gcc/9/gcc/avr/9.1.0/../../../../../../avr/lib/avr5/libm.a(mulsf3x.o)
                0x0000000000005676                __mulsf3x
                0x000000000000567c                __mulsf3_pse
 .text.avr-libc.fplib
                0x000000000000572a        0xc /usr/local/Cellar/avr-gcc/9.1.0/lib/avr-gcc/9/gcc/avr/9.1.0/../../../../../../avr/lib/avr5/libm.a(fp_inf.o)
                0x000000000000572a                __fp_inf
 .text.avr-libc.fplib
                0x0000000000005736        0x6 /usr/local/Cellar/avr-gcc/9.1.0/lib/avr-gcc/9/gcc/avr/9.1.0/../../../../../../avr/lib/avr5/libm.a(fp_nan.o)
                0x0000000000005736                __fp_nan
 .text.avr-libc.fplib
                0x000000000000573c        0xe /usr/local/Cellar/avr-gcc/9.1.0/lib/avr-gcc/9/gcc/avr/9.1.0/../../../../../../avr/lib/avr5/libm.a(fp_pscA.o)
                0x000000000000573c                __fp_pscA
 .text.avr-libc.fplib
                0x000000000000574a        0xe /usr/local/Cellar/avr-gcc/9.1.0/lib/avr-gcc/9/gcc/avr/9.1.0/../../../../../../avr/lib/avr5/libm.a(fp_pscB.o)
                0x000000000000574a                __fp_pscB
 .text.avr-libc.fplib
                0x0000000000005758       0x22 /usr/local/Cellar/avr-gcc/9.1.0/lib/avr-gcc/9/gcc/avr/9.1.0/../../../../../../avr/lib/avr5/libm.a(fp_round.o)
                0x0000000000005758                __fp_round
 .text.libgcc.div
                0x000000000000577a       0x28 /usr/local/Cellar/avr-gcc/9.1.0/lib/avr-gcc/9/gcc/avr/9.1.0/avr5/libgcc.a(_divmodhi4.o)
                0x000000000000577a                __divmodhi4
                0x000000000000577a                _div
 .text.libgcc   0x00000000000057a2        0xc /usr/local/Cellar/avr-gcc/9.1.0/lib/avr-gcc/9/gcc/avr/9.1.0/avr5/libgcc.a(_tablejump2.o)
                0x00000000000057a2                __tablejump2__
 .text.libgcc.div
                0x00000000000057ae       0x28 /usr/local/Cellar/avr-gcc/9.1.0/lib/avr-gcc/9/gcc/avr/9.1.0/avr5/libgcc.a(_udivmodhi4.o)
                0x00000000000057ae                __udivmodhi4
                0x00000000000057d6                . = ALIGN (0x2)
 *(.fini9)
 .fini9         0x00000000000057d6        0x0 /usr/local/Cellar/avr-gcc/9.1.0/lib/avr-gcc/9/gcc/avr/9.1.0/avr5/libgcc.a(_exit.o)
                0x00000000000057d6                exit
                0x00000000000057d6                _exit
 *(.fini9)
 *(.fini8)
 *(.fini8)
 *(.fini7)
 *(.fini7)
 *(.fini6)
 *(.fini6)
 *(.fini5)
 *(.fini5)
 *(.fini4)
 *(.fini4)
 *(.fini3)
 *(.fini3)
 *(.fini2)
 *(.fini2)
 *(.fini1)
 *(.fini1)
 *(.fini0)
 .fini0         0x00000000000057d6        0x4 /usr/local/Cellar/avr-gcc/9.1.0/lib/avr-gcc/9/gcc/avr/9.1.0/avr5/libgcc.a(_exit.o)
 *(.fini0)
                0x00000000000057da                _etext = .

.data           0x0000000000800100       0x52 load address 0x00000000000057da
                0x0000000000800100                PROVIDE (__data_start = .)
 *(.data)
 *(.data*)
 .data.extra_key.2374
                0x0000000000800100        0x2 obj_adb_usb_rev1/matrix.o
 .data.cmd2.2336
                0x0000000000800102        0x8 obj_adb_usb_rev1/matrix.o
 .data.cmd1.2335
                0x000000000080010a        0x8 obj_adb_usb_rev1/matrix.o
 .data.mouse_cpi
                0x0000000000800112        0x2 obj_adb_usb_rev1/matrix.o
 .data.sendbuf  0x0000000000800114        0x5 obj_adb_usb_rev1/protocol/lufa/lufa.o
 .data.lufa_driver
                0x0000000000800119        0xa obj_adb_usb_rev1/protocol/lufa/lufa.o
                0x0000000000800119                lufa_driver
 .data.keyboard_protocol
                0x0000000000800123        0x1 obj_adb_usb_rev1/protocol/lufa/lufa.o
                0x0000000000800123                keyboard_protocol
 .data.keyboard_report
                0x0000000000800124        0x2 obj_adb_usb_rev1/common/action_util.o
                0x0000000000800124                keyboard_report
 .data.mk_wheel_time_to_max
                0x0000000000800126        0x1 obj_adb_usb_rev1/common/mousekey.o
                0x0000000000800126                mk_wheel_time_to_max
 .data.mk_wheel_max_speed
                0x0000000000800127        0x1 obj_adb_usb_rev1/common/mousekey.o
                0x0000000000800127                mk_wheel_max_speed
 .data.mk_time_to_max
                0x0000000000800128        0x1 obj_adb_usb_rev1/common/mousekey.o
                0x0000000000800128                mk_time_to_max
 .data.mk_max_speed
                0x0000000000800129        0x1 obj_adb_usb_rev1/common/mousekey.o
                0x0000000000800129                mk_max_speed
 .data.mk_interval
                0x000000000080012a        0x1 obj_adb_usb_rev1/common/mousekey.o
                0x000000000080012a                mk_interval
 .data.mk_delay
                0x000000000080012b        0x1 obj_adb_usb_rev1/common/mousekey.o
                0x000000000080012b                mk_delay
 *(.rodata)
 *(.rodata*)
 .rodata.matrix_init.str1.1
                0x000000000080012c        0x7 obj_adb_usb_rev1/matrix.o
 .rodata.CSWTCH.3
                0x0000000000800133        0x4 obj_adb_usb_rev1/protocol/lufa/descriptor.o
 .rodata.CSWTCH.2
                0x0000000000800137        0x8 obj_adb_usb_rev1/protocol/lufa/descriptor.o
 .rodata.CSWTCH.1
                0x000000000080013f        0x8 obj_adb_usb_rev1/protocol/lufa/descriptor.o
 .rodata.matrix_print.str1.1
                0x0000000000800147        0x7 obj_adb_usb_rev1/common/matrix.o
                                          0x1 (size before relaxing)
 .rodata.CSWTCH.57
                0x0000000000800147        0xa obj_adb_usb_rev1/common/command.o
 *(.gnu.linkonce.d*)
                0x0000000000800152                . = ALIGN (0x2)
 *fill*         0x0000000000800151        0x1 
                0x0000000000800152                _edata = .
                0x0000000000800152                PROVIDE (__data_end = .)

.bss            0x0000000000800152      0x22e
                0x0000000000800152                PROVIDE (__bss_start = .)
 *(.bss)
 .bss           0x0000000000800152        0x2 obj_adb_usb_rev1/common/avr/xprintf.o
                0x0000000000800152                xfunc_out
 *(.bss*)
 .bss.tick_ms.2378
                0x0000000000800154        0x2 obj_adb_usb_rev1/matrix.o
 .bss.mouseacc.2347
                0x0000000000800156        0x1 obj_adb_usb_rev1/matrix.o
 .bss.detect_ms.2349
                0x0000000000800157        0x2 obj_adb_usb_rev1/matrix.o
 .bss.tick_ms.2348
                0x0000000000800159        0x2 obj_adb_usb_rev1/matrix.o
 .bss.mouse_report
                0x000000000080015b        0x5 obj_adb_usb_rev1/matrix.o
 .bss.matrix    0x0000000000800160       0x10 obj_adb_usb_rev1/matrix.o
 .bss.is_iso_layout
                0x0000000000800170        0x1 obj_adb_usb_rev1/matrix.o
 .bss.has_media_keys
                0x0000000000800171        0x1 obj_adb_usb_rev1/matrix.o
 .bss.fn.4933   0x0000000000800172        0x2 obj_adb_usb_rev1/protocol/lufa/lufa.o
 .bss.hid_listen_ready.4910
                0x0000000000800174        0x1 obj_adb_usb_rev1/protocol/lufa/lufa.o
 .bss._led_stats
                0x0000000000800175        0x1 obj_adb_usb_rev1/protocol/lufa/lufa.o
 .bss.sbuf      0x0000000000800176      0x100 obj_adb_usb_rev1/protocol/lufa/lufa.o
 .bss.keyboard_report_sent
                0x0000000000800276        0x8 obj_adb_usb_rev1/protocol/lufa/lufa.o
 .bss.keyboard_led_stats
                0x000000000080027e        0x1 obj_adb_usb_rev1/protocol/lufa/lufa.o
 .bss.keyboard_idle
                0x000000000080027f        0x1 obj_adb_usb_rev1/protocol/lufa/lufa.o
                0x000000000080027f                keyboard_idle
 .bss.last_consumer_report
                0x0000000000800280        0x2 obj_adb_usb_rev1/common/host.o
 .bss.last_system_report
                0x0000000000800282        0x2 obj_adb_usb_rev1/common/host.o
 .bss.driver    0x0000000000800284        0x2 obj_adb_usb_rev1/common/host.o
 .bss.led_status.2434
                0x0000000000800286        0x1 obj_adb_usb_rev1/common/keyboard.o
 .bss.matrix_prev.2433
                0x0000000000800287       0x10 obj_adb_usb_rev1/common/keyboard.o
 .bss.waiting_buffer_tail
                0x0000000000800297        0x1 obj_adb_usb_rev1/common/action_tapping.o
 .bss.waiting_buffer_head
                0x0000000000800298        0x1 obj_adb_usb_rev1/common/action_tapping.o
 .bss.waiting_buffer
                0x0000000000800299       0x30 obj_adb_usb_rev1/common/action_tapping.o
 .bss.tapping_key
                0x00000000008002c9        0x6 obj_adb_usb_rev1/common/action_tapping.o
 .bss.layer_pressed
                0x00000000008002cf       0x80 obj_adb_usb_rev1/common/action_layer.o
 .bss.layer_state
                0x000000000080034f        0x4 obj_adb_usb_rev1/common/action_layer.o
                0x000000000080034f                layer_state
 .bss.default_layer_state
                0x0000000000800353        0x4 obj_adb_usb_rev1/common/action_layer.o
                0x0000000000800353                default_layer_state
 .bss.oneshot_mods
                0x0000000000800357        0x1 obj_adb_usb_rev1/common/action_util.o
 .bss.__compound_literal.0
                0x0000000000800358        0x8 obj_adb_usb_rev1/common/action_util.o
 .bss.weak_mods
                0x0000000000800360        0x1 obj_adb_usb_rev1/common/action_util.o
 .bss.real_mods
                0x0000000000800361        0x1 obj_adb_usb_rev1/common/action_util.o
 .bss.debug_config
                0x0000000000800362        0x1 obj_adb_usb_rev1/common/debug.o
                0x0000000000800362                debug_config
 .bss.wdt_timeout
                0x0000000000800363        0x1 obj_adb_usb_rev1/common/avr/suspend.o
 .bss.timer_count
                0x0000000000800364        0x4 obj_adb_usb_rev1/common/avr/timer.o
                0x0000000000800364                timer_count
 .bss.last_timer
                0x0000000000800368        0x2 obj_adb_usb_rev1/common/mousekey.o
 .bss.mousekey_accel
                0x000000000080036a        0x1 obj_adb_usb_rev1/common/mousekey.o
 .bss.mousekey_repeat
                0x000000000080036b        0x1 obj_adb_usb_rev1/common/mousekey.o
 .bss.mouse_report
                0x000000000080036c        0x5 obj_adb_usb_rev1/common/mousekey.o
 .bss.mousekey_param
                0x0000000000800371        0x1 obj_adb_usb_rev1/common/command.o
 .bss.command_state
                0x0000000000800372        0x1 obj_adb_usb_rev1/common/command.o
                0x0000000000800372                command_state
 *(COMMON)
 COMMON         0x0000000000800373        0x3 obj_adb_usb_rev1/protocol/lufa/LUFA-git/LUFA/Drivers/USB/Core/DeviceStandardReq.o
                0x0000000000800373                USB_Device_ConfigurationNumber
                0x0000000000800374                USB_Device_CurrentlySelfPowered
                0x0000000000800375                USB_Device_RemoteWakeupEnabled
 COMMON         0x0000000000800376        0xa obj_adb_usb_rev1/protocol/lufa/LUFA-git/LUFA/Drivers/USB/Core/USBTask.o
                0x0000000000800376                USB_IsInitialized
                0x0000000000800377                USB_DeviceState
                0x0000000000800378                USB_ControlRequest
                0x0000000000800380                PROVIDE (__bss_end = .)
                0x00000000000057da                __data_load_start = LOADADDR (.data)
                0x000000000000582c                __data_load_end = (__data_load_start + SIZEOF (.data))

.noinit         0x0000000000800380        0x4
                [!provide]                        PROVIDE (__noinit_start = .)
 *(.noinit*)
 .noinit        0x0000000000800380        0x4 obj_adb_usb_rev1/common/avr/bootloader.o
                0x0000000000800380                reset_key
                [!provide]                        PROVIDE (__noinit_end = .)
                0x0000000000800384                _end = .
                [!provide]                        PROVIDE (__heap_start = .)

.keymap         0x0000000000006800      0x300
                [!provide]                        PROVIDE (__keymap_start = .)
 *(.keymap.fn_actions)
                0x0000000000006800                . = ALIGN (0x40)
 *(.keymap.keymaps)
 .keymap.keymaps
                0x0000000000006800      0x300 obj_adb_usb_rev1/unimap_plain.o
                0x0000000000006800                actionmaps
 *(.keymap*)

.eeprom         0x0000000000810000        0x0
 *(.eeprom*)
                0x0000000000810000                __eeprom_end = .

.fuse
 *(.fuse)
 *(.lfuse)
 *(.hfuse)
 *(.efuse)

.lock
 *(.lock*)

.signature
 *(.signature*)

.stab           0x0000000000000000      0x8b8
 *(.stab)
 .stab          0x0000000000000000      0x8b8 obj_adb_usb_rev1/common/avr/xprintf.o

.stabstr        0x0000000000000000       0xa0
 *(.stabstr)
 .stabstr       0x0000000000000000       0xa0 obj_adb_usb_rev1/common/avr/xprintf.o

.stab.excl
 *(.stab.excl)

.stab.exclstr
 *(.stab.exclstr)

.stab.index
 *(.stab.index)

.stab.indexstr
 *(.stab.indexstr)

.comment        0x0000000000000000       0x11
 *(.comment)
 .comment       0x0000000000000000       0x11 obj_adb_usb_rev1/unimap_plain.o
                                         0x12 (size before relaxing)
 .comment       0x0000000000000011       0x12 obj_adb_usb_rev1/matrix.o
 .comment       0x0000000000000011       0x12 obj_adb_usb_rev1/adb.o
 .comment       0x0000000000000011       0x12 obj_adb_usb_rev1/protocol/lufa/lufa.o
 .comment       0x0000000000000011       0x12 obj_adb_usb_rev1/protocol/lufa/descriptor.o
 .comment       0x0000000000000011       0x12 obj_adb_usb_rev1/protocol/lufa/LUFA-git/LUFA/Drivers/USB/Core/AVR8/Device_AVR8.o
 .comment       0x0000000000000011       0x12 obj_adb_usb_rev1/protocol/lufa/LUFA-git/LUFA/Drivers/USB/Core/AVR8/EndpointStream_AVR8.o
 .comment       0x0000000000000011       0x12 obj_adb_usb_rev1/protocol/lufa/LUFA-git/LUFA/Drivers/USB/Core/AVR8/Endpoint_AVR8.o
 .comment       0x0000000000000011       0x12 obj_adb_usb_rev1/protocol/lufa/LUFA-git/LUFA/Drivers/USB/Core/AVR8/USBController_AVR8.o
 .comment       0x0000000000000011       0x12 obj_adb_usb_rev1/protocol/lufa/LUFA-git/LUFA/Drivers/USB/Core/AVR8/USBInterrupt_AVR8.o
 .comment       0x0000000000000011       0x12 obj_adb_usb_rev1/protocol/lufa/LUFA-git/LUFA/Drivers/USB/Core/DeviceStandardReq.o
 .comment       0x0000000000000011       0x12 obj_adb_usb_rev1/protocol/lufa/LUFA-git/LUFA/Drivers/USB/Core/USBTask.o
 .comment       0x0000000000000011       0x12 obj_adb_usb_rev1/common/host.o
 .comment       0x0000000000000011       0x12 obj_adb_usb_rev1/common/keyboard.o
 .comment       0x0000000000000011       0x12 obj_adb_usb_rev1/common/matrix.o
 .comment       0x0000000000000011       0x12 obj_adb_usb_rev1/common/action.o
 .comment       0x0000000000000011       0x12 obj_adb_usb_rev1/common/action_tapping.o
 .comment       0x0000000000000011       0x12 obj_adb_usb_rev1/common/action_macro.o
 .comment       0x0000000000000011       0x12 obj_adb_usb_rev1/common/action_layer.o
 .comment       0x0000000000000011       0x12 obj_adb_usb_rev1/common/action_util.o
 .comment       0x0000000000000011       0x12 obj_adb_usb_rev1/common/print.o
 .comment       0x0000000000000011       0x12 obj_adb_usb_rev1/common/debug.o
 .comment       0x0000000000000011       0x12 obj_adb_usb_rev1/common/util.o
 .comment       0x0000000000000011       0x12 obj_adb_usb_rev1/common/hook.o
 .comment       0x0000000000000011       0x12 obj_adb_usb_rev1/common/avr/suspend.o
 .comment       0x0000000000000011       0x12 obj_adb_usb_rev1/common/avr/timer.o
 .comment       0x0000000000000011       0x12 obj_adb_usb_rev1/common/avr/bootloader.o
 .comment       0x0000000000000011       0x12 obj_adb_usb_rev1/common/unimap.o
 .comment       0x0000000000000011       0x12 obj_adb_usb_rev1/common/mousekey.o
 .comment       0x0000000000000011       0x12 obj_adb_usb_rev1/common/command.o

.note.gnu.avr.deviceinfo
                0x0000000000000000       0x40
 .note.gnu.avr.deviceinfo
                0x0000000000000000       0x40 /usr/local/Cellar/avr-gcc/9.1.0/lib/avr-gcc/9/gcc/avr/9.1.0/../../../../../../avr/lib/avr5/crtatmega32u4.o

.debug
 *(.debug)

.line
 *(.line)

.debug_srcinfo
 *(.debug_srcinfo)

.debug_sfnames
 *(.debug_sfnames)

.debug_aranges  0x0000000000000000      0x9c0
 *(.debug_aranges)
 .debug_aranges
                0x0000000000000000       0x18 obj_adb_usb_rev1/unimap_plain.o
 .debug_aranges
                0x0000000000000018       0x58 obj_adb_usb_rev1/matrix.o
 .debug_aranges
                0x0000000000000070       0x90 obj_adb_usb_rev1/adb.o
 .debug_aranges
                0x0000000000000100       0xb0 obj_adb_usb_rev1/protocol/lufa/lufa.o
 .debug_aranges
                0x00000000000001b0       0x20 obj_adb_usb_rev1/protocol/lufa/descriptor.o
 .debug_aranges
                0x00000000000001d0       0x20 obj_adb_usb_rev1/protocol/lufa/LUFA-git/LUFA/Drivers/USB/Core/AVR8/Device_AVR8.o
 .debug_aranges
                0x00000000000001f0       0xc8 obj_adb_usb_rev1/protocol/lufa/LUFA-git/LUFA/Drivers/USB/Core/AVR8/EndpointStream_AVR8.o
 .debug_aranges
                0x00000000000002b8       0x40 obj_adb_usb_rev1/protocol/lufa/LUFA-git/LUFA/Drivers/USB/Core/AVR8/Endpoint_AVR8.o
 .debug_aranges
                0x00000000000002f8       0x30 obj_adb_usb_rev1/protocol/lufa/LUFA-git/LUFA/Drivers/USB/Core/AVR8/USBController_AVR8.o
 .debug_aranges
                0x0000000000000328       0x38 obj_adb_usb_rev1/protocol/lufa/LUFA-git/LUFA/Drivers/USB/Core/AVR8/USBInterrupt_AVR8.o
 .debug_aranges
                0x0000000000000360       0x20 obj_adb_usb_rev1/protocol/lufa/LUFA-git/LUFA/Drivers/USB/Core/DeviceStandardReq.o
 .debug_aranges
                0x0000000000000380       0x20 obj_adb_usb_rev1/protocol/lufa/LUFA-git/LUFA/Drivers/USB/Core/USBTask.o
 .debug_aranges
                0x00000000000003a0       0x60 obj_adb_usb_rev1/common/host.o
 .debug_aranges
                0x0000000000000400       0x38 obj_adb_usb_rev1/common/keyboard.o
 .debug_aranges
                0x0000000000000438       0x40 obj_adb_usb_rev1/common/matrix.o
 .debug_aranges
                0x0000000000000478       0x80 obj_adb_usb_rev1/common/action.o
 .debug_aranges
                0x00000000000004f8       0x40 obj_adb_usb_rev1/common/action_tapping.o
 .debug_aranges
                0x0000000000000538       0x20 obj_adb_usb_rev1/common/action_macro.o
 .debug_aranges
                0x0000000000000558       0x90 obj_adb_usb_rev1/common/action_layer.o
 .debug_aranges
                0x00000000000005e8       0xb0 obj_adb_usb_rev1/common/action_util.o
 .debug_aranges
                0x0000000000000698       0x20 obj_adb_usb_rev1/common/print.o
 .debug_aranges
                0x00000000000006b8       0x18 obj_adb_usb_rev1/common/debug.o
 .debug_aranges
                0x00000000000006d0       0x60 obj_adb_usb_rev1/common/util.o
 .debug_aranges
                0x0000000000000730       0x40 obj_adb_usb_rev1/common/hook.o
 .debug_aranges
                0x0000000000000770       0x40 obj_adb_usb_rev1/common/avr/suspend.o
 .debug_aranges
                0x00000000000007b0       0x50 obj_adb_usb_rev1/common/avr/timer.o
 .debug_aranges
                0x0000000000000800       0x28 obj_adb_usb_rev1/common/avr/bootloader.o
 .debug_aranges
                0x0000000000000828       0x38 obj_adb_usb_rev1/common/unimap.o
 .debug_aranges
                0x0000000000000860       0x50 obj_adb_usb_rev1/common/mousekey.o
 .debug_aranges
                0x00000000000008b0       0x50 obj_adb_usb_rev1/common/command.o
 .debug_aranges
                0x0000000000000900       0x20 /usr/local/Cellar/avr-gcc/9.1.0/lib/avr-gcc/9/gcc/avr/9.1.0/avr5/libgcc.a(_divmodhi4.o)
 .debug_aranges
                0x0000000000000920       0x20 /usr/local/Cellar/avr-gcc/9.1.0/lib/avr-gcc/9/gcc/avr/9.1.0/avr5/libgcc.a(_exit.o)
 .debug_aranges
                0x0000000000000940       0x20 /usr/local/Cellar/avr-gcc/9.1.0/lib/avr-gcc/9/gcc/avr/9.1.0/avr5/libgcc.a(_tablejump2.o)
 .debug_aranges
                0x0000000000000960       0x20 /usr/local/Cellar/avr-gcc/9.1.0/lib/avr-gcc/9/gcc/avr/9.1.0/avr5/libgcc.a(_copy_data.o)
 .debug_aranges
                0x0000000000000980       0x20 /usr/local/Cellar/avr-gcc/9.1.0/lib/avr-gcc/9/gcc/avr/9.1.0/avr5/libgcc.a(_clear_bss.o)
 .debug_aranges
                0x00000000000009a0       0x20 /usr/local/Cellar/avr-gcc/9.1.0/lib/avr-gcc/9/gcc/avr/9.1.0/avr5/libgcc.a(_udivmodhi4.o)

.debug_pubnames
 *(.debug_pubnames)

.debug_info     0x0000000000000000    0x12f69
 *(.debug_info)
 .debug_info    0x0000000000000000      0x9f4 /usr/local/Cellar/avr-gcc/9.1.0/lib/avr-gcc/9/gcc/avr/9.1.0/../../../../../../avr/lib/avr5/crtatmega32u4.o
 .debug_info    0x00000000000009f4      0xccd obj_adb_usb_rev1/unimap_plain.o
 .debug_info    0x00000000000016c1     0x118b obj_adb_usb_rev1/matrix.o
 .debug_info    0x000000000000284c      0x9d3 obj_adb_usb_rev1/adb.o
 .debug_info    0x000000000000321f     0x1cc0 obj_adb_usb_rev1/protocol/lufa/lufa.o
 .debug_info    0x0000000000004edf      0x9f6 obj_adb_usb_rev1/protocol/lufa/descriptor.o
 .debug_info    0x00000000000058d5      0x1c0 obj_adb_usb_rev1/protocol/lufa/LUFA-git/LUFA/Drivers/USB/Core/AVR8/Device_AVR8.o
 .debug_info    0x0000000000005a95     0x1d9a obj_adb_usb_rev1/protocol/lufa/LUFA-git/LUFA/Drivers/USB/Core/AVR8/EndpointStream_AVR8.o
 .debug_info    0x000000000000782f      0x75d obj_adb_usb_rev1/protocol/lufa/LUFA-git/LUFA/Drivers/USB/Core/AVR8/Endpoint_AVR8.o
 .debug_info    0x0000000000007f8c      0x606 obj_adb_usb_rev1/protocol/lufa/LUFA-git/LUFA/Drivers/USB/Core/AVR8/USBController_AVR8.o
 .debug_info    0x0000000000008592      0xa43 obj_adb_usb_rev1/protocol/lufa/LUFA-git/LUFA/Drivers/USB/Core/AVR8/USBInterrupt_AVR8.o
 .debug_info    0x0000000000008fd5      0xc1c obj_adb_usb_rev1/protocol/lufa/LUFA-git/LUFA/Drivers/USB/Core/DeviceStandardReq.o
 .debug_info    0x0000000000009bf1      0x2f1 obj_adb_usb_rev1/protocol/lufa/LUFA-git/LUFA/Drivers/USB/Core/USBTask.o
 .debug_info    0x0000000000009ee2      0x66f obj_adb_usb_rev1/common/host.o
 .debug_info    0x000000000000a551      0x5d2 obj_adb_usb_rev1/common/keyboard.o
 .debug_info    0x000000000000ab23      0x1f8 obj_adb_usb_rev1/common/matrix.o
 .debug_info    0x000000000000ad1b     0x1add obj_adb_usb_rev1/common/action.o
 .debug_info    0x000000000000c7f8      0xfda obj_adb_usb_rev1/common/action_tapping.o
 .debug_info    0x000000000000d7d2      0xaaa obj_adb_usb_rev1/common/action_macro.o
 .debug_info    0x000000000000e27c      0xa0c obj_adb_usb_rev1/common/action_layer.o
 .debug_info    0x000000000000ec88      0x649 obj_adb_usb_rev1/common/action_util.o
 .debug_info    0x000000000000f2d1       0xdf obj_adb_usb_rev1/common/print.o
 .debug_info    0x000000000000f3b0      0x130 obj_adb_usb_rev1/common/debug.o
 .debug_info    0x000000000000f4e0      0x2e9 obj_adb_usb_rev1/common/util.o
 .debug_info    0x000000000000f7c9      0x2e4 obj_adb_usb_rev1/common/hook.o
 .debug_info    0x000000000000faad      0x662 obj_adb_usb_rev1/common/avr/suspend.o
 .debug_info    0x000000000001010f      0x24a obj_adb_usb_rev1/common/avr/timer.o
 .debug_info    0x0000000000010359      0x3e1 obj_adb_usb_rev1/common/avr/bootloader.o
 .debug_info    0x000000000001073a      0x9b2 obj_adb_usb_rev1/common/unimap.o
 .debug_info    0x00000000000110ec      0x83e obj_adb_usb_rev1/common/mousekey.o
 .debug_info    0x000000000001192a     0x155b obj_adb_usb_rev1/common/command.o
 .debug_info    0x0000000000012e85       0x26 /usr/local/Cellar/avr-gcc/9.1.0/lib/avr-gcc/9/gcc/avr/9.1.0/avr5/libgcc.a(_divmodhi4.o)
 .debug_info    0x0000000000012eab       0x26 /usr/local/Cellar/avr-gcc/9.1.0/lib/avr-gcc/9/gcc/avr/9.1.0/avr5/libgcc.a(_exit.o)
 .debug_info    0x0000000000012ed1       0x26 /usr/local/Cellar/avr-gcc/9.1.0/lib/avr-gcc/9/gcc/avr/9.1.0/avr5/libgcc.a(_tablejump2.o)
 .debug_info    0x0000000000012ef7       0x26 /usr/local/Cellar/avr-gcc/9.1.0/lib/avr-gcc/9/gcc/avr/9.1.0/avr5/libgcc.a(_copy_data.o)
 .debug_info    0x0000000000012f1d       0x26 /usr/local/Cellar/avr-gcc/9.1.0/lib/avr-gcc/9/gcc/avr/9.1.0/avr5/libgcc.a(_clear_bss.o)
 .debug_info    0x0000000000012f43       0x26 /usr/local/Cellar/avr-gcc/9.1.0/lib/avr-gcc/9/gcc/avr/9.1.0/avr5/libgcc.a(_udivmodhi4.o)
 *(.gnu.linkonce.wi.*)

.debug_abbrev   0x0000000000000000     0x508b
 *(.debug_abbrev)
 .debug_abbrev  0x0000000000000000      0x96a /usr/local/Cellar/avr-gcc/9.1.0/lib/avr-gcc/9/gcc/avr/9.1.0/../../../../../../avr/lib/avr5/crtatmega32u4.o
 .debug_abbrev  0x000000000000096a       0xf4 obj_adb_usb_rev1/unimap_plain.o
 .debug_abbrev  0x0000000000000a5e      0x3c5 obj_adb_usb_rev1/matrix.o
 .debug_abbrev  0x0000000000000e23      0x323 obj_adb_usb_rev1/adb.o
 .debug_abbrev  0x0000000000001146      0x68a obj_adb_usb_rev1/protocol/lufa/lufa.o
 .debug_abbrev  0x00000000000017d0      0x1f6 obj_adb_usb_rev1/protocol/lufa/descriptor.o
 .debug_abbrev  0x00000000000019c6       0xcb obj_adb_usb_rev1/protocol/lufa/LUFA-git/LUFA/Drivers/USB/Core/AVR8/Device_AVR8.o
 .debug_abbrev  0x0000000000001a91      0x232 obj_adb_usb_rev1/protocol/lufa/LUFA-git/LUFA/Drivers/USB/Core/AVR8/EndpointStream_AVR8.o
 .debug_abbrev  0x0000000000001cc3      0x29d obj_adb_usb_rev1/protocol/lufa/LUFA-git/LUFA/Drivers/USB/Core/AVR8/Endpoint_AVR8.o
 .debug_abbrev  0x0000000000001f60      0x1f5 obj_adb_usb_rev1/protocol/lufa/LUFA-git/LUFA/Drivers/USB/Core/AVR8/USBController_AVR8.o
 .debug_abbrev  0x0000000000002155      0x2a5 obj_adb_usb_rev1/protocol/lufa/LUFA-git/LUFA/Drivers/USB/Core/AVR8/USBInterrupt_AVR8.o
 .debug_abbrev  0x00000000000023fa      0x33d obj_adb_usb_rev1/protocol/lufa/LUFA-git/LUFA/Drivers/USB/Core/DeviceStandardReq.o
 .debug_abbrev  0x0000000000002737      0x1aa obj_adb_usb_rev1/protocol/lufa/LUFA-git/LUFA/Drivers/USB/Core/USBTask.o
 .debug_abbrev  0x00000000000028e1      0x226 obj_adb_usb_rev1/common/host.o
 .debug_abbrev  0x0000000000002b07      0x215 obj_adb_usb_rev1/common/keyboard.o
 .debug_abbrev  0x0000000000002d1c      0x184 obj_adb_usb_rev1/common/matrix.o
 .debug_abbrev  0x0000000000002ea0      0x37d obj_adb_usb_rev1/common/action.o
 .debug_abbrev  0x000000000000321d      0x364 obj_adb_usb_rev1/common/action_tapping.o
 .debug_abbrev  0x0000000000003581      0x234 obj_adb_usb_rev1/common/action_macro.o
 .debug_abbrev  0x00000000000037b5      0x33e obj_adb_usb_rev1/common/action_layer.o
 .debug_abbrev  0x0000000000003af3      0x2ae obj_adb_usb_rev1/common/action_util.o
 .debug_abbrev  0x0000000000003da1       0x9f obj_adb_usb_rev1/common/print.o
 .debug_abbrev  0x0000000000003e40       0xbb obj_adb_usb_rev1/common/debug.o
 .debug_abbrev  0x0000000000003efb       0xec obj_adb_usb_rev1/common/util.o
 .debug_abbrev  0x0000000000003fe7      0x1bb obj_adb_usb_rev1/common/hook.o
 .debug_abbrev  0x00000000000041a2      0x2df obj_adb_usb_rev1/common/avr/suspend.o
 .debug_abbrev  0x0000000000004481      0x13d obj_adb_usb_rev1/common/avr/timer.o
 .debug_abbrev  0x00000000000045be      0x236 obj_adb_usb_rev1/common/avr/bootloader.o
 .debug_abbrev  0x00000000000047f4      0x254 obj_adb_usb_rev1/common/unimap.o
 .debug_abbrev  0x0000000000004a48      0x239 obj_adb_usb_rev1/common/mousekey.o
 .debug_abbrev  0x0000000000004c81      0x392 obj_adb_usb_rev1/common/command.o
 .debug_abbrev  0x0000000000005013       0x14 /usr/local/Cellar/avr-gcc/9.1.0/lib/avr-gcc/9/gcc/avr/9.1.0/avr5/libgcc.a(_divmodhi4.o)
 .debug_abbrev  0x0000000000005027       0x14 /usr/local/Cellar/avr-gcc/9.1.0/lib/avr-gcc/9/gcc/avr/9.1.0/avr5/libgcc.a(_exit.o)
 .debug_abbrev  0x000000000000503b       0x14 /usr/local/Cellar/avr-gcc/9.1.0/lib/avr-gcc/9/gcc/avr/9.1.0/avr5/libgcc.a(_tablejump2.o)
 .debug_abbrev  0x000000000000504f       0x14 /usr/local/Cellar/avr-gcc/9.1.0/lib/avr-gcc/9/gcc/avr/9.1.0/avr5/libgcc.a(_copy_data.o)
 .debug_abbrev  0x0000000000005063       0x14 /usr/local/Cellar/avr-gcc/9.1.0/lib/avr-gcc/9/gcc/avr/9.1.0/avr5/libgcc.a(_clear_bss.o)
 .debug_abbrev  0x0000000000005077       0x14 /usr/local/Cellar/avr-gcc/9.1.0/lib/avr-gcc/9/gcc/avr/9.1.0/avr5/libgcc.a(_udivmodhi4.o)

.debug_line     0x0000000000000000    0x11b9e
 *(.debug_line)
 .debug_line    0x0000000000000000       0x1d /usr/local/Cellar/avr-gcc/9.1.0/lib/avr-gcc/9/gcc/avr/9.1.0/../../../../../../avr/lib/avr5/crtatmega32u4.o
 .debug_line    0x000000000000001d       0xba obj_adb_usb_rev1/unimap_plain.o
 .debug_line    0x00000000000000d7     0x13fb obj_adb_usb_rev1/matrix.o
 .debug_line    0x00000000000014d2      0xa16 obj_adb_usb_rev1/adb.o
 .debug_line    0x0000000000001ee8     0x1be7 obj_adb_usb_rev1/protocol/lufa/lufa.o
 .debug_line    0x0000000000003acf      0x3a2 obj_adb_usb_rev1/protocol/lufa/descriptor.o
 .debug_line    0x0000000000003e71      0x297 obj_adb_usb_rev1/protocol/lufa/LUFA-git/LUFA/Drivers/USB/Core/AVR8/Device_AVR8.o
 .debug_line    0x0000000000004108     0x3458 obj_adb_usb_rev1/protocol/lufa/LUFA-git/LUFA/Drivers/USB/Core/AVR8/EndpointStream_AVR8.o
 .debug_line    0x0000000000007560      0xa4e obj_adb_usb_rev1/protocol/lufa/LUFA-git/LUFA/Drivers/USB/Core/AVR8/Endpoint_AVR8.o
 .debug_line    0x0000000000007fae      0x722 obj_adb_usb_rev1/protocol/lufa/LUFA-git/LUFA/Drivers/USB/Core/AVR8/USBController_AVR8.o
 .debug_line    0x00000000000086d0      0xdf6 obj_adb_usb_rev1/protocol/lufa/LUFA-git/LUFA/Drivers/USB/Core/AVR8/USBInterrupt_AVR8.o
 .debug_line    0x00000000000094c6      0xdb9 obj_adb_usb_rev1/protocol/lufa/LUFA-git/LUFA/Drivers/USB/Core/DeviceStandardReq.o
 .debug_line    0x000000000000a27f      0x2c1 obj_adb_usb_rev1/protocol/lufa/LUFA-git/LUFA/Drivers/USB/Core/USBTask.o
 .debug_line    0x000000000000a540      0x49c obj_adb_usb_rev1/common/host.o
 .debug_line    0x000000000000a9dc      0x3e7 obj_adb_usb_rev1/common/keyboard.o
 .debug_line    0x000000000000adc3      0x1dd obj_adb_usb_rev1/common/matrix.o
 .debug_line    0x000000000000afa0     0x1452 obj_adb_usb_rev1/common/action.o
 .debug_line    0x000000000000c3f2      0xc77 obj_adb_usb_rev1/common/action_tapping.o
 .debug_line    0x000000000000d069      0x4e1 obj_adb_usb_rev1/common/action_macro.o
 .debug_line    0x000000000000d54a      0x67a obj_adb_usb_rev1/common/action_layer.o
 .debug_line    0x000000000000dbc4      0x642 obj_adb_usb_rev1/common/action_util.o
 .debug_line    0x000000000000e206       0xc0 obj_adb_usb_rev1/common/print.o
 .debug_line    0x000000000000e2c6       0xa8 obj_adb_usb_rev1/common/debug.o
 .debug_line    0x000000000000e36e      0x654 obj_adb_usb_rev1/common/util.o
 .debug_line    0x000000000000e9c2      0x142 obj_adb_usb_rev1/common/hook.o
 .debug_line    0x000000000000eb04      0x44a obj_adb_usb_rev1/common/avr/suspend.o
 .debug_line    0x000000000000ef4e      0x38d obj_adb_usb_rev1/common/avr/timer.o
 .debug_line    0x000000000000f2db      0x38a obj_adb_usb_rev1/common/avr/bootloader.o
 .debug_line    0x000000000000f665      0x23c obj_adb_usb_rev1/common/unimap.o
 .debug_line    0x000000000000f8a1      0xf96 obj_adb_usb_rev1/common/mousekey.o
 .debug_line    0x0000000000010837      0xfdd obj_adb_usb_rev1/common/command.o
 .debug_line    0x0000000000011814       0xc7 /usr/local/Cellar/avr-gcc/9.1.0/lib/avr-gcc/9/gcc/avr/9.1.0/avr5/libgcc.a(_divmodhi4.o)
 .debug_line    0x00000000000118db       0x61 /usr/local/Cellar/avr-gcc/9.1.0/lib/avr-gcc/9/gcc/avr/9.1.0/avr5/libgcc.a(_exit.o)
 .debug_line    0x000000000001193c       0x79 /usr/local/Cellar/avr-gcc/9.1.0/lib/avr-gcc/9/gcc/avr/9.1.0/avr5/libgcc.a(_tablejump2.o)
 .debug_line    0x00000000000119b5       0x97 /usr/local/Cellar/avr-gcc/9.1.0/lib/avr-gcc/9/gcc/avr/9.1.0/avr5/libgcc.a(_copy_data.o)
 .debug_line    0x0000000000011a4c       0x85 /usr/local/Cellar/avr-gcc/9.1.0/lib/avr-gcc/9/gcc/avr/9.1.0/avr5/libgcc.a(_clear_bss.o)
 .debug_line    0x0000000000011ad1       0xcd /usr/local/Cellar/avr-gcc/9.1.0/lib/avr-gcc/9/gcc/avr/9.1.0/avr5/libgcc.a(_udivmodhi4.o)

.debug_frame    0x0000000000000000     0x1bd0
 *(.debug_frame)
 .debug_frame   0x0000000000000000      0x1e4 obj_adb_usb_rev1/matrix.o
 .debug_frame   0x00000000000001e4      0x1bc obj_adb_usb_rev1/adb.o
 .debug_frame   0x00000000000003a0      0x1c4 obj_adb_usb_rev1/protocol/lufa/lufa.o
 .debug_frame   0x0000000000000564       0x24 obj_adb_usb_rev1/protocol/lufa/descriptor.o
 .debug_frame   0x0000000000000588       0x24 obj_adb_usb_rev1/protocol/lufa/LUFA-git/LUFA/Drivers/USB/Core/AVR8/Device_AVR8.o
 .debug_frame   0x00000000000005ac      0x474 obj_adb_usb_rev1/protocol/lufa/LUFA-git/LUFA/Drivers/USB/Core/AVR8/EndpointStream_AVR8.o
 .debug_frame   0x0000000000000a20       0x7c obj_adb_usb_rev1/protocol/lufa/LUFA-git/LUFA/Drivers/USB/Core/AVR8/Endpoint_AVR8.o
 .debug_frame   0x0000000000000a9c       0x5c obj_adb_usb_rev1/protocol/lufa/LUFA-git/LUFA/Drivers/USB/Core/AVR8/USBController_AVR8.o
 .debug_frame   0x0000000000000af8      0x108 obj_adb_usb_rev1/protocol/lufa/LUFA-git/LUFA/Drivers/USB/Core/AVR8/USBInterrupt_AVR8.o
 .debug_frame   0x0000000000000c00       0x3c obj_adb_usb_rev1/protocol/lufa/LUFA-git/LUFA/Drivers/USB/Core/DeviceStandardReq.o
 .debug_frame   0x0000000000000c3c       0x2c obj_adb_usb_rev1/protocol/lufa/LUFA-git/LUFA/Drivers/USB/Core/USBTask.o
 .debug_frame   0x0000000000000c68      0x110 obj_adb_usb_rev1/common/host.o
 .debug_frame   0x0000000000000d78       0x9c obj_adb_usb_rev1/common/keyboard.o
 .debug_frame   0x0000000000000e14       0xdc obj_adb_usb_rev1/common/matrix.o
 .debug_frame   0x0000000000000ef0      0x188 obj_adb_usb_rev1/common/action.o
 .debug_frame   0x0000000000001078       0xec obj_adb_usb_rev1/common/action_tapping.o
 .debug_frame   0x0000000000001164       0x50 obj_adb_usb_rev1/common/action_macro.o
 .debug_frame   0x00000000000011b4      0x26c obj_adb_usb_rev1/common/action_layer.o
 .debug_frame   0x0000000000001420      0x144 obj_adb_usb_rev1/common/action_util.o
 .debug_frame   0x0000000000001564       0x24 obj_adb_usb_rev1/common/print.o
 .debug_frame   0x0000000000001588       0xdc obj_adb_usb_rev1/common/util.o
 .debug_frame   0x0000000000001664       0x98 obj_adb_usb_rev1/common/hook.o
 .debug_frame   0x00000000000016fc       0x80 obj_adb_usb_rev1/common/avr/suspend.o
 .debug_frame   0x000000000000177c       0xe4 obj_adb_usb_rev1/common/avr/timer.o
 .debug_frame   0x0000000000001860       0x34 obj_adb_usb_rev1/common/avr/bootloader.o
 .debug_frame   0x0000000000001894       0x60 obj_adb_usb_rev1/common/unimap.o
 .debug_frame   0x00000000000018f4       0xf4 obj_adb_usb_rev1/common/mousekey.o
 .debug_frame   0x00000000000019e8      0x1e8 obj_adb_usb_rev1/common/command.o

.debug_str      0x0000000000000000     0x48a7
 *(.debug_str)
 .debug_str     0x0000000000000000      0x371 /usr/local/Cellar/avr-gcc/9.1.0/lib/avr-gcc/9/gcc/avr/9.1.0/../../../../../../avr/lib/avr5/crtatmega32u4.o
 .debug_str     0x0000000000000371     0x1190 obj_adb_usb_rev1/unimap_plain.o
                                       0x120c (size before relaxing)
 .debug_str     0x0000000000001501      0x2ac obj_adb_usb_rev1/matrix.o
                                        0x498 (size before relaxing)
 .debug_str     0x00000000000017ad       0x94 obj_adb_usb_rev1/adb.o
                                        0x324 (size before relaxing)
 .debug_str     0x0000000000001841      0x97e obj_adb_usb_rev1/protocol/lufa/lufa.o
                                        0xc8a (size before relaxing)
 .debug_str     0x00000000000021bf      0x7a4 obj_adb_usb_rev1/protocol/lufa/descriptor.o
                                        0xaa3 (size before relaxing)
 .debug_str     0x0000000000002963       0x7b obj_adb_usb_rev1/protocol/lufa/LUFA-git/LUFA/Drivers/USB/Core/AVR8/Device_AVR8.o
                                        0x309 (size before relaxing)
 .debug_str     0x00000000000029de      0x4e4 obj_adb_usb_rev1/protocol/lufa/LUFA-git/LUFA/Drivers/USB/Core/AVR8/EndpointStream_AVR8.o
                                        0x8fd (size before relaxing)
 .debug_str     0x0000000000002ec2      0x223 obj_adb_usb_rev1/protocol/lufa/LUFA-git/LUFA/Drivers/USB/Core/AVR8/Endpoint_AVR8.o
                                        0x6bd (size before relaxing)
 .debug_str     0x00000000000030e5      0x19e obj_adb_usb_rev1/protocol/lufa/LUFA-git/LUFA/Drivers/USB/Core/AVR8/USBController_AVR8.o
                                        0x5e1 (size before relaxing)
 .debug_str     0x0000000000003283      0x129 obj_adb_usb_rev1/protocol/lufa/LUFA-git/LUFA/Drivers/USB/Core/AVR8/USBInterrupt_AVR8.o
                                        0x6b1 (size before relaxing)
 .debug_str     0x00000000000033ac      0x417 obj_adb_usb_rev1/protocol/lufa/LUFA-git/LUFA/Drivers/USB/Core/DeviceStandardReq.o
                                        0xa11 (size before relaxing)
 .debug_str     0x00000000000037c3       0x6e obj_adb_usb_rev1/protocol/lufa/LUFA-git/LUFA/Drivers/USB/Core/USBTask.o
                                        0x410 (size before relaxing)
 .debug_str     0x0000000000003831       0x96 obj_adb_usb_rev1/common/host.o
                                        0x3a6 (size before relaxing)
 .debug_str     0x00000000000038c7      0x175 obj_adb_usb_rev1/common/keyboard.o
                                        0x471 (size before relaxing)
 .debug_str     0x0000000000003a3c       0x66 obj_adb_usb_rev1/common/matrix.o
                                        0x23f (size before relaxing)
 .debug_str     0x0000000000003aa2      0x707 obj_adb_usb_rev1/common/action.o
                                       0x14fb (size before relaxing)
 .debug_str     0x00000000000041a9       0xec obj_adb_usb_rev1/common/action_tapping.o
                                        0xdd6 (size before relaxing)
 .debug_str     0x0000000000004295       0x99 obj_adb_usb_rev1/common/action_macro.o
                                        0xba3 (size before relaxing)
 .debug_str     0x000000000000432e       0xb5 obj_adb_usb_rev1/common/action_layer.o
                                        0x4c7 (size before relaxing)
 .debug_str     0x00000000000043e3       0x8f obj_adb_usb_rev1/common/action_util.o
                                        0x3bb (size before relaxing)
 .debug_str     0x0000000000004472       0x2c obj_adb_usb_rev1/common/print.o
                                        0x1de (size before relaxing)
 .debug_str     0x000000000000449e       0x1e obj_adb_usb_rev1/common/debug.o
                                        0x1fe (size before relaxing)
 .debug_str     0x00000000000044bc       0x5e obj_adb_usb_rev1/common/util.o
                                        0x20a (size before relaxing)
 .debug_str     0x000000000000451a       0x2c obj_adb_usb_rev1/common/hook.o
                                        0x2ff (size before relaxing)
 .debug_str     0x0000000000004546       0x4e obj_adb_usb_rev1/common/avr/suspend.o
                                        0x538 (size before relaxing)
 .debug_str     0x0000000000004594       0x54 obj_adb_usb_rev1/common/avr/timer.o
                                        0x231 (size before relaxing)
 .debug_str     0x00000000000045e8       0x77 obj_adb_usb_rev1/common/avr/bootloader.o
                                        0x39b (size before relaxing)
 .debug_str     0x000000000000465f       0x3b obj_adb_usb_rev1/common/unimap.o
                                        0x997 (size before relaxing)
 .debug_str     0x000000000000469a       0x6f obj_adb_usb_rev1/common/mousekey.o
                                        0x6c4 (size before relaxing)
 .debug_str     0x0000000000004709      0x11d obj_adb_usb_rev1/common/command.o
                                        0xcb8 (size before relaxing)
 .debug_str     0x0000000000004826       0x81 /usr/local/Cellar/avr-gcc/9.1.0/lib/avr-gcc/9/gcc/avr/9.1.0/avr5/libgcc.a(_divmodhi4.o)
 .debug_str     0x00000000000048a7       0x81 /usr/local/Cellar/avr-gcc/9.1.0/lib/avr-gcc/9/gcc/avr/9.1.0/avr5/libgcc.a(_exit.o)
 .debug_str     0x00000000000048a7       0x81 /usr/local/Cellar/avr-gcc/9.1.0/lib/avr-gcc/9/gcc/avr/9.1.0/avr5/libgcc.a(_tablejump2.o)
 .debug_str     0x00000000000048a7       0x81 /usr/local/Cellar/avr-gcc/9.1.0/lib/avr-gcc/9/gcc/avr/9.1.0/avr5/libgcc.a(_copy_data.o)
 .debug_str     0x00000000000048a7       0x81 /usr/local/Cellar/avr-gcc/9.1.0/lib/avr-gcc/9/gcc/avr/9.1.0/avr5/libgcc.a(_clear_bss.o)
 .debug_str     0x00000000000048a7       0x81 /usr/local/Cellar/avr-gcc/9.1.0/lib/avr-gcc/9/gcc/avr/9.1.0/avr5/libgcc.a(_udivmodhi4.o)

.debug_loc      0x0000000000000000     0x9c20
 *(.debug_loc)
 .debug_loc     0x0000000000000000      0xb84 obj_adb_usb_rev1/matrix.o
 .debug_loc     0x0000000000000b84      0xa5d obj_adb_usb_rev1/adb.o
 .debug_loc     0x00000000000015e1      0x839 obj_adb_usb_rev1/protocol/lufa/lufa.o
 .debug_loc     0x0000000000001e1a      0x386 obj_adb_usb_rev1/protocol/lufa/descriptor.o
 .debug_loc     0x00000000000021a0     0x2718 obj_adb_usb_rev1/protocol/lufa/LUFA-git/LUFA/Drivers/USB/Core/AVR8/EndpointStream_AVR8.o
 .debug_loc     0x00000000000048b8      0x4a0 obj_adb_usb_rev1/protocol/lufa/LUFA-git/LUFA/Drivers/USB/Core/AVR8/Endpoint_AVR8.o
 .debug_loc     0x0000000000004d58       0xf9 obj_adb_usb_rev1/protocol/lufa/LUFA-git/LUFA/Drivers/USB/Core/AVR8/USBController_AVR8.o
 .debug_loc     0x0000000000004e51      0x492 obj_adb_usb_rev1/protocol/lufa/LUFA-git/LUFA/Drivers/USB/Core/AVR8/USBInterrupt_AVR8.o
 .debug_loc     0x00000000000052e3      0x363 obj_adb_usb_rev1/protocol/lufa/LUFA-git/LUFA/Drivers/USB/Core/DeviceStandardReq.o
 .debug_loc     0x0000000000005646       0x62 obj_adb_usb_rev1/protocol/lufa/LUFA-git/LUFA/Drivers/USB/Core/USBTask.o
 .debug_loc     0x00000000000056a8      0x2c7 obj_adb_usb_rev1/common/host.o
 .debug_loc     0x000000000000596f      0x194 obj_adb_usb_rev1/common/keyboard.o
 .debug_loc     0x0000000000005b03      0x151 obj_adb_usb_rev1/common/matrix.o
 .debug_loc     0x0000000000005c54      0xe5d obj_adb_usb_rev1/common/action.o
 .debug_loc     0x0000000000006ab1      0x6d8 obj_adb_usb_rev1/common/action_tapping.o
 .debug_loc     0x0000000000007189      0x6ae obj_adb_usb_rev1/common/action_macro.o
 .debug_loc     0x0000000000007837      0x89a obj_adb_usb_rev1/common/action_layer.o
 .debug_loc     0x00000000000080d1      0x1cc obj_adb_usb_rev1/common/action_util.o
 .debug_loc     0x000000000000829d      0x51f obj_adb_usb_rev1/common/util.o
 .debug_loc     0x00000000000087bc       0x97 obj_adb_usb_rev1/common/hook.o
 .debug_loc     0x0000000000008853       0xc9 obj_adb_usb_rev1/common/avr/suspend.o